Component: ARM Compiler 5.06 update 5 (build 528) Tool: armlink [4d35e2]

==============================================================================

Section Cross References

    system_stm32f4xx.o(i.SystemCoreClockUpdate) refers to system_stm32f4xx.o(.data) for SystemCoreClock
    system_stm32f4xx.o(i.SystemInit) refers to system_stm32f4xx.o(i.SetSysClock) for SetSysClock
    led.o(i.LED_Init) refers to stm32f4xx_rcc.o(i.RCC_AHB1PeriphClockCmd) for RCC_AHB1PeriphClockCmd
    led.o(i.LED_Init) refers to stm32f4xx_gpio.o(i.GPIO_Init) for GPIO_Init
    led.o(i.LED_Init) refers to stm32f4xx_gpio.o(i.GPIO_SetBits) for GPIO_SetBits
    main.o(i.main) refers to misc.o(i.NVIC_PriorityGroupConfig) for NVIC_PriorityGroupConfig
    main.o(i.main) refers to delay.o(i.delay_init) for delay_init
    main.o(i.main) refers to main.o(i.prvHardware_Init) for prvHardware_Init
    main.o(i.main) refers to queue.o(i.xQueueCreateMutex) for xQueueCreateMutex
    main.o(i.main) refers to queue.o(i.xQueueGenericCreate) for xQueueGenericCreate
    main.o(i.main) refers to esp8266.o(i.AT_SendCmd) for AT_SendCmd
    main.o(i.main) refers to tasks.o(i.xTaskCreate) for xTaskCreate
    main.o(i.main) refers to tasks.o(i.vTaskStartScheduler) for vTaskStartScheduler
    main.o(i.main) refers to main.o(.data) for Uart4_RingBuffer_mutex
    main.o(i.main) refers to test_task.o(i.start_task) for start_task
    main.o(i.prvHardware_Init) refers to led.o(i.LED_Init) for LED_Init
    main.o(i.prvHardware_Init) refers to usart.o(i.uart_init) for uart_init
    main.o(i.prvHardware_Init) refers to gpio.o(i.KEY_Init) for KEY_Init
    main.o(i.prvHardware_Init) refers to usart2.o(i.USART2_Init) for USART2_Init
    main.o(i.prvHardware_Init) refers to usart2.o(i.UART4_Init) for UART4_Init
    main.o(i.prvHardware_Init) refers to ringbuffer.o(i.RingBuffer_Init) for RingBuffer_Init
    main.o(i.prvHardware_Init) refers to oled.o(i.OLED_Init) for OLED_Init
    main.o(i.prvHardware_Init) refers to main.o(.bss) for Public_buffer
    usart2.o(i.UART4_IRQHandler) refers to stm32f4xx_usart.o(i.USART_GetITStatus) for USART_GetITStatus
    usart2.o(i.UART4_IRQHandler) refers to stm32f4xx_usart.o(i.USART_ReceiveData) for USART_ReceiveData
    usart2.o(i.UART4_IRQHandler) refers to ringbuffer.o(i.RingBuffer_WriteByte) for RingBuffer_WriteByte
    usart2.o(i.UART4_IRQHandler) refers to queue.o(i.xQueueGiveFromISR) for xQueueGiveFromISR
    usart2.o(i.UART4_IRQHandler) refers to usart2.o(.data) for xHigherPriorityTaskWoken
    usart2.o(i.UART4_IRQHandler) refers to main.o(.bss) for test_RingBuffer
    usart2.o(i.UART4_IRQHandler) refers to main.o(.data) for Esp8266_ParseHandler
    usart2.o(i.UART4_Init) refers to stm32f4xx_rcc.o(i.RCC_AHB1PeriphClockCmd) for RCC_AHB1PeriphClockCmd
    usart2.o(i.UART4_Init) refers to stm32f4xx_rcc.o(i.RCC_APB1PeriphClockCmd) for RCC_APB1PeriphClockCmd
    usart2.o(i.UART4_Init) refers to stm32f4xx_gpio.o(i.GPIO_PinAFConfig) for GPIO_PinAFConfig
    usart2.o(i.UART4_Init) refers to stm32f4xx_gpio.o(i.GPIO_Init) for GPIO_Init
    usart2.o(i.UART4_Init) refers to stm32f4xx_usart.o(i.USART_Init) for USART_Init
    usart2.o(i.UART4_Init) refers to stm32f4xx_usart.o(i.USART_Cmd) for USART_Cmd
    usart2.o(i.UART4_Init) refers to stm32f4xx_usart.o(i.USART_ITConfig) for USART_ITConfig
    usart2.o(i.UART4_Init) refers to misc.o(i.NVIC_Init) for NVIC_Init
    usart2.o(i.USART2_IRQHandler) refers to stm32f4xx_usart.o(i.USART_GetITStatus) for USART_GetITStatus
    usart2.o(i.USART2_IRQHandler) refers to stm32f4xx_usart.o(i.USART_ReceiveData) for USART_ReceiveData
    usart2.o(i.USART2_IRQHandler) refers to ringbuffer.o(i.RingBuffer_WriteByte) for RingBuffer_WriteByte
    usart2.o(i.USART2_IRQHandler) refers to main.o(.bss) for test_RingBuffer
    usart2.o(i.USART2_Init) refers to stm32f4xx_rcc.o(i.RCC_AHB1PeriphClockCmd) for RCC_AHB1PeriphClockCmd
    usart2.o(i.USART2_Init) refers to stm32f4xx_rcc.o(i.RCC_APB1PeriphClockCmd) for RCC_APB1PeriphClockCmd
    usart2.o(i.USART2_Init) refers to stm32f4xx_gpio.o(i.GPIO_PinAFConfig) for GPIO_PinAFConfig
    usart2.o(i.USART2_Init) refers to stm32f4xx_gpio.o(i.GPIO_Init) for GPIO_Init
    usart2.o(i.USART2_Init) refers to stm32f4xx_usart.o(i.USART_Init) for USART_Init
    usart2.o(i.USART2_Init) refers to stm32f4xx_usart.o(i.USART_Cmd) for USART_Cmd
    usart2.o(i.USART2_Init) refers to stm32f4xx_usart.o(i.USART_ITConfig) for USART_ITConfig
    usart2.o(i.USART2_Init) refers to misc.o(i.NVIC_Init) for NVIC_Init
    usart2.o(i.Usart_SendByte) refers to stm32f4xx_usart.o(i.USART_SendData) for USART_SendData
    usart2.o(i.Usart_SendByte) refers to stm32f4xx_usart.o(i.USART_GetFlagStatus) for USART_GetFlagStatus
    usart2.o(i.Usart_SendString) refers to usart2.o(i.Usart_SendByte) for Usart_SendByte
    gpio.o(i.KEY_Init) refers to stm32f4xx_rcc.o(i.RCC_AHB1PeriphClockCmd) for RCC_AHB1PeriphClockCmd
    gpio.o(i.KEY_Init) refers to stm32f4xx_gpio.o(i.GPIO_Init) for GPIO_Init
[...]
    ..\FWLIB\src\stm32f4xx_rcc.c             0x00000000   Number         0  stm32f4xx_rcc.o ABSOLUTE
    ..\FWLIB\src\stm32f4xx_sdio.c            0x00000000   Number         0  stm32f4xx_sdio.o ABSOLUTE
    ..\FWLIB\src\stm32f4xx_spi.c             0x00000000   Number         0  stm32f4xx_spi.o ABSOLUTE
    ..\FWLIB\src\stm32f4xx_syscfg.c          0x00000000   Number         0  stm32f4xx_syscfg.o ABSOLUTE
    ..\FWLIB\src\stm32f4xx_tim.c             0x00000000   Number         0  stm32f4xx_tim.o ABSOLUTE
    ..\FWLIB\src\stm32f4xx_usart.c           0x00000000   Number         0  stm32f4xx_usart.o ABSOLUTE
    ..\FreeRTOS\croutine.c                   0x00000000   Number         0  croutine.o ABSOLUTE
    ..\FreeRTOS\event_groups.c               0x00000000   Number         0  event_groups.o ABSOLUTE
    ..\FreeRTOS\list.c                       0x00000000   Number         0  list.o ABSOLUTE
    ..\FreeRTOS\portable\MemMang\heap_4.c    0x00000000   Number         0  heap_4.o ABSOLUTE
    ..\FreeRTOS\portable\RVDS\ARM_CM4F\port.c 0x00000000   Number         0  port.o ABSOLUTE
    ..\FreeRTOS\queue.c                      0x00000000   Number         0  queue.o ABSOLUTE
    ..\FreeRTOS\tasks.c                      0x00000000   Number         0  tasks.o ABSOLUTE
    ..\FreeRTOS\timers.c                     0x00000000   Number         0  timers.o ABSOLUTE
    ..\HARDWARE\DHT11\dht11.c                0x00000000   Number         0  dht11.o ABSOLUTE
    ..\HARDWARE\ESP8266\esp8266.c            0x00000000   Number         0  esp8266.o ABSOLUTE
    ..\HARDWARE\GPIO\gpio.c                  0x00000000   Number         0  gpio.o ABSOLUTE
    ..\HARDWARE\LED\led.c                    0x00000000   Number         0  led.o ABSOLUTE
    ..\HARDWARE\OLED\oled.c                  0x00000000   Number         0  oled.o ABSOLUTE
    ..\HARDWARE\RingBuffer\ringbuffer.c      0x00000000   Number         0  ringbuffer.o ABSOLUTE
    ..\HARDWARE\USART2\usart2.c              0x00000000   Number         0  usart2.o ABSOLUTE
    ..\MQTTClient\common\mqtt_list.c         0x00000000   Number         0  mqtt_list.o ABSOLUTE
    ..\MQTTClient\common\random.c            0x00000000   Number         0  random.o ABSOLUTE
    ..\MQTTClient\mqtt\MQTTConnectClient.c   0x00000000   Number         0  mqttconnectclient.o ABSOLUTE
    ..\MQTTClient\mqtt\MQTTConnectServer.c   0x00000000   Number         0  mqttconnectserver.o ABSOLUTE
    ..\MQTTClient\mqtt\MQTTDeserializePublish.c 0x00000000   Number         0  mqttdeserializepublish.o ABSOLUTE
    ..\MQTTClient\mqtt\MQTTFormat.c          0x00000000   Number         0  mqttformat.o ABSOLUTE
    ..\MQTTClient\mqtt\MQTTPacket.c          0x00000000   Number         0  mqttpacket.o ABSOLUTE
    ..\MQTTClient\mqtt\MQTTSerializePublish.c 0x00000000   Number         0  mqttserializepublish.o ABSOLUTE
    ..\MQTTClient\mqtt\MQTTSubscribeClient.c 0x00000000   Number         0  mqttsubscribeclient.o ABSOLUTE
    ..\MQTTClient\mqtt\MQTTSubscribeServer.c 0x00000000   Number         0  mqttsubscribeserver.o ABSOLUTE
    ..\MQTTClient\mqtt\MQTTUnsubscribeClient.c 0x00000000   Number         0  mqttunsubscribeclient.o ABSOLUTE
    ..\MQTTClient\mqtt\MQTTUnsubscribeServer.c 0x00000000   Number         0  mqttunsubscribeserver.o ABSOLUTE
    ..\MQTTClient\mqttclient\mqttclient.c    0x00000000   Number         0  mqttclient.o ABSOLUTE
    ..\MQTTClient\network\nettype_tcp.c      0x00000000   Number         0  nettype_tcp.o ABSOLUTE
    ..\MQTTClient\network\network.c          0x00000000   Number         0  network.o ABSOLUTE
    ..\MQTTClient\platform\FreeRTOS\platform_memory.c 0x00000000   Number         0  platform_memory.o ABSOLUTE
    ..\MQTTClient\platform\FreeRTOS\platform_mutex.c 0x00000000   Number         0  platform_mutex.o ABSOLUTE
    ..\MQTTClient\platform\FreeRTOS\platform_net_socket.c 0x00000000   Number         0  platform_net_socket.o ABSOLUTE
    ..\MQTTClient\platform\FreeRTOS\platform_thread.c 0x00000000   Number         0  platform_thread.o ABSOLUTE
    ..\MQTTClient\platform\FreeRTOS\platform_timer.c 0x00000000   Number         0  platform_timer.o ABSOLUTE
    ..\SYSTEM\delay\delay.c                  0x00000000   Number         0  delay.o ABSOLUTE
    ..\SYSTEM\sys\sys.c                      0x00000000   Number         0  sys.o ABSOLUTE
    ..\SYSTEM\usart\usart.c                  0x00000000   Number         0  usart.o ABSOLUTE
    ..\TASK\data_handle.c                    0x00000000   Number         0  data_handle.o ABSOLUTE
    ..\TASK\queue_receive.c                  0x00000000   Number         0  queue_receive.o ABSOLUTE
    ..\TASK\queue_send.c                     0x00000000   Number         0  queue_send.o ABSOLUTE
    ..\TASK\test_task.c                      0x00000000   Number         0  test_task.o ABSOLUTE
    ..\\FWLIB\\src\\misc.c                   0x00000000   Number         0  misc.o ABSOLUTE
    ..\\FWLIB\\src\\stm32f4xx_adc.c          0x00000000   Number         0  stm32f4xx_adc.o ABSOLUTE
    ..\\FWLIB\\src\\stm32f4xx_can.c          0x00000000   Number         0  stm32f4xx_can.o ABSOLUTE
    ..\\FWLIB\\src\\stm32f4xx_dac.c          0x00000000   Number         0  stm32f4xx_dac.o ABSOLUTE
    ..\\FWLIB\\src\\stm32f4xx_flash.c        0x00000000   Number         0  stm32f4xx_flash.o ABSOLUTE
    ..\\FWLIB\\src\\stm32f4xx_gpio.c         0x00000000   Number         0  stm32f4xx_gpio.o ABSOLUTE
    ..\\FWLIB\\src\\stm32f4xx_i2c.c          0x00000000   Number         0  stm32f4xx_i2c.o ABSOLUTE
    ..\\FWLIB\\src\\stm32f4xx_rcc.c          0x00000000   Number         0  stm32f4xx_rcc.o ABSOLUTE
    ..\\FWLIB\\src\\stm32f4xx_sdio.c         0x00000000   Number         0  stm32f4xx_sdio.o ABSOLUTE
    ..\\FWLIB\\src\\stm32f4xx_spi.c          0x00000000   Number         0  stm32f4xx_spi.o ABSOLUTE
    ..\\FWLIB\\src\\stm32f4xx_syscfg.c       0x00000000   Number         0  stm32f4xx_syscfg.o ABSOLUTE
    ..\\FWLIB\\src\\stm32f4xx_tim.c          0x00000000   Number         0  stm32f4xx_tim.o ABSOLUTE
    ..\\FWLIB\\src\\stm32f4xx_usart.c        0x00000000   Number         0  stm32f4xx_usart.o ABSOLUTE
    ..\\FreeRTOS\\croutine.c                 0x00000000   Number         0  croutine.o ABSOLUTE
    ..\\FreeRTOS\\event_groups.c             0x00000000   Number         0  event_groups.o ABSOLUTE
    ..\\FreeRTOS\\list.c                     0x00000000   Number         0  list.o ABSOLUTE
    ..\\FreeRTOS\\portable\\MemMang\\heap_4.c 0x00000000   Number         0  heap_4.o ABSOLUTE
    ..\\FreeRTOS\\portable\\RVDS\\ARM_CM4F\\port.c 0x00000000   Number         0  port.o ABSOLUTE
    ..\\FreeRTOS\\queue.c                    0x00000000   Number         0  queue.o ABSOLUTE
    ..\\FreeRTOS\\tasks.c                    0x00000000   Number         0  tasks.o ABSOLUTE
    ..\\FreeRTOS\\timers.c                   0x00000000   Number         0  timers.o ABSOLUTE
    ..\\HARDWARE\\DHT11\\dht11.c             0x00000000   Number         0  dht11.o ABSOLUTE
    ..\\HARDWARE\\ESP8266\\esp8266.c         0x00000000   Number         0  esp8266.o ABSOLUTE
    ..\\HARDWARE\\GPIO\\gpio.c               0x00000000   Number         0  gpio.o ABSOLUTE
    ..\\HARDWARE\\LED\\led.c                 0x00000000   Number         0  led.o ABSOLUTE
    ..\\HARDWARE\\OLED\\oled.c               0x00000000   Number         0  oled.o ABSOLUTE
    ..\\HARDWARE\\RingBuffer\\ringbuffer.c   0x00000000   Number         0  ringbuffer.o ABSOLUTE
    ..\\HARDWARE\\USART2\\usart2.c           0x00000000   Number         0  usart2.o ABSOLUTE
    ..\\MQTTClient\\common\\random.c         0x00000000   Number         0  random.o ABSOLUTE
    ..\\MQTTClient\\mqttclient\\mqttclient.c 0x00000000   Number         0  mqttclient.o ABSOLUTE
    ..\\MQTTClient\\network\\network.c       0x00000000   Number         0  network.o ABSOLUTE
    ..\\MQTTClient\\platform\\FreeRTOS\\platform_memory.c 0x00000000   Number         0  platform_memory.o ABSOLUTE
    ..\\MQTTClient\\platform\\FreeRTOS\\platform_mutex.c 0x00000000   Number         0  platform_mutex.o ABSOLUTE
    ..\\MQTTClient\\platform\\FreeRTOS\\platform_thread.c 0x00000000   Number         0  platform_thread.o ABSOLUTE
    ..\\MQTTClient\\platform\\FreeRTOS\\platform_timer.c 0x00000000   Number         0  platform_timer.o ABSOLUTE
    ..\\SYSTEM\\delay\\delay.c               0x00000000   Number         0  delay.o ABSOLUTE
    ..\\SYSTEM\\sys\\sys.c                   0x00000000   Number         0  sys.o ABSOLUTE
    ..\\SYSTEM\\usart\\usart.c               0x00000000   Number         0  usart.o ABSOLUTE
    ..\\TASK\\data_handle.c                  0x00000000   Number         0  data_handle.o ABSOLUTE
    ..\\TASK\\queue_receive.c                0x00000000   Number         0  queue_receive.o ABSOLUTE
    ..\\TASK\\queue_send.c                   0x00000000   Number         0  queue_send.o ABSOLUTE
    ..\\TASK\\test_task.c                    0x00000000   Number         0  test_task.o ABSOLUTE
    cdrcmple.s                               0x00000000   Number         0  cdrcmple.o ABSOLUTE
    dc.s                                     0x00000000   Number         0  dc.o ABSOLUTE
    handlers.s                               0x00000000   Number         0  handlers.o ABSOLUTE
    init.s                                   0x00000000   Number         0  init.o ABSOLUTE
    main.c                                   0x00000000   Number         0  main.o ABSOLUTE
    main.c                                   0x00000000   Number         0  main.o ABSOLUTE
    stm32f4xx_it.c                           0x00000000   Number         0  stm32f4xx_it.o ABSOLUTE
    stm32f4xx_it.c                           0x00000000   Number         0  stm32f4xx_it.o ABSOLUTE
    system_stm32f4xx.c                       0x00000000   Number         0  system_stm32f4xx.o ABSOLUTE
    system_stm32f4xx.c                       0x00000000   Number         0  system_stm32f4xx.o ABSOLUTE
    RESET                                    0x08000000   Section      392  startup_stm32f40_41xxx.o(RESET)
    .ARM.Collect$$$$00000000                 0x08000188   Section        0  entry.o(.ARM.Collect$$$$00000000)
    .ARM.Collect$$$$00000001                 0x08000188   Section        4  entry2.o(.ARM.Collect$$$$00000001)
    .ARM.Collect$$$$00000004                 0x0800018c   Section        4  entry5.o(.ARM.Collect$$$$00000004)
    .ARM.Collect$$$$00000008                 0x08000190   Section        0  entry7b.o(.ARM.Collect$$$$00000008)
    .ARM.Collect$$$$0000000A                 0x08000190   Section        0  entry8b.o(.ARM.Collect$$$$0000000A)
    .ARM.Collect$$$$0000000B                 0x08000190   Section        8  entry9a.o(.ARM.Collect$$$$0000000B)
    .ARM.Collect$$$$0000000D                 0x08000198   Section        0  entry10a.o(.ARM.Collect$$$$0000000D)
    .ARM.Collect$$$$0000000F                 0x08000198   Section        0  entry11a.o(.ARM.Collect$$$$0000000F)
    .ARM.Collect$$$$00002712                 0x08000198   Section        4  entry2.o(.ARM.Collect$$$$00002712)
    __lit__00000000                          0x08000198   Data           4  entry2.o(.ARM.Collect$$$$00002712)
    .emb_text                                0x0800019c   Section      182  port.o(.emb_text)
    $v0                                      0x0800019c   Number         0  port.o(.emb_text)
    .text                                    0x08000254   Section       36  startup_stm32f40_41xxx.o(.text)
    $v0                                      0x08000254   Number         0  startup_stm32f40_41xxx.o(.text)
    .text                                    0x08000278   Section        0  memcpya.o(.text)
    .text                                    0x0800029c   Section        0  memseta.o(.text)
    .text                                    0x080002c0   Section        0  strlen.o(.text)
    .text                                    0x080002ce   Section        0  f2d.o(.text)
    .text                                    0x080002f4   Section        0  uidiv.o(.text)
    .text                                    0x08000320   Section        0  uldiv.o(.text)
    .text                                    0x08000382   Section        0  iusefp.o(.text)
    .text                                    0x08000382   Section        0  dadd.o(.text)
    .text                                    0x080004d0   Section        0  dmul.o(.text)
    .text                                    0x080005b4   Section        0  ddiv.o(.text)
    .text                                    0x08000692   Section        0  dfixul.o(.text)
    .text                                    0x080006c4   Section       48  cdrcmple.o(.text)
    .text                                    0x080006f4   Section       36  init.o(.text)
    .text                                    0x08000718   Section        0  llshl.o(.text)
    .text                                    0x08000736   Section        0  llushr.o(.text)
    .text                                    0x08000756   Section        0  llsshr.o(.text)
    .text                                    0x0800077a   Section        0  depilogue.o(.text)
    i.AT_SendCmd                             0x08000834   Section        0  esp8266.o(i.AT_SendCmd)
    i.BusFault_Handler                       0x08000858   Section        0  stm32f4xx_it.o(i.BusFault_Handler)
    i.DebugMon_Handler                       0x0800085c   Section        0  stm32f4xx_it.o(i.DebugMon_Handler)
    i.GPIO_Init                              0x0800085e   Section        0  stm32f4xx_gpio.o(i.GPIO_Init)
    i.GPIO_PinAFConfig                       0x080008ee   Section        0  stm32f4xx_gpio.o(i.GPIO_PinAFConfig)
    i.GPIO_ResetBits                         0x08000934   Section        0  stm32f4xx_gpio.o(i.GPIO_ResetBits)
    i.GPIO_SetBits                           0x08000938   Section        0  stm32f4xx_gpio.o(i.GPIO_SetBits)
    i.GPIO_ToggleBits                        0x0800093c   Section        0  stm32f4xx_gpio.o(i.GPIO_ToggleBits)
    i.HardFault_Handler                      0x08000944   Section        0  stm32f4xx_it.o(i.HardFault_Handler)
    i.I2C_Cmd                                0x08000948   Section        0  stm32f4xx_i2c.o(i.I2C_Cmd)
    i.I2C_Init                               0x08000960   Section        0  stm32f4xx_i2c.o(i.I2C_Init)
    i.KEY_Init                               0x08000a48   Section        0  gpio.o(i.KEY_Init)
    i.LED_Init                               0x08000a7c   Section        0  led.o(i.LED_Init)
    i.MemManage_Handler                      0x08000abc   Section        0  stm32f4xx_it.o(i.MemManage_Handler)
    i.NMI_Handler                            0x08000ac0   Section        0  stm32f4xx_it.o(i.NMI_Handler)
    i.NVIC_Init                              0x08000ac4   Section        0  misc.o(i.NVIC_Init)
    i.NVIC_PriorityGroupConfig               0x08000b3c   Section        0  misc.o(i.NVIC_PriorityGroupConfig)
    i.OLED_Init                              0x08000b50   Section        0  oled.o(i.OLED_Init)
    i.RCC_AHB1PeriphClockCmd                 0x08000be4   Section        0  stm32f4xx_rcc.o(i.RCC_AHB1PeriphClockCmd)
    i.RCC_APB1PeriphClockCmd                 0x08000c04   Section        0  stm32f4xx_rcc.o(i.RCC_APB1PeriphClockCmd)
    i.RCC_APB2PeriphClockCmd                 0x08000c24   Section        0  stm32f4xx_rcc.o(i.RCC_APB2PeriphClockCmd)
    i.RCC_GetClocksFreq                      0x08000c44   Section        0  stm32f4xx_rcc.o(i.RCC_GetClocksFreq)
    i.RingBuffer_Init                        0x08000d2c   Section        0  ringbuffer.o(i.RingBuffer_Init)
    i.RingBuffer_WriteByte                   0x08000d38   Section        0  ringbuffer.o(i.RingBuffer_WriteByte)
    i.SetSysClock                            0x08000d68   Section        0  system_stm32f4xx.o(i.SetSysClock)
    SetSysClock                              0x08000d69   Thumb Code   220  system_stm32f4xx.o(i.SetSysClock)
    i.SysTick_CLKSourceConfig                0x08000e54   Section        0  misc.o(i.SysTick_CLKSourceConfig)
    i.SysTick_Handler                        0x08000e7c   Section        0  delay.o(i.SysTick_Handler)
    i.SystemInit                             0x08000e8c   Section        0  system_stm32f4xx.o(i.SystemInit)
    i.UART4_IRQHandler                       0x08000ef4   Section        0  usart2.o(i.UART4_IRQHandler)
    i.UART4_Init                             0x08000f48   Section        0  usart2.o(i.UART4_Init)
    i.UART_AT_Send                           0x08000ffc   Section        0  esp8266.o(i.UART_AT_Send)
    i.USART1_IRQHandler                      0x0800103c   Section        0  usart.o(i.USART1_IRQHandler)
    i.USART2_IRQHandler                      0x080010c4   Section        0  usart2.o(i.USART2_IRQHandler)
    i.USART2_Init                            0x080010ec   Section        0  usart2.o(i.USART2_Init)
    i.USART_Cmd                              0x080011a0   Section        0  stm32f4xx_usart.o(i.USART_Cmd)
    i.USART_GetFlagStatus                    0x080011b8   Section        0  stm32f4xx_usart.o(i.USART_GetFlagStatus)
    i.USART_GetITStatus                      0x080011d2   Section        0  stm32f4xx_usart.o(i.USART_GetITStatus)
    i.USART_ITConfig                         0x08001226   Section        0  stm32f4xx_usart.o(i.USART_ITConfig)
    i.USART_Init                             0x08001270   Section        0  stm32f4xx_usart.o(i.USART_Init)
    i.USART_ReceiveData                      0x08001344   Section        0  stm32f4xx_usart.o(i.USART_ReceiveData)
    i.USART_SendData                         0x0800134e   Section        0  stm32f4xx_usart.o(i.USART_SendData)
    i.UsageFault_Handler                     0x08001356   Section        0  stm32f4xx_it.o(i.UsageFault_Handler)
    i.Usart_SendByte                         0x0800135a   Section        0  usart2.o(i.Usart_SendByte)
    i.__0printf                              0x0800138c   Section        0  printfa.o(i.__0printf)
    i.__scatterload_copy                     0x080013ac   Section       14  handlers.o(i.__scatterload_copy)
    i.__scatterload_null                     0x080013ba   Section        2  handlers.o(i.__scatterload_null)
    i.__scatterload_zeroinit                 0x080013bc   Section       14  handlers.o(i.__scatterload_zeroinit)
    i._fp_digits                             0x080013cc   Section        0  printfa.o(i._fp_digits)
    _fp_digits                               0x080013cd   Thumb Code   366  printfa.o(i._fp_digits)
    i._printf_core                           0x08001550   Section        0  printfa.o(i._printf_core)
    _printf_core                             0x08001551   Thumb Code  1744  printfa.o(i._printf_core)
    i._printf_post_padding                   0x08001c2c   Section        0  printfa.o(i._printf_post_padding)
    _printf_post_padding                     0x08001c2d   Thumb Code    36  printfa.o(i._printf_post_padding)
    i._printf_pre_padding                    0x08001c50   Section        0  printfa.o(i._printf_pre_padding)
    _printf_pre_padding                      0x08001c51   Thumb Code    46  printfa.o(i._printf_pre_padding)
    i.delay_init                             0x08001c80   Section        0  delay.o(i.delay_init)
    i.float_task                             0x08001cc4   Section        0  test_task.o(i.float_task)
    i.fputc                                  0x08001d1c   Section        0  usart.o(i.fputc)
    i.led0_task                              0x08001d38   Section        0  test_task.o(i.led0_task)
    i.led1_task                              0x08001d54   Section        0  test_task.o(i.led1_task)
    i.main                                   0x08001da8   Section        0  main.o(i.main)
    i.prvAddCurrentTaskToDelayedList         0x08001e34   Section        0  tasks.o(i.prvAddCurrentTaskToDelayedList)
    prvAddCurrentTaskToDelayedList           0x08001e35   Thumb Code   124  tasks.o(i.prvAddCurrentTaskToDelayedList)
    i.prvAddNewTaskToReadyList               0x08001ecc   Section        0  tasks.o(i.prvAddNewTaskToReadyList)
    prvAddNewTaskToReadyList                 0x08001ecd   Thumb Code   156  tasks.o(i.prvAddNewTaskToReadyList)
    i.prvCheckForValidListAndQueue           0x08001f84   Section        0  timers.o(i.prvCheckForValidListAndQueue)
    prvCheckForValidListAndQueue             0x08001f85   Thumb Code    72  timers.o(i.prvCheckForValidListAndQueue)
    i.prvCheckTasksWaitingTermination        0x08001fe8   Section        0  tasks.o(i.prvCheckTasksWaitingTermination)
    prvCheckTasksWaitingTermination          0x08001fe9   Thumb Code    86  tasks.o(i.prvCheckTasksWaitingTermination)
    i.prvCopyDataFromQueue                   0x0800204c   Section        0  queue.o(i.prvCopyDataFromQueue)
    prvCopyDataFromQueue                     0x0800204d   Thumb Code    42  queue.o(i.prvCopyDataFromQueue)
    i.prvCopyDataToQueue                     0x08002076   Section        0  queue.o(i.prvCopyDataToQueue)
    prvCopyDataToQueue                       0x08002077   Thumb Code   124  queue.o(i.prvCopyDataToQueue)
    i.prvDeleteTCB                           0x080020f2   Section        0  tasks.o(i.prvDeleteTCB)
    prvDeleteTCB                             0x080020f3   Thumb Code    18  tasks.o(i.prvDeleteTCB)
    i.prvGetNextExpireTime                   0x08002104   Section        0  timers.o(i.prvGetNextExpireTime)
    prvGetNextExpireTime                     0x08002105   Thumb Code    36  timers.o(i.prvGetNextExpireTime)
    i.prvHardware_Init                       0x0800212c   Section        0  main.o(i.prvHardware_Init)
    i.prvHeapInit                            0x08002170   Section        0  heap_4.o(i.prvHeapInit)
    prvHeapInit                              0x08002171   Thumb Code    98  heap_4.o(i.prvHeapInit)
    i.prvIdleTask                            0x080021ec   Section        0  tasks.o(i.prvIdleTask)
    prvIdleTask                              0x080021ed   Thumb Code    32  tasks.o(i.prvIdleTask)
    i.prvInitialiseMutex                     0x08002214   Section        0  queue.o(i.prvInitialiseMutex)
    prvInitialiseMutex                       0x08002215   Thumb Code    28  queue.o(i.prvInitialiseMutex)
    i.prvInitialiseNewQueue                  0x08002230   Section        0  queue.o(i.prvInitialiseNewQueue)
    prvInitialiseNewQueue                    0x08002231   Thumb Code    46  queue.o(i.prvInitialiseNewQueue)
    i.prvInitialiseNewTask                   0x08002260   Section        0  tasks.o(i.prvInitialiseNewTask)
    prvInitialiseNewTask                     0x08002261   Thumb Code   170  tasks.o(i.prvInitialiseNewTask)
    i.prvInitialiseTaskLists                 0x08002330   Section        0  tasks.o(i.prvInitialiseTaskLists)
    prvInitialiseTaskLists                   0x08002331   Thumb Code    70  tasks.o(i.prvInitialiseTaskLists)
    i.prvInsertBlockIntoFreeList             0x08002398   Section        0  heap_4.o(i.prvInsertBlockIntoFreeList)
    prvInsertBlockIntoFreeList               0x08002399   Thumb Code    96  heap_4.o(i.prvInsertBlockIntoFreeList)
    i.prvInsertTimerInActiveList             0x08002400   Section        0  timers.o(i.prvInsertTimerInActiveList)
    prvInsertTimerInActiveList               0x08002401   Thumb Code    80  timers.o(i.prvInsertTimerInActiveList)
    i.prvIsQueueEmpty                        0x08002458   Section        0  queue.o(i.prvIsQueueEmpty)
    prvIsQueueEmpty                          0x08002459   Thumb Code    26  queue.o(i.prvIsQueueEmpty)
    i.prvIsQueueFull                         0x08002472   Section        0  queue.o(i.prvIsQueueFull)
    prvIsQueueFull                           0x08002473   Thumb Code    30  queue.o(i.prvIsQueueFull)
    i.prvNotifyQueueSetContainer             0x08002490   Section        0  queue.o(i.prvNotifyQueueSetContainer)
    prvNotifyQueueSetContainer               0x08002491   Thumb Code   124  queue.o(i.prvNotifyQueueSetContainer)
    i.prvProcessExpiredTimer                 0x08002530   Section        0  timers.o(i.prvProcessExpiredTimer)
    prvProcessExpiredTimer                   0x08002531   Thumb Code    84  timers.o(i.prvProcessExpiredTimer)
    i.prvProcessReceivedCommands             0x080025b0   Section        0  timers.o(i.prvProcessReceivedCommands)
    prvProcessReceivedCommands               0x080025b1   Thumb Code   254  timers.o(i.prvProcessReceivedCommands)
    i.prvProcessTimerOrBlockTask             0x080026dc   Section        0  timers.o(i.prvProcessTimerOrBlockTask)
    prvProcessTimerOrBlockTask               0x080026dd   Thumb Code   102  timers.o(i.prvProcessTimerOrBlockTask)
    i.prvResetNextTaskUnblockTime            0x08002750   Section        0  tasks.o(i.prvResetNextTaskUnblockTime)
    prvResetNextTaskUnblockTime              0x08002751   Thumb Code    42  tasks.o(i.prvResetNextTaskUnblockTime)
    i.prvSampleTimeNow                       0x08002784   Section        0  timers.o(i.prvSampleTimeNow)
    prvSampleTimeNow                         0x08002785   Thumb Code    40  timers.o(i.prvSampleTimeNow)
    i.prvSwitchTimerLists                    0x080027b0   Section        0  timers.o(i.prvSwitchTimerLists)
    prvSwitchTimerLists                      0x080027b1   Thumb Code   140  timers.o(i.prvSwitchTimerLists)
    i.prvTaskExitError                       0x0800286c   Section        0  port.o(i.prvTaskExitError)
    prvTaskExitError                         0x0800286d   Thumb Code    50  port.o(i.prvTaskExitError)
    i.prvTimerTask                           0x080028e0   Section        0  timers.o(i.prvTimerTask)
    prvTimerTask                             0x080028e1   Thumb Code    26  timers.o(i.prvTimerTask)
    i.prvUnlockQueue                         0x080028fa   Section        0  queue.o(i.prvUnlockQueue)
    prvUnlockQueue                           0x080028fb   Thumb Code   146  queue.o(i.prvUnlockQueue)
    i.pvPortMalloc                           0x0800298c   Section        0  heap_4.o(i.pvPortMalloc)
    i.pvTaskIncrementMutexHeldCount          0x08002ae0   Section        0  tasks.o(i.pvTaskIncrementMutexHeldCount)
    i.pxPortInitialiseStack                  0x08002b00   Section        0  port.o(i.pxPortInitialiseStack)
    i.start_task                             0x08002b2c   Section        0  test_task.o(i.start_task)
    i.uart_init                              0x08002bb4   Section        0  usart.o(i.uart_init)
    i.uxListRemove                           0x08002c60   Section        0  list.o(i.uxListRemove)
    i.vListInitialise                        0x08002c88   Section        0  list.o(i.vListInitialise)
    i.vListInitialiseItem                    0x08002ca2   Section        0  list.o(i.vListInitialiseItem)
    i.vListInsert                            0x08002ca8   Section        0  list.o(i.vListInsert)
    i.vListInsertEnd                         0x08002cdc   Section        0  list.o(i.vListInsertEnd)
    i.vPortEnterCritical                     0x08002cf4   Section        0  port.o(i.vPortEnterCritical)
    i.vPortExitCritical                      0x08002d7c   Section        0  port.o(i.vPortExitCritical)
    i.vPortFree                              0x08002dec   Section        0  heap_4.o(i.vPortFree)
    i.vPortSetupTimerInterrupt               0x08002ea4   Section        0  port.o(i.vPortSetupTimerInterrupt)
    i.vPortValidateInterruptPriority         0x08002ec4   Section        0  port.o(i.vPortValidateInterruptPriority)
    i.vQueueAddToRegistry                    0x08002f64   Section        0  queue.o(i.vQueueAddToRegistry)
    i.vQueueWaitForMessageRestricted         0x08002f90   Section        0  queue.o(i.vQueueWaitForMessageRestricted)
    i.vTaskDelay                             0x08002fdc   Section        0  tasks.o(i.vTaskDelay)
    i.vTaskDelete                            0x08003050   Section        0  tasks.o(i.vTaskDelete)
    i.vTaskMissedYield                       0x0800315c   Section        0  tasks.o(i.vTaskMissedYield)
    i.vTaskPlaceOnEventList                  0x08003168   Section        0  tasks.o(i.vTaskPlaceOnEventList)
    i.vTaskPlaceOnEventListRestricted        0x080031bc   Section        0  tasks.o(i.vTaskPlaceOnEventListRestricted)
    i.vTaskPriorityInherit                   0x08003218   Section        0  tasks.o(i.vTaskPriorityInherit)
    i.vTaskSetTimeOutState                   0x080032c8   Section        0  tasks.o(i.vTaskSetTimeOutState)
    i.vTaskStartScheduler                    0x08003314   Section        0  tasks.o(i.vTaskStartScheduler)
    i.vTaskSuspendAll                        0x080033c0   Section        0  tasks.o(i.vTaskSuspendAll)
    i.vTaskSwitchContext                     0x080033d0   Section        0  tasks.o(i.vTaskSwitchContext)
    i.xPortStartScheduler                    0x08003478   Section        0  port.o(i.xPortStartScheduler)
    i.xPortSysTickHandler                    0x080035d4   Section        0  port.o(i.xPortSysTickHandler)
    i.xQueueCreateMutex                      0x08003608   Section        0  queue.o(i.xQueueCreateMutex)
    i.xQueueGenericCreate                    0x0800362c   Section        0  queue.o(i.xQueueGenericCreate)
    i.xQueueGenericReceive                   0x080036a0   Section        0  queue.o(i.xQueueGenericReceive)
    i.xQueueGenericReset                     0x08003868   Section        0  queue.o(i.xQueueGenericReset)
    i.xQueueGenericSend                      0x08003918   Section        0  queue.o(i.xQueueGenericSend)
    i.xQueueGenericSendFromISR               0x08003adc   Section        0  queue.o(i.xQueueGenericSendFromISR)
    i.xQueueGiveFromISR                      0x08003bec   Section        0  queue.o(i.xQueueGiveFromISR)
    i.xTaskCheckForTimeOut                   0x08003ce8   Section        0  tasks.o(i.xTaskCheckForTimeOut)
    i.xTaskCreate                            0x08003d88   Section        0  tasks.o(i.xTaskCreate)
    i.xTaskGetSchedulerState                 0x08003de8   Section        0  tasks.o(i.xTaskGetSchedulerState)
    i.xTaskGetTickCount                      0x08003e08   Section        0  tasks.o(i.xTaskGetTickCount)
    i.xTaskIncrementTick                     0x08003e14   Section        0  tasks.o(i.xTaskIncrementTick)
    i.xTaskPriorityDisinherit                0x08003f74   Section        0  tasks.o(i.xTaskPriorityDisinherit)
    i.xTaskRemoveFromEventList               0x0800404c   Section        0  tasks.o(i.xTaskRemoveFromEventList)
    i.xTaskResumeAll                         0x08004100   Section        0  tasks.o(i.xTaskResumeAll)
    i.xTimerCreateTimerTask                  0x08004220   Section        0  timers.o(i.xTimerCreateTimerTask)
    i.xTimerGenericCommand                   0x08004294   Section        0  timers.o(i.xTimerGenericCommand)
    .data                                    0x20000000   Section       20  system_stm32f4xx.o(.data)
    .data                                    0x20000014   Section       64  main.o(.data)
    .data                                    0x20000054   Section        8  usart2.o(.data)
    last_char                                0x20000054   Data           1  usart2.o(.data)
    xHigherPriorityTaskWoken                 0x20000058   Data           4  usart2.o(.data)
    .data                                    0x2000005c   Section        4  delay.o(.data)
    fac_us                                   0x2000005c   Data           1  delay.o(.data)
    fac_ms                                   0x2000005e   Data           2  delay.o(.data)
    .data                                    0x20000060   Section        6  usart.o(.data)
    .data                                    0x20000066   Section       16  stm32f4xx_rcc.o(.data)
    APBAHBPrescTable                         0x20000066   Data          16  stm32f4xx_rcc.o(.data)
    .data                                    0x20000078   Section       60  tasks.o(.data)
    pxDelayedTaskList                        0x2000007c   Data           4  tasks.o(.data)
    pxOverflowDelayedTaskList                0x20000080   Data           4  tasks.o(.data)
    uxDeletedTasksWaitingCleanUp             0x20000084   Data           4  tasks.o(.data)
    uxCurrentNumberOfTasks                   0x20000088   Data           4  tasks.o(.data)
    xTickCount                               0x2000008c   Data           4  tasks.o(.data)
    uxTopReadyPriority                       0x20000090   Data           4  tasks.o(.data)
    xSchedulerRunning                        0x20000094   Data           4  tasks.o(.data)
    uxPendedTicks                            0x20000098   Data           4  tasks.o(.data)
    xYieldPending                            0x2000009c   Data           4  tasks.o(.data)
    xNumOfOverflows                          0x200000a0   Data           4  tasks.o(.data)
    uxTaskNumber                             0x200000a4   Data           4  tasks.o(.data)
    xNextTaskUnblockTime                     0x200000a8   Data           4  tasks.o(.data)
    xIdleTaskHandle                          0x200000ac   Data           4  tasks.o(.data)
    uxSchedulerSuspended                     0x200000b0   Data           4  tasks.o(.data)
    .data                                    0x200000b4   Section       20  timers.o(.data)
    pxCurrentTimerList                       0x200000b4   Data           4  timers.o(.data)
    pxOverflowTimerList                      0x200000b8   Data           4  timers.o(.data)
    xTimerQueue                              0x200000bc   Data           4  timers.o(.data)
    xTimerTaskHandle                         0x200000c0   Data           4  timers.o(.data)
    xLastTime                                0x200000c4   Data           4  timers.o(.data)
    .data                                    0x200000c8   Section       24  heap_4.o(.data)
    xStart                                   0x200000c8   Data           8  heap_4.o(.data)
    pxEnd                                    0x200000d0   Data           4  heap_4.o(.data)
    xFreeBytesRemaining                      0x200000d4   Data           4  heap_4.o(.data)
    xMinimumEverFreeBytesRemaining           0x200000d8   Data           4  heap_4.o(.data)
    xBlockAllocatedBit                       0x200000dc   Data           4  heap_4.o(.data)
    .data                                    0x200000e0   Section       12  port.o(.data)
    uxCriticalNesting                        0x200000e0   Data           4  port.o(.data)
    ucMaxSysCallPriority                     0x200000e4   Data           1  port.o(.data)
    ulMaxPRIGROUPValue                       0x200000e8   Data           4  port.o(.data)
    .data                                    0x200000ec   Section        4  test_task.o(.data)
    float_num                                0x200000ec   Data           4  test_task.o(.data)
    .bss                                     0x200000f0   Section      164  main.o(.bss)
    .bss                                     0x20000194   Section      200  usart.o(.bss)
    .bss                                     0x2000025c   Section       64  queue.o(.bss)
    .bss                                     0x2000029c   Section      740  tasks.o(.bss)
    pxReadyTasksLists                        0x2000029c   Data         640  tasks.o(.bss)
    xDelayedTaskList1                        0x2000051c   Data          20  tasks.o(.bss)
    xDelayedTaskList2                        0x20000530   Data          20  tasks.o(.bss)
    xPendingReadyList                        0x20000544   Data          20  tasks.o(.bss)
    xTasksWaitingTermination                 0x20000558   Data          20  tasks.o(.bss)
    xSuspendedTaskList                       0x2000056c   Data          20  tasks.o(.bss)
    .bss                                     0x20000580   Section       40  timers.o(.bss)
    xActiveTimerList1                        0x20000580   Data          20  timers.o(.bss)
    xActiveTimerList2                        0x20000594   Data          20  timers.o(.bss)
    .bss                                     0x200005a8   Section    20480  heap_4.o(.bss)
    ucHeap                                   0x200005a8   Data       20480  heap_4.o(.bss)
    STACK                                    0x200055a8   Section     1024  startup_stm32f40_41xxx.o(STACK)

    Global Symbols

    Symbol Name                              Value     Ov Type        Size  Object(Section)

    BuildAttributes$$THM_ISAv4$E$P$D$K$B$S$7EM$VFPi3$EXTD16$VFPS$VFMA$PE$A:L22UL41UL21$X:L11$S22US41US21$IEEE1$IW$USESV6$~STKCKD$USESV7$~SHL$OSPACE$ROPI$EBA8$MICROLIB$REQ8$PRES8$EABIv2 0x00000000   Number         0  anon$$obj.o ABSOLUTE
    __ARM_use_no_argv                        0x00000000   Number         0  main.o ABSOLUTE
    __use_no_errno                           0x00000000   Number         0  useno.o ABSOLUTE
    __use_no_exception_handling              0x00000000   Number         0  useno.o ABSOLUTE
    __use_no_fp                              0x00000000   Number         0  useno.o ABSOLUTE
    __use_no_heap                            0x00000000   Number         0  useno.o ABSOLUTE
    __use_no_heap_region                     0x00000000   Number         0  useno.o ABSOLUTE
    __use_no_semihosting                     0x00000000   Number         0  useno.o ABSOLUTE
    __use_no_semihosting_swi                 0x00000000   Number         0  useno.o ABSOLUTE
    __use_no_signal_handling                 0x00000000   Number         0  useno.o ABSOLUTE
    _printf_a                                0x00000000   Number         0  stubs.o ABSOLUTE
    _printf_c                                0x00000000   Number         0  stubs.o ABSOLUTE
    _printf_charcount                        0x00000000   Number         0  stubs.o ABSOLUTE
    _printf_d                                0x00000000   Number         0  stubs.o ABSOLUTE
    _printf_e                                0x00000000   Number         0  stubs.o ABSOLUTE
    _printf_f                                0x00000000   Number         0  stubs.o ABSOLUTE
    _printf_flags                            0x00000000   Number         0  stubs.o ABSOLUTE
    _printf_fp_dec                           0x00000000   Number         0  stubs.o ABSOLUTE
    _printf_fp_hex                           0x00000000   Number         0  stubs.o ABSOLUTE
    _printf_g                                0x00000000   Number         0  stubs.o ABSOLUTE
    _printf_i                                0x00000000   Number         0  stubs.o ABSOLUTE
    _printf_int_dec                          0x00000000   Number         0  stubs.o ABSOLUTE
    _printf_l                                0x00000000   Number         0  stubs.o ABSOLUTE
    _printf_lc                               0x00000000   Number         0  stubs.o ABSOLUTE
    _printf_ll                               0x00000000   Number         0  stubs.o ABSOLUTE
    _printf_lld                              0x00000000   Number         0  stubs.o ABSOLUTE
    _printf_lli                              0x00000000   Number         0  stubs.o ABSOLUTE
    _printf_llo                              0x00000000   Number         0  stubs.o ABSOLUTE
    _printf_llu                              0x00000000   Number         0  stubs.o ABSOLUTE
    _printf_llx                              0x00000000   Number         0  stubs.o ABSOLUTE
    _printf_longlong_dec                     0x00000000   Number         0  stubs.o ABSOLUTE
    _printf_longlong_hex                     0x00000000   Number         0  stubs.o ABSOLUTE
    _printf_longlong_oct                     0x00000000   Number         0  stubs.o ABSOLUTE
    _printf_ls                               0x00000000   Number         0  stubs.o ABSOLUTE
    _printf_mbtowc                           0x00000000   Number         0  stubs.o ABSOLUTE
    _printf_n                                0x00000000   Number         0  stubs.o ABSOLUTE
    _printf_o                                0x00000000   Number         0  stubs.o ABSOLUTE
    _printf_p                                0x00000000   Number         0  stubs.o ABSOLUTE
    _printf_percent                          0x00000000   Number         0  stubs.o ABSOLUTE
    _printf_pre_padding                      0x00000000   Number         0  stubs.o ABSOLUTE
    _printf_return_value                     0x00000000   Number         0  stubs.o ABSOLUTE
    _printf_s                                0x00000000   Number         0  stubs.o ABSOLUTE
    _printf_sizespec                         0x00000000   Number         0  stubs.o ABSOLUTE
    _printf_str                              0x00000000   Number         0  stubs.o ABSOLUTE
    _printf_truncate_signed                  0x00000000   Number         0  stubs.o ABSOLUTE
    _printf_truncate_unsigned                0x00000000   Number         0  stubs.o ABSOLUTE
    _printf_u                                0x00000000   Number         0  stubs.o ABSOLUTE
    _printf_wc                               0x00000000   Number         0  stubs.o ABSOLUTE
    _printf_wctomb                           0x00000000   Number         0  stubs.o ABSOLUTE
    _printf_widthprec                        0x00000000   Number         0  stubs.o ABSOLUTE
    _printf_x                                0x00000000   Number         0  stubs.o ABSOLUTE
    __cpp_initialize__aeabi_                  - Undefined Weak Reference
    __cxa_finalize                            - Undefined Weak Reference
    __decompress                              - Undefined Weak Reference
    _clock_init                               - Undefined Weak Reference
    _microlib_exit                            - Undefined Weak Reference
    __Vectors_Size                           0x00000188   Number         0  startup_stm32f40_41xxx.o ABSOLUTE
    __Vectors                                0x08000000   Data           4  startup_stm32f40_41xxx.o(RESET)
    __Vectors_End                            0x08000188   Data           0  startup_stm32f40_41xxx.o(RESET)
    __main                                   0x08000189   Thumb Code     0  entry.o(.ARM.Collect$$$$00000000)
    _main_stk                                0x08000189   Thumb Code     0  entry2.o(.ARM.Collect$$$$00000001)
    _main_scatterload                        0x0800018d   Thumb Code     0  entry5.o(.ARM.Collect$$$$00000004)
    __main_after_scatterload                 0x08000191   Thumb Code     0  entry5.o(.ARM.Collect$$$$00000004)
    _main_clock                              0x08000191   Thumb Code     0  entry7b.o(.ARM.Collect$$$$00000008)
    _main_cpp_init                           0x08000191   Thumb Code     0  entry8b.o(.ARM.Collect$$$$0000000A)
    _main_init                               0x08000191   Thumb Code     0  entry9a.o(.ARM.Collect$$$$0000000B)
    __rt_final_cpp                           0x08000199   Thumb Code     0  entry10a.o(.ARM.Collect$$$$0000000D)
    __rt_final_exit                          0x08000199   Thumb Code     0  entry11a.o(.ARM.Collect$$$$0000000F)
    SVC_Handler                              0x0800019d   Thumb Code    28  port.o(.emb_text)
    __asm___6_port_c_39a90d8d__prvStartFirstTask 0x080001bd   Thumb Code    28  port.o(.emb_text)
    __asm___6_port_c_39a90d8d__prvEnableVFP  0x080001dd   Thumb Code    16  port.o(.emb_text)
    PendSV_Handler                           0x080001f1   Thumb Code    88  port.o(.emb_text)
    vPortGetIPSR                             0x0800024d   Thumb Code     6  port.o(.emb_text)
    Reset_Handler                            0x08000255   Thumb Code     8  startup_stm32f40_41xxx.o(.text)
    ADC_IRQHandler                           0x0800026f   Thumb Code     0  startup_stm32f40_41xxx.o(.text)
    CAN1_RX0_IRQHandler                      0x0800026f   Thumb Code     0  startup_stm32f40_41xxx.o(.text)
    CAN1_RX1_IRQHandler                      0x0800026f   Thumb Code     0  startup_stm32f40_41xxx.o(.text)
    CAN1_SCE_IRQHandler                      0x0800026f   Thumb Code     0  startup_stm32f40_41xxx.o(.text)
    CAN1_TX_IRQHandler                       0x0800026f   Thumb Code     0  startup_stm32f40_41xxx.o(.text)
    CAN2_RX0_IRQHandler                      0x0800026f   Thumb Code     0  startup_stm32f40_41xxx.o(.text)
    CAN2_RX1_IRQHandler                      0x0800026f   Thumb Code     0  startup_stm32f40_41xxx.o(.text)
    CAN2_SCE_IRQHandler                      0x0800026f   Thumb Code     0  startup_stm32f40_41xxx.o(.text)
    CAN2_TX_IRQHandler                       0x0800026f   Thumb Code     0  startup_stm32f40_41xxx.o(.text)
    CRYP_IRQHandler                          0x0800026f   Thumb Code     0  startup_stm32f40_41xxx.o(.text)
    DCMI_IRQHandler                          0x0800026f   Thumb Code     0  startup_stm32f40_41xxx.o(.text)
    DMA1_Stream0_IRQHandler                  0x0800026f   Thumb Code     0  startup_stm32f40_41xxx.o(.text)
    DMA1_Stream1_IRQHandler                  0x0800026f   Thumb Code     0  startup_stm32f40_41xxx.o(.text)
    DMA1_Stream2_IRQHandler                  0x0800026f   Thumb Code     0  startup_stm32f40_41xxx.o(.text)
    DMA1_Stream3_IRQHandler                  0x0800026f   Thumb Code     0  startup_stm32f40_41xxx.o(.text)
    DMA1_Stream4_IRQHandler                  0x0800026f   Thumb Code     0  startup_stm32f40_41xxx.o(.text)
    DMA1_Stream5_IRQHandler                  0x0800026f   Thumb Code     0  startup_stm32f40_41xxx.o(.text)
    DMA1_Stream6_IRQHandler                  0x0800026f   Thumb Code     0  startup_stm32f40_41xxx.o(.text)
    DMA1_Stream7_IRQHandler                  0x0800026f   Thumb Code     0  startup_stm32f40_41xxx.o(.text)
    DMA2_Stream0_IRQHandler                  0x0800026f   Thumb Code     0  startup_stm32f40_41xxx.o(.text)
    DMA2_Stream1_IRQHandler                  0x0800026f   Thumb Code     0  startup_stm32f40_41xxx.o(.text)
    DMA2_Stream2_IRQHandler                  0x0800026f   Thumb Code     0  startup_stm32f40_41xxx.o(.text)
    DMA2_Stream3_IRQHandler                  0x0800026f   Thumb Code     0  startup_stm32f40_41xxx.o(.text)
    DMA2_Stream4_IRQHandler                  0x0800026f   Thumb Code     0  startup_stm32f40_41xxx.o(.text)
    DMA2_Stream5_IRQHandler                  0x0800026f   Thumb Code     0  startup_stm32f40_41xxx.o(.text)
    DMA2_Stream6_IRQHandler                  0x0800026f   Thumb Code     0  startup_stm32f40_41xxx.o(.text)
    DMA2_Stream7_IRQHandler                  0x0800026f   Thumb Code     0  startup_stm32f40_41xxx.o(.text)
    ETH_IRQHandler                           0x0800026f   Thumb Code     0  startup_stm32f40_41xxx.o(.text)
    ETH_WKUP_IRQHandler                      0x0800026f   Thumb Code     0  startup_stm32f40_41xxx.o(.text)
    EXTI0_IRQHandler                         0x0800026f   Thumb Code     0  startup_stm32f40_41xxx.o(.text)
    EXTI15_10_IRQHandler                     0x0800026f   Thumb Code     0  startup_stm32f40_41xxx.o(.text)
    EXTI1_IRQHandler                         0x0800026f   Thumb Code     0  startup_stm32f40_41xxx.o(.text)
    EXTI2_IRQHandler                         0x0800026f   Thumb Code     0  startup_stm32f40_41xxx.o(.text)
    EXTI3_IRQHandler                         0x0800026f   Thumb Code     0  startup_stm32f40_41xxx.o(.text)
    EXTI4_IRQHandler                         0x0800026f   Thumb Code     0  startup_stm32f40_41xxx.o(.text)
    EXTI9_5_IRQHandler                       0x0800026f   Thumb Code     0  startup_stm32f40_41xxx.o(.text)
    FLASH_IRQHandler                         0x0800026f   Thumb Code     0  startup_stm32f40_41xxx.o(.text)
    FPU_IRQHandler                           0x0800026f   Thumb Code     0  startup_stm32f40_41xxx.o(.text)
    FSMC_IRQHandler                          0x0800026f   Thumb Code     0  startup_stm32f40_41xxx.o(.text)
    HASH_RNG_IRQHandler                      0x0800026f   Thumb Code     0  startup_stm32f40_41xxx.o(.text)
    I2C1_ER_IRQHandler                       0x0800026f   Thumb Code     0  startup_stm32f40_41xxx.o(.text)
    I2C1_EV_IRQHandler                       0x0800026f   Thumb Code     0  startup_stm32f40_41xxx.o(.text)
    I2C2_ER_IRQHandler                       0x0800026f   Thumb Code     0  startup_stm32f40_41xxx.o(.text)
    I2C2_EV_IRQHandler                       0x0800026f   Thumb Code     0  startup_stm32f40_41xxx.o(.text)
    I2C3_ER_IRQHandler                       0x0800026f   Thumb Code     0  startup_stm32f40_41xxx.o(.text)
    I2C3_EV_IRQHandler                       0x0800026f   Thumb Code     0  startup_stm32f40_41xxx.o(.text)
    OTG_FS_IRQHandler                        0x0800026f   Thumb Code     0  startup_stm32f40_41xxx.o(.text)
    OTG_FS_WKUP_IRQHandler                   0x0800026f   Thumb Code     0  startup_stm32f40_41xxx.o(.text)
    OTG_HS_EP1_IN_IRQHandler                 0x0800026f   Thumb Code     0  startup_stm32f40_41xxx.o(.text)
    OTG_HS_EP1_OUT_IRQHandler                0x0800026f   Thumb Code     0  startup_stm32f40_41xxx.o(.text)
    OTG_HS_IRQHandler                        0x0800026f   Thumb Code     0  startup_stm32f40_41xxx.o(.text)
    OTG_HS_WKUP_IRQHandler                   0x0800026f   Thumb Code     0  startup_stm32f40_41xxx.o(.text)
    PVD_IRQHandler                           0x0800026f   Thumb Code     0  startup_stm32f40_41xxx.o(.text)
    RCC_IRQHandler                           0x0800026f   Thumb Code     0  startup_stm32f40_41xxx.o(.text)
    RTC_Alarm_IRQHandler                     0x0800026f   Thumb Code     0  startup_stm32f40_41xxx.o(.text)
    RTC_WKUP_IRQHandler                      0x0800026f   Thumb Code     0  startup_stm32f40_41xxx.o(.text)
    SDIO_IRQHandler                          0x0800026f   Thumb Code     0  startup_stm32f40_41xxx.o(.text)
    SPI1_IRQHandler                          0x0800026f   Thumb Code     0  startup_stm32f40_41xxx.o(.text)
    SPI2_IRQHandler                          0x0800026f   Thumb Code     0  startup_stm32f40_41xxx.o(.text)
    SPI3_IRQHandler                          0x0800026f   Thumb Code     0  startup_stm32f40_41xxx.o(.text)
    TAMP_STAMP_IRQHandler                    0x0800026f   Thumb Code     0  startup_stm32f40_41xxx.o(.text)
    TIM1_BRK_TIM9_IRQHandler                 0x0800026f   Thumb Code     0  startup_stm32f40_41xxx.o(.text)
    TIM1_CC_IRQHandler                       0x0800026f   Thumb Code     0  startup_stm32f40_41xxx.o(.text)
    TIM1_TRG_COM_TIM11_IRQHandler            0x0800026f   Thumb Code     0  startup_stm32f40_41xxx.o(.text)
    TIM1_UP_TIM10_IRQHandler                 0x0800026f   Thumb Code     0  startup_stm32f40_41xxx.o(.text)
    TIM2_IRQHandler                          0x0800026f   Thumb Code     0  startup_stm32f40_41xxx.o(.text)
    TIM3_IRQHandler                          0x0800026f   Thumb Code     0  startup_stm32f40_41xxx.o(.text)
    TIM4_IRQHandler                          0x0800026f   Thumb Code     0  startup_stm32f40_41xxx.o(.text)
    TIM5_IRQHandler                          0x0800026f   Thumb Code     0  startup_stm32f40_41xxx.o(.text)
    TIM6_DAC_IRQHandler                      0x0800026f   Thumb Code     0  startup_stm32f40_41xxx.o(.text)
    TIM7_IRQHandler                          0x0800026f   Thumb Code     0  startup_stm32f40_41xxx.o(.text)
    TIM8_BRK_TIM12_IRQHandler                0x0800026f   Thumb Code     0  startup_stm32f40_41xxx.o(.text)
    TIM8_CC_IRQHandler                       0x0800026f   Thumb Code     0  startup_stm32f40_41xxx.o(.text)
    TIM8_TRG_COM_TIM14_IRQHandler            0x0800026f   Thumb Code     0  startup_stm32f40_41xxx.o(.text)
    TIM8_UP_TIM13_IRQHandler                 0x0800026f   Thumb Code     0  startup_stm32f40_41xxx.o(.text)
    UART5_IRQHandler                         0x0800026f   Thumb Code     0  startup_stm32f40_41xxx.o(.text)
    USART3_IRQHandler                        0x0800026f   Thumb Code     0  startup_stm32f40_41xxx.o(.text)
    USART6_IRQHandler                        0x0800026f   Thumb Code     0  startup_stm32f40_41xxx.o(.text)
    WWDG_IRQHandler                          0x0800026f   Thumb Code     0  startup_stm32f40_41xxx.o(.text)
    __aeabi_memcpy                           0x08000279   Thumb Code    36  memcpya.o(.text)
    __aeabi_memcpy4                          0x08000279   Thumb Code     0  memcpya.o(.text)
    __aeabi_memcpy8                          0x08000279   Thumb Code     0  memcpya.o(.text)
    __aeabi_memset                           0x0800029d   Thumb Code    14  memseta.o(.text)
    __aeabi_memset4                          0x0800029d   Thumb Code     0  memseta.o(.text)
    __aeabi_memset8                          0x0800029d   Thumb Code     0  memseta.o(.text)
    __aeabi_memclr                           0x080002ab   Thumb Code     4  memseta.o(.text)
    __aeabi_memclr4                          0x080002ab   Thumb Code     0  memseta.o(.text)
    __aeabi_memclr8                          0x080002ab   Thumb Code     0  memseta.o(.text)
    _memset$wrapper                          0x080002af   Thumb Code    18  memseta.o(.text)
    strlen                                   0x080002c1   Thumb Code    14  strlen.o(.text)
    __aeabi_f2d                              0x080002cf   Thumb Code    38  f2d.o(.text)
    __aeabi_uidiv                            0x080002f5   Thumb Code     0  uidiv.o(.text)
    __aeabi_uidivmod                         0x080002f5   Thumb Code    44  uidiv.o(.text)
    __aeabi_uldivmod                         0x08000321   Thumb Code    98  uldiv.o(.text)
    __I$use$fp                               0x08000383   Thumb Code     0  iusefp.o(.text)
    __aeabi_dadd                             0x08000383   Thumb Code   322  dadd.o(.text)
    __aeabi_dsub                             0x080004c5   Thumb Code     6  dadd.o(.text)
    __aeabi_drsub                            0x080004cb   Thumb Code     6  dadd.o(.text)
    __aeabi_dmul                             0x080004d1   Thumb Code   228  dmul.o(.text)
    __aeabi_ddiv                             0x080005b5   Thumb Code   222  ddiv.o(.text)
    __aeabi_d2ulz                            0x08000693   Thumb Code    48  dfixul.o(.text)
    __aeabi_cdrcmple                         0x080006c5   Thumb Code    48  cdrcmple.o(.text)
    __scatterload                            0x080006f5   Thumb Code    28  init.o(.text)
    __scatterload_rt2                        0x080006f5   Thumb Code     0  init.o(.text)
    __aeabi_llsl                             0x08000719   Thumb Code    30  llshl.o(.text)
    _ll_shift_l                              0x08000719   Thumb Code     0  llshl.o(.text)
    __aeabi_llsr                             0x08000737   Thumb Code    32  llushr.o(.text)
    _ll_ushift_r                             0x08000737   Thumb Code     0  llushr.o(.text)
    __aeabi_lasr                             0x08000757   Thumb Code    36  llsshr.o(.text)
    _ll_sshift_r                             0x08000757   Thumb Code     0  llsshr.o(.text)
    _double_round                            0x0800077b   Thumb Code    30  depilogue.o(.text)
    _double_epilogue                         0x08000799   Thumb Code   156  depilogue.o(.text)
    AT_SendCmd                               0x08000835   Thumb Code    36  esp8266.o(i.AT_SendCmd)
    BusFault_Handler                         0x08000859   Thumb Code     4  stm32f4xx_it.o(i.BusFault_Handler)
    DebugMon_Handler                         0x0800085d   Thumb Code     2  stm32f4xx_it.o(i.DebugMon_Handler)
    GPIO_Init                                0x0800085f   Thumb Code   144  stm32f4xx_gpio.o(i.GPIO_Init)
    GPIO_PinAFConfig                         0x080008ef   Thumb Code    70  stm32f4xx_gpio.o(i.GPIO_PinAFConfig)
    GPIO_ResetBits                           0x08000935   Thumb Code     4  stm32f4xx_gpio.o(i.GPIO_ResetBits)
    GPIO_SetBits                             0x08000939   Thumb Code     4  stm32f4xx_gpio.o(i.GPIO_SetBits)
    GPIO_ToggleBits                          0x0800093d   Thumb Code     8  stm32f4xx_gpio.o(i.GPIO_ToggleBits)
    HardFault_Handler                        0x08000945   Thumb Code     4  stm32f4xx_it.o(i.HardFault_Handler)
    I2C_Cmd                                  0x08000949   Thumb Code    24  stm32f4xx_i2c.o(i.I2C_Cmd)
    I2C_Init                                 0x08000961   Thumb Code   218  stm32f4xx_i2c.o(i.I2C_Init)
    KEY_Init                                 0x08000a49   Thumb Code    48  gpio.o(i.KEY_Init)
    LED_Init                                 0x08000a7d   Thumb Code    60  led.o(i.LED_Init)
    MemManage_Handler                        0x08000abd   Thumb Code     4  stm32f4xx_it.o(i.MemManage_Handler)
    NMI_Handler                              0x08000ac1   Thumb Code     2  stm32f4xx_it.o(i.NMI_Handler)
    NVIC_Init                                0x08000ac5   Thumb Code   106  misc.o(i.NVIC_Init)
    NVIC_PriorityGroupConfig                 0x08000b3d   Thumb Code    10  misc.o(i.NVIC_PriorityGroupConfig)
    OLED_Init                                0x08000b51   Thumb Code   134  oled.o(i.OLED_Init)
    RCC_AHB1PeriphClockCmd                   0x08000be5   Thumb Code    26  stm32f4xx_rcc.o(i.RCC_AHB1PeriphClockCmd)
    RCC_APB1PeriphClockCmd                   0x08000c05   Thumb Code    26  stm32f4xx_rcc.o(i.RCC_APB1PeriphClockCmd)
    RCC_APB2PeriphClockCmd                   0x08000c25   Thumb Code    26  stm32f4xx_rcc.o(i.RCC_APB2PeriphClockCmd)
    RCC_GetClocksFreq                        0x08000c45   Thumb Code   214  stm32f4xx_rcc.o(i.RCC_GetClocksFreq)
    RingBuffer_Init                          0x08000d2d   Thumb Code    12  ringbuffer.o(i.RingBuffer_Init)
    RingBuffer_WriteByte                     0x08000d39   Thumb Code    46  ringbuffer.o(i.RingBuffer_WriteByte)
    SysTick_CLKSourceConfig                  0x08000e55   Thumb Code    40  misc.o(i.SysTick_CLKSourceConfig)
    SysTick_Handler                          0x08000e7d   Thumb Code    16  delay.o(i.SysTick_Handler)
    SystemInit                               0x08000e8d   Thumb Code    88  system_stm32f4xx.o(i.SystemInit)
    UART4_IRQHandler                         0x08000ef5   Thumb Code    64  usart2.o(i.UART4_IRQHandler)
    UART4_Init                               0x08000f49   Thumb Code   172  usart2.o(i.UART4_Init)
    UART_AT_Send                             0x08000ffd   Thumb Code    58  esp8266.o(i.UART_AT_Send)
    USART1_IRQHandler                        0x0800103d   Thumb Code   122  usart.o(i.USART1_IRQHandler)
    USART2_IRQHandler                        0x080010c5   Thumb Code    32  usart2.o(i.USART2_IRQHandler)
    USART2_Init                              0x080010ed   Thumb Code   170  usart2.o(i.USART2_Init)
    USART_Cmd                                0x080011a1   Thumb Code    24  stm32f4xx_usart.o(i.USART_Cmd)
    USART_GetFlagStatus                      0x080011b9   Thumb Code    26  stm32f4xx_usart.o(i.USART_GetFlagStatus)
    USART_GetITStatus                        0x080011d3   Thumb Code    84  stm32f4xx_usart.o(i.USART_GetITStatus)
    USART_ITConfig                           0x08001227   Thumb Code    74  stm32f4xx_usart.o(i.USART_ITConfig)
    USART_Init                               0x08001271   Thumb Code   204  stm32f4xx_usart.o(i.USART_Init)
    USART_ReceiveData                        0x08001345   Thumb Code    10  stm32f4xx_usart.o(i.USART_ReceiveData)
    USART_SendData                           0x0800134f   Thumb Code     8  stm32f4xx_usart.o(i.USART_SendData)
    UsageFault_Handler                       0x08001357   Thumb Code     4  stm32f4xx_it.o(i.UsageFault_Handler)
    Usart_SendByte                           0x0800135b   Thumb Code    50  usart2.o(i.Usart_SendByte)
    __0printf                                0x0800138d   Thumb Code    22  printfa.o(i.__0printf)
    __1printf                                0x0800138d   Thumb Code     0  printfa.o(i.__0printf)
    __2printf                                0x0800138d   Thumb Code     0  printfa.o(i.__0printf)
    __c89printf                              0x0800138d   Thumb Code     0  printfa.o(i.__0printf)
    printf                                   0x0800138d   Thumb Code     0  printfa.o(i.__0printf)
    __scatterload_copy                       0x080013ad   Thumb Code    14  handlers.o(i.__scatterload_copy)
    __scatterload_null                       0x080013bb   Thumb Code     2  handlers.o(i.__scatterload_null)
    __scatterload_zeroinit                   0x080013bd   Thumb Code    14  handlers.o(i.__scatterload_zeroinit)
    delay_init                               0x08001c81   Thumb Code    58  delay.o(i.delay_init)
    float_task                               0x08001cc5   Thumb Code    54  test_task.o(i.float_task)
    fputc                                    0x08001d1d   Thumb Code    22  usart.o(i.fputc)
    led0_task                                0x08001d39   Thumb Code    22  test_task.o(i.led0_task)
    led1_task                                0x08001d55   Thumb Code    76  test_task.o(i.led1_task)
    main                                     0x08001da9   Thumb Code    96  main.o(i.main)
    prvHardware_Init                         0x0800212d   Thumb Code    52  main.o(i.prvHardware_Init)
    pvPortMalloc                             0x0800298d   Thumb Code   262  heap_4.o(i.pvPortMalloc)
    pvTaskIncrementMutexHeldCount            0x08002ae1   Thumb Code    26  tasks.o(i.pvTaskIncrementMutexHeldCount)
    pxPortInitialiseStack                    0x08002b01   Thumb Code    38  port.o(i.pxPortInitialiseStack)
    start_task                               0x08002b2d   Thumb Code    82  test_task.o(i.start_task)
    uart_init                                0x08002bb5   Thumb Code   164  usart.o(i.uart_init)
    uxListRemove                             0x08002c61   Thumb Code    40  list.o(i.uxListRemove)
    vListInitialise                          0x08002c89   Thumb Code    26  list.o(i.vListInitialise)
    vListInitialiseItem                      0x08002ca3   Thumb Code     6  list.o(i.vListInitialiseItem)
    vListInsert                              0x08002ca9   Thumb Code    52  list.o(i.vListInsert)
    vListInsertEnd                           0x08002cdd   Thumb Code    24  list.o(i.vListInsertEnd)
    vPortEnterCritical                       0x08002cf5   Thumb Code    68  port.o(i.vPortEnterCritical)
    vPortExitCritical                        0x08002d7d   Thumb Code    48  port.o(i.vPortExitCritical)
    vPortFree                                0x08002ded   Thumb Code   120  heap_4.o(i.vPortFree)
    vPortSetupTimerInterrupt                 0x08002ea5   Thumb Code    26  port.o(i.vPortSetupTimerInterrupt)
    vPortValidateInterruptPriority           0x08002ec5   Thumb Code    86  port.o(i.vPortValidateInterruptPriority)
    vQueueAddToRegistry                      0x08002f65   Thumb Code    38  queue.o(i.vQueueAddToRegistry)
    vQueueWaitForMessageRestricted           0x08002f91   Thumb Code    74  queue.o(i.vQueueWaitForMessageRestricted)
    vTaskDelay                               0x08002fdd   Thumb Code    72  tasks.o(i.vTaskDelay)
    vTaskDelete                              0x08003051   Thumb Code   192  tasks.o(i.vTaskDelete)
    vTaskMissedYield                         0x0800315d   Thumb Code     8  tasks.o(i.vTaskMissedYield)
    vTaskPlaceOnEventList                    0x08003169   Thumb Code    42  tasks.o(i.vTaskPlaceOnEventList)
    vTaskPlaceOnEventListRestricted          0x080031bd   Thumb Code    50  tasks.o(i.vTaskPlaceOnEventListRestricted)
    vTaskPriorityInherit                     0x08003219   Thumb Code   164  tasks.o(i.vTaskPriorityInherit)
    vTaskSetTimeOutState                     0x080032c9   Thumb Code    32  tasks.o(i.vTaskSetTimeOutState)
    vTaskStartScheduler                      0x08003315   Thumb Code   108  tasks.o(i.vTaskStartScheduler)
    vTaskSuspendAll                          0x080033c1   Thumb Code    12  tasks.o(i.vTaskSuspendAll)
    vTaskSwitchContext                       0x080033d1   Thumb Code   110  tasks.o(i.vTaskSwitchContext)
    xPortStartScheduler                      0x08003479   Thumb Code   258  port.o(i.xPortStartScheduler)
    xPortSysTickHandler                      0x080035d5   Thumb Code    46  port.o(i.xPortSysTickHandler)
    xQueueCreateMutex                        0x08003609   Thumb Code    34  queue.o(i.xQueueCreateMutex)
    xQueueGenericCreate                      0x0800362d   Thumb Code    78  queue.o(i.xQueueGenericCreate)
    xQueueGenericReceive                     0x080036a1   Thumb Code   416  queue.o(i.xQueueGenericReceive)
    xQueueGenericReset                       0x08003869   Thumb Code   136  queue.o(i.xQueueGenericReset)
    xQueueGenericSend                        0x08003919   Thumb Code   412  queue.o(i.xQueueGenericSend)
    xQueueGenericSendFromISR                 0x08003add   Thumb Code   234  queue.o(i.xQueueGenericSendFromISR)
    xQueueGiveFromISR                        0x08003bed   Thumb Code   216  queue.o(i.xQueueGiveFromISR)
    xTaskCheckForTimeOut                     0x08003ce9   Thumb Code   116  tasks.o(i.xTaskCheckForTimeOut)
    xTaskCreate                              0x08003d89   Thumb Code    96  tasks.o(i.xTaskCreate)
    xTaskGetSchedulerState                   0x08003de9   Thumb Code    24  tasks.o(i.xTaskGetSchedulerState)
    xTaskGetTickCount                        0x08003e09   Thumb Code     6  tasks.o(i.xTaskGetTickCount)
    xTaskIncrementTick                       0x08003e15   Thumb Code   272  tasks.o(i.xTaskIncrementTick)
    xTaskPriorityDisinherit                  0x08003f75   Thumb Code   168  tasks.o(i.xTaskPriorityDisinherit)
    xTaskRemoveFromEventList                 0x0800404d   Thumb Code   118  tasks.o(i.xTaskRemoveFromEventList)
    xTaskResumeAll                           0x08004101   Thumb Code   214  tasks.o(i.xTaskResumeAll)
    xTimerCreateTimerTask                    0x08004221   Thumb Code    56  timers.o(i.xTimerCreateTimerTask)
    xTimerGenericCommand                     0x08004295   Thumb Code   118  timers.o(i.xTimerGenericCommand)
    Region$$Table$$Base                      0x08004338   Number         0  anon$$obj.o(Region$$Table)
    Region$$Table$$Limit                     0x08004358   Number         0  anon$$obj.o(Region$$Table)
    SystemCoreClock                          0x20000000   Data           4  system_stm32f4xx.o(.data)
    AHBPrescTable                            0x20000004   Data          16  system_stm32f4xx.o(.data)
    usart_test                               0x20000014   Data           1  main.o(.data)
    queuesend_Task1_Handle                   0x20000018   Data           4  main.o(.data)
    queuesend_Task2_Handle                   0x2000001c   Data           4  main.o(.data)
    queuesend_Task3_Handle                   0x20000020   Data           4  main.o(.data)
    StartTask_handle                         0x20000024   Data           4  main.o(.data)
    led0_task_handle                         0x20000028   Data           4  main.o(.data)
    led1_task_handle                         0x2000002c   Data           4  main.o(.data)
    float_task_handle                        0x20000030   Data           4  main.o(.data)
    ESP8266_Read_task_handle                 0x20000034   Data           4  main.o(.data)
    x1queuehandle                            0x20000038   Data           4  main.o(.data)
    x2queuehandle                            0x2000003c   Data           4  main.o(.data)
    mutexhandle                              0x20000040   Data           4  main.o(.data)
    Esp8266_ParseHandler                     0x20000044   Data           4  main.o(.data)
    Esp8266_SendHandler                      0x20000048   Data           4  main.o(.data)
    Uart4_RingBuffer_mutex                   0x2000004c   Data           4  main.o(.data)
    AT_LEN                                   0x20000050   Data           4  main.o(.data)
    __stdout                                 0x20000060   Data           4  usart.o(.data)
    USART_RX_STA                             0x20000064   Data           2  usart.o(.data)
    pxCurrentTCB                             0x20000078   Data           4  tasks.o(.data)
    usart4_buffer                            0x200000f0   Data         100  main.o(.bss)
    test_RingBuffer                          0x20000154   Data          12  main.o(.bss)
    Uart4_RingBuffer                         0x20000160   Data          12  main.o(.bss)
    Public_buffer                            0x2000016c   Data          20  main.o(.bss)
    Uart4_buffer                             0x20000180   Data          20  main.o(.bss)
    USART_RX_BUF                             0x20000194   Data         200  usart.o(.bss)
    xQueueRegistry                           0x2000025c   Data          64  queue.o(.bss)
    __initial_sp                             0x200059a8   Data           0  startup_stm32f40_41xxx.o(STACK)



==============================================================================

Memory Map of the image

  Image Entry point : 0x08000189

  Load Region LR_IROM1 (Base: 0x08000000, Size: 0x00004448, Max: 0x00100000, ABSOLUTE)

    Execution Region ER_IROM1 (Exec base: 0x08000000, Load base: 0x08000000, Size: 0x00004358, Max: 0x00100000, ABSOLUTE)

    Exec Addr    Load Addr    Size         Type   Attr      Idx    E Section Name        Object

    0x08000000   0x08000000   0x00000188   Data   RO          689    RESET               startup_stm32f40_41xxx.o
    0x08000188   0x08000188   0x00000000   Code   RO         5839  * .ARM.Collect$$$$00000000  mc_w.l(entry.o)
    0x08000188   0x08000188   0x00000004   Code   RO         6122    .ARM.Collect$$$$00000001  mc_w.l(entry2.o)
    0x0800018c   0x0800018c   0x00000004   Code   RO         6125    .ARM.Collect$$$$00000004  mc_w.l(entry5.o)
    0x08000190   0x08000190   0x00000000   Code   RO         6127    .ARM.Collect$$$$00000008  mc_w.l(entry7b.o)
    0x08000190   0x08000190   0x00000000   Code   RO         6129    .ARM.Collect$$$$0000000A  mc_w.l(entry8b.o)
    0x08000190   0x08000190   0x00000008   Code   RO         6130    .ARM.Collect$$$$0000000B  mc_w.l(entry9a.o)
    0x08000198   0x08000198   0x00000000   Code   RO         6132    .ARM.Collect$$$$0000000D  mc_w.l(entry10a.o)
    0x08000198   0x08000198   0x00000000   Code   RO         6134    .ARM.Collect$$$$0000000F  mc_w.l(entry11a.o)
    0x08000198   0x08000198   0x00000004   Code   RO         6123    .ARM.Collect$$$$00002712  mc_w.l(entry2.o)
    0x0800019c   0x0800019c   0x000000b6   Code   RO         4317    .emb_text           port.o
    0x08000252   0x08000252   0x00000002   PAD
    0x08000254   0x08000254   0x00000024   Code   RO          690    .text               startup_stm32f40_41xxx.o
    0x08000278   0x08000278   0x00000024   Code   RO         5845    .text               mc_w.l(memcpya.o)
    0x0800029c   0x0800029c   0x00000024   Code   RO         5847    .text               mc_w.l(memseta.o)
    0x080002c0   0x080002c0   0x0000000e   Code   RO         5849    .text               mc_w.l(strlen.o)
    0x080002ce   0x080002ce   0x00000026   Code   RO         6120    .text               mf_w.l(f2d.o)
    0x080002f4   0x080002f4   0x0000002c   Code   RO         6136    .text               mc_w.l(uidiv.o)
    0x08000320   0x08000320   0x00000062   Code   RO         6138    .text               mc_w.l(uldiv.o)
    0x08000382   0x08000382   0x00000000   Code   RO         6140    .text               mc_w.l(iusefp.o)
    0x08000382   0x08000382   0x0000014e   Code   RO         6141    .text               mf_w.l(dadd.o)
    0x080004d0   0x080004d0   0x000000e4   Code   RO         6143    .text               mf_w.l(dmul.o)
    0x080005b4   0x080005b4   0x000000de   Code   RO         6145    .text               mf_w.l(ddiv.o)
    0x08000692   0x08000692   0x00000030   Code   RO         6147    .text               mf_w.l(dfixul.o)
    0x080006c2   0x080006c2   0x00000002   PAD
    0x080006c4   0x080006c4   0x00000030   Code   RO         6149    .text               mf_w.l(cdrcmple.o)
    0x080006f4   0x080006f4   0x00000024   Code   RO         6151    .text               mc_w.l(init.o)
    0x08000718   0x08000718   0x0000001e   Code   RO         6153    .text               mc_w.l(llshl.o)
    0x08000736   0x08000736   0x00000020   Code   RO         6155    .text               mc_w.l(llushr.o)
    0x08000756   0x08000756   0x00000024   Code   RO         6157    .text               mc_w.l(llsshr.o)
    0x0800077a   0x0800077a   0x000000ba   Code   RO         6159    .text               mf_w.l(depilogue.o)
    0x08000834   0x08000834   0x00000024   Code   RO          455    i.AT_SendCmd        esp8266.o
    0x08000858   0x08000858   0x00000004   Code   RO            3    i.BusFault_Handler  stm32f4xx_it.o
    0x0800085c   0x0800085c   0x00000002   Code   RO            4    i.DebugMon_Handler  stm32f4xx_it.o
    0x0800085e   0x0800085e   0x00000090   Code   RO          741    i.GPIO_Init         stm32f4xx_gpio.o
    0x080008ee   0x080008ee   0x00000046   Code   RO          742    i.GPIO_PinAFConfig  stm32f4xx_gpio.o
    0x08000934   0x08000934   0x00000004   Code   RO          748    i.GPIO_ResetBits    stm32f4xx_gpio.o
    0x08000938   0x08000938   0x00000004   Code   RO          749    i.GPIO_SetBits      stm32f4xx_gpio.o
    0x0800093c   0x0800093c   0x00000008   Code   RO          751    i.GPIO_ToggleBits   stm32f4xx_gpio.o
    0x08000944   0x08000944   0x00000004   Code   RO            5    i.HardFault_Handler  stm32f4xx_it.o
    0x08000948   0x08000948   0x00000018   Code   RO         1423    i.I2C_Cmd           stm32f4xx_i2c.o
    0x08000960   0x08000960   0x000000e8   Code   RO         1438    i.I2C_Init          stm32f4xx_i2c.o
    0x08000a48   0x08000a48   0x00000034   Code   RO          421    i.KEY_Init          gpio.o
    0x08000a7c   0x08000a7c   0x00000040   Code   RO          200    i.LED_Init          led.o
    0x08000abc   0x08000abc   0x00000004   Code   RO            6    i.MemManage_Handler  stm32f4xx_it.o
    0x08000ac0   0x08000ac0   0x00000002   Code   RO            7    i.NMI_Handler       stm32f4xx_it.o
    0x08000ac2   0x08000ac2   0x00000002   PAD
    0x08000ac4   0x08000ac4   0x00000078   Code   RO          696    i.NVIC_Init         misc.o
    0x08000b3c   0x08000b3c   0x00000014   Code   RO          697    i.NVIC_PriorityGroupConfig  misc.o
    0x08000b50   0x08000b50   0x00000094   Code   RO          542    i.OLED_Init         oled.o
    0x08000be4   0x08000be4   0x00000020   Code   RO          838    i.RCC_AHB1PeriphClockCmd  stm32f4xx_rcc.o
    0x08000c04   0x08000c04   0x00000020   Code   RO          847    i.RCC_APB1PeriphClockCmd  stm32f4xx_rcc.o
    0x08000c24   0x08000c24   0x00000020   Code   RO          850    i.RCC_APB2PeriphClockCmd  stm32f4xx_rcc.o
    0x08000c44   0x08000c44   0x000000e8   Code   RO          859    i.RCC_GetClocksFreq  stm32f4xx_rcc.o
    0x08000d2c   0x08000d2c   0x0000000c   Code   RO          509    i.RingBuffer_Init   ringbuffer.o
    0x08000d38   0x08000d38   0x0000002e   Code   RO          511    i.RingBuffer_WriteByte  ringbuffer.o
    0x08000d66   0x08000d66   0x00000002   PAD
    0x08000d68   0x08000d68   0x000000ec   Code   RO          163    i.SetSysClock       system_stm32f4xx.o
    0x08000e54   0x08000e54   0x00000028   Code   RO          700    i.SysTick_CLKSourceConfig  misc.o
    0x08000e7c   0x08000e7c   0x00000010   Code   RO          570    i.SysTick_Handler   delay.o
    0x08000e8c   0x08000e8c   0x00000068   Code   RO          165    i.SystemInit        system_stm32f4xx.o
    0x08000ef4   0x08000ef4   0x00000054   Code   RO          370    i.UART4_IRQHandler  usart2.o
    0x08000f48   0x08000f48   0x000000b4   Code   RO          371    i.UART4_Init        usart2.o
    0x08000ffc   0x08000ffc   0x00000040   Code   RO          460    i.UART_AT_Send      esp8266.o
    0x0800103c   0x0800103c   0x00000088   Code   RO          628    i.USART1_IRQHandler  usart.o
    0x080010c4   0x080010c4   0x00000028   Code   RO          372    i.USART2_IRQHandler  usart2.o
    0x080010ec   0x080010ec   0x000000b4   Code   RO          373    i.USART2_Init       usart2.o
    0x080011a0   0x080011a0   0x00000018   Code   RO         1232    i.USART_Cmd         stm32f4xx_usart.o
    0x080011b8   0x080011b8   0x0000001a   Code   RO         1235    i.USART_GetFlagStatus  stm32f4xx_usart.o
    0x080011d2   0x080011d2   0x00000054   Code   RO         1236    i.USART_GetITStatus  stm32f4xx_usart.o
    0x08001226   0x08001226   0x0000004a   Code   RO         1238    i.USART_ITConfig    stm32f4xx_usart.o
    0x08001270   0x08001270   0x000000d4   Code   RO         1239    i.USART_Init        stm32f4xx_usart.o
    0x08001344   0x08001344   0x0000000a   Code   RO         1246    i.USART_ReceiveData  stm32f4xx_usart.o
    0x0800134e   0x0800134e   0x00000008   Code   RO         1249    i.USART_SendData    stm32f4xx_usart.o
    0x08001356   0x08001356   0x00000004   Code   RO            8    i.UsageFault_Handler  stm32f4xx_it.o
    0x0800135a   0x0800135a   0x00000032   Code   RO          374    i.Usart_SendByte    usart2.o
    0x0800138c   0x0800138c   0x00000020   Code   RO         6092    i.__0printf         mc_w.l(printfa.o)
    0x080013ac   0x080013ac   0x0000000e   Code   RO         6163    i.__scatterload_copy  mc_w.l(handlers.o)
    0x080013ba   0x080013ba   0x00000002   Code   RO         6164    i.__scatterload_null  mc_w.l(handlers.o)
    0x080013bc   0x080013bc   0x0000000e   Code   RO         6165    i.__scatterload_zeroinit  mc_w.l(handlers.o)
    0x080013ca   0x080013ca   0x00000002   PAD
    0x080013cc   0x080013cc   0x00000184   Code   RO         6099    i._fp_digits        mc_w.l(printfa.o)
    0x08001550   0x08001550   0x000006dc   Code   RO         6100    i._printf_core      mc_w.l(printfa.o)
    0x08001c2c   0x08001c2c   0x00000024   Code   RO         6101    i._printf_post_padding  mc_w.l(printfa.o)
    0x08001c50   0x08001c50   0x0000002e   Code   RO         6102    i._printf_pre_padding  mc_w.l(printfa.o)
    0x08001c7e   0x08001c7e   0x00000002   PAD
    0x08001c80   0x08001c80   0x00000044   Code   RO          571    i.delay_init        delay.o
    0x08001cc4   0x08001cc4   0x00000058   Code   RO         4444    i.float_task        test_task.o
    0x08001d1c   0x08001d1c   0x0000001c   Code   RO          630    i.fputc             usart.o
    0x08001d38   0x08001d38   0x0000001c   Code   RO         4445    i.led0_task         test_task.o
    0x08001d54   0x08001d54   0x00000054   Code   RO         4446    i.led1_task         test_task.o
    0x08001da8   0x08001da8   0x0000008c   Code   RO          336    i.main              main.o
    0x08001e34   0x08001e34   0x00000098   Code   RO         3754    i.prvAddCurrentTaskToDelayedList  tasks.o
    0x08001ecc   0x08001ecc   0x000000b8   Code   RO         3755    i.prvAddNewTaskToReadyList  tasks.o
    0x08001f84   0x08001f84   0x00000064   Code   RO         4122    i.prvCheckForValidListAndQueue  timers.o
    0x08001fe8   0x08001fe8   0x00000064   Code   RO         3756    i.prvCheckTasksWaitingTermination  tasks.o
    0x0800204c   0x0800204c   0x0000002a   Code   RO         3513    i.prvCopyDataFromQueue  queue.o
    0x08002076   0x08002076   0x0000007c   Code   RO         3514    i.prvCopyDataToQueue  queue.o
    0x080020f2   0x080020f2   0x00000012   Code   RO         3757    i.prvDeleteTCB      tasks.o
    0x08002104   0x08002104   0x00000028   Code   RO         4123    i.prvGetNextExpireTime  timers.o
    0x0800212c   0x0800212c   0x00000044   Code   RO          337    i.prvHardware_Init  main.o
    0x08002170   0x08002170   0x0000007c   Code   RO         4260    i.prvHeapInit       heap_4.o
    0x080021ec   0x080021ec   0x00000028   Code   RO         3758    i.prvIdleTask       tasks.o
    0x08002214   0x08002214   0x0000001c   Code   RO         3515    i.prvInitialiseMutex  queue.o
    0x08002230   0x08002230   0x0000002e   Code   RO         3516    i.prvInitialiseNewQueue  queue.o
    0x0800225e   0x0800225e   0x00000002   PAD
    0x08002260   0x08002260   0x000000d0   Code   RO         3759    i.prvInitialiseNewTask  tasks.o
    0x08002330   0x08002330   0x00000068   Code   RO         3760    i.prvInitialiseTaskLists  tasks.o
    0x08002398   0x08002398   0x00000068   Code   RO         4261    i.prvInsertBlockIntoFreeList  heap_4.o
    0x08002400   0x08002400   0x00000058   Code   RO         4125    i.prvInsertTimerInActiveList  timers.o
    0x08002458   0x08002458   0x0000001a   Code   RO         3517    i.prvIsQueueEmpty   queue.o
    0x08002472   0x08002472   0x0000001e   Code   RO         3518    i.prvIsQueueFull    queue.o
    0x08002490   0x08002490   0x000000a0   Code   RO         3519    i.prvNotifyQueueSetContainer  queue.o
    0x08002530   0x08002530   0x00000080   Code   RO         4126    i.prvProcessExpiredTimer  timers.o
    0x080025b0   0x080025b0   0x0000012c   Code   RO         4127    i.prvProcessReceivedCommands  timers.o
    0x080026dc   0x080026dc   0x00000074   Code   RO         4128    i.prvProcessTimerOrBlockTask  timers.o
    0x08002750   0x08002750   0x00000034   Code   RO         3762    i.prvResetNextTaskUnblockTime  tasks.o
    0x08002784   0x08002784   0x0000002c   Code   RO         4129    i.prvSampleTimeNow  timers.o
    0x080027b0   0x080027b0   0x000000bc   Code   RO         4130    i.prvSwitchTimerLists  timers.o
    0x0800286c   0x0800286c   0x00000074   Code   RO         4318    i.prvTaskExitError  port.o
    0x080028e0   0x080028e0   0x0000001a   Code   RO         4131    i.prvTimerTask      timers.o
    0x080028fa   0x080028fa   0x00000092   Code   RO         3520    i.prvUnlockQueue    queue.o
    0x0800298c   0x0800298c   0x00000154   Code   RO         4262    i.pvPortMalloc      heap_4.o
    0x08002ae0   0x08002ae0   0x00000020   Code   RO         3766    i.pvTaskIncrementMutexHeldCount  tasks.o
    0x08002b00   0x08002b00   0x0000002c   Code   RO         4319    i.pxPortInitialiseStack  port.o
    0x08002b2c   0x08002b2c   0x00000088   Code   RO         4447    i.start_task        test_task.o
    0x08002bb4   0x08002bb4   0x000000ac   Code   RO          631    i.uart_init         usart.o
    0x08002c60   0x08002c60   0x00000028   Code   RO         3468    i.uxListRemove      list.o
    0x08002c88   0x08002c88   0x0000001a   Code   RO         3469    i.vListInitialise   list.o
    0x08002ca2   0x08002ca2   0x00000006   Code   RO         3470    i.vListInitialiseItem  list.o
    0x08002ca8   0x08002ca8   0x00000034   Code   RO         3471    i.vListInsert       list.o
    0x08002cdc   0x08002cdc   0x00000018   Code   RO         3472    i.vListInsertEnd    list.o
    0x08002cf4   0x08002cf4   0x00000088   Code   RO         4321    i.vPortEnterCritical  port.o
    0x08002d7c   0x08002d7c   0x00000070   Code   RO         4322    i.vPortExitCritical  port.o
    0x08002dec   0x08002dec   0x000000b8   Code   RO         4263    i.vPortFree         heap_4.o
    0x08002ea4   0x08002ea4   0x00000020   Code   RO         4323    i.vPortSetupTimerInterrupt  port.o
    0x08002ec4   0x08002ec4   0x000000a0   Code   RO         4324    i.vPortValidateInterruptPriority  port.o
    0x08002f64   0x08002f64   0x0000002c   Code   RO         3526    i.vQueueAddToRegistry  queue.o
    0x08002f90   0x08002f90   0x0000004a   Code   RO         3530    i.vQueueWaitForMessageRestricted  queue.o
    0x08002fda   0x08002fda   0x00000002   PAD
    0x08002fdc   0x08002fdc   0x00000074   Code   RO         3774    i.vTaskDelay        tasks.o
    0x08003050   0x08003050   0x0000010c   Code   RO         3776    i.vTaskDelete       tasks.o
    0x0800315c   0x0800315c   0x0000000c   Code   RO         3780    i.vTaskMissedYield  tasks.o
    0x08003168   0x08003168   0x00000054   Code   RO         3782    i.vTaskPlaceOnEventList  tasks.o
    0x080031bc   0x080031bc   0x0000005c   Code   RO         3783    i.vTaskPlaceOnEventListRestricted  tasks.o
    0x08003218   0x08003218   0x000000b0   Code   RO         3785    i.vTaskPriorityInherit  tasks.o
    0x080032c8   0x080032c8   0x0000004c   Code   RO         3789    i.vTaskSetTimeOutState  tasks.o
    0x08003314   0x08003314   0x000000ac   Code   RO         3790    i.vTaskStartScheduler  tasks.o
    0x080033c0   0x080033c0   0x00000010   Code   RO         3792    i.vTaskSuspendAll   tasks.o
    0x080033d0   0x080033d0   0x000000a8   Code   RO         3793    i.vTaskSwitchContext  tasks.o
    0x08003478   0x08003478   0x0000015c   Code   RO         4325    i.xPortStartScheduler  port.o
    0x080035d4   0x080035d4   0x00000034   Code   RO         4326    i.xPortSysTickHandler  port.o
    0x08003608   0x08003608   0x00000022   Code   RO         3533    i.xQueueCreateMutex  queue.o
    0x0800362a   0x0800362a   0x00000002   PAD
    0x0800362c   0x0800362c   0x00000074   Code   RO         3535    i.xQueueGenericCreate  queue.o
    0x080036a0   0x080036a0   0x000001c8   Code   RO         3536    i.xQueueGenericReceive  queue.o
    0x08003868   0x08003868   0x000000b0   Code   RO         3537    i.xQueueGenericReset  queue.o
    0x08003918   0x08003918   0x000001c4   Code   RO         3538    i.xQueueGenericSend  queue.o
    0x08003adc   0x08003adc   0x00000110   Code   RO         3539    i.xQueueGenericSendFromISR  queue.o
    0x08003bec   0x08003bec   0x000000fc   Code   RO         3540    i.xQueueGiveFromISR  queue.o
    0x08003ce8   0x08003ce8   0x000000a0   Code   RO         3794    i.xTaskCheckForTimeOut  tasks.o
    0x08003d88   0x08003d88   0x00000060   Code   RO         3795    i.xTaskCreate       tasks.o
    0x08003de8   0x08003de8   0x00000020   Code   RO         3799    i.xTaskGetSchedulerState  tasks.o
    0x08003e08   0x08003e08   0x0000000c   Code   RO         3800    i.xTaskGetTickCount  tasks.o
    0x08003e14   0x08003e14   0x00000160   Code   RO         3802    i.xTaskIncrementTick  tasks.o
    0x08003f74   0x08003f74   0x000000d8   Code   RO         3805    i.xTaskPriorityDisinherit  tasks.o
    0x0800404c   0x0800404c   0x000000b4   Code   RO         3806    i.xTaskRemoveFromEventList  tasks.o
    0x08004100   0x08004100   0x00000120   Code   RO         3808    i.xTaskResumeAll    tasks.o
    0x08004220   0x08004220   0x00000074   Code   RO         4135    i.xTimerCreateTimerTask  timers.o
    0x08004294   0x08004294   0x000000a4   Code   RO         4136    i.xTimerGenericCommand  timers.o
    0x08004338   0x08004338   0x00000020   Data   RO         6161    Region$$Table       anon$$obj.o


    Execution Region RW_IRAM1 (Exec base: 0x20000000, Load base: 0x08004358, Size: 0x000059a8, Max: 0x00020000, ABSOLUTE)

    Exec Addr    Load Addr    Size         Type   Attr      Idx    E Section Name        Object

    0x20000000   0x08004358   0x00000014   Data   RW          166    .data               system_stm32f4xx.o
    0x20000014   0x0800436c   0x00000040   Data   RW          339    .data               main.o
    0x20000054   0x080043ac   0x00000008   Data   RW          376    .data               usart2.o
    0x2000005c   0x080043b4   0x00000004   Data   RW          574    .data               delay.o
    0x20000060   0x080043b8   0x00000006   Data   RW          633    .data               usart.o
    0x20000066   0x080043be   0x00000010   Data   RW          891    .data               stm32f4xx_rcc.o
    0x20000076   0x080043ce   0x00000002   PAD
    0x20000078   0x080043d0   0x0000003c   Data   RW         3811    .data               tasks.o
    0x200000b4   0x0800440c   0x00000014   Data   RW         4144    .data               timers.o
    0x200000c8   0x08004420   0x00000018   Data   RW         4268    .data               heap_4.o
    0x200000e0   0x08004438   0x0000000c   Data   RW         4327    .data               port.o
    0x200000ec   0x08004444   0x00000004   Data   RW         4448    .data               test_task.o
    0x200000f0        -       0x000000a4   Zero   RW          338    .bss                main.o
    0x20000194        -       0x000000c8   Zero   RW          632    .bss                usart.o
    0x2000025c        -       0x00000040   Zero   RW         3550    .bss                queue.o
    0x2000029c        -       0x000002e4   Zero   RW         3810    .bss                tasks.o
    0x20000580        -       0x00000028   Zero   RW         4143    .bss                timers.o
    0x200005a8        -       0x00005000   Zero   RW         4267    .bss                heap_4.o
    0x200055a8        -       0x00000400   Zero   RW          687    STACK               startup_stm32f40_41xxx.o


==============================================================================

Image component sizes


      Code (inc. data)   RO Data    RW Data    ZI Data      Debug   Object Name

        84         10          0          4          0       1259   delay.o
       100          6          0          0          0       1468   esp8266.o
         0          0          0          0          0       9336   event_groups.o
        52          4          0          0          0        523   gpio.o
       752        176          0         24      20480       3907   heap_4.o
        64          4          0          0          0     246999   led.o
       148          0          0          0          0       3150   list.o
       208         60          0         64        164       2495   main.o
       180         24          0          0          0       2033   misc.o
       148         14          0          0          0        628   oled.o
      1182        396          0         12          0      10741   port.o
      2478        274          0          0         64      15557   queue.o
        58          0          0          0          0       1585   ringbuffer.o
        36          8        392          0       1024        824   startup_stm32f40_41xxx.o
       230          0          0          0          0       3365   stm32f4xx_gpio.o
       256         14          0          0          0       1773   stm32f4xx_i2c.o
        20          0          0          0          0      43357   stm32f4xx_it.o
       328         36          0         16          0       4551   stm32f4xx_rcc.o
       438          8          0          0          0       5377   stm32f4xx_usart.o
       340         32          0         20          0       1701   system_stm32f4xx.o
      3406        878          0         60        740      29207   tasks.o
       336        102          0          4          0       2122   test_task.o
      1310        312          0         20         40       8711   timers.o
       336         28          0          6        200       3748   usart.o
       534         46          0          8          0       3647   usart2.o

    ----------------------------------------------------------------------
     13036       2432        424        240      22712     408064   Object Totals
         0          0         32          0          0          0   (incl. Generated)
        12          0          0          2          0          0   (incl. Padding)

    ----------------------------------------------------------------------

      Code (inc. data)   RO Data    RW Data    ZI Data      Debug   Library Member Name

         0          0          0          0          0          0   entry.o
         0          0          0          0          0          0   entry10a.o
         0          0          0          0          0          0   entry11a.o
         8          4          0          0          0          0   entry2.o
         4          0          0          0          0          0   entry5.o
         0          0          0          0          0          0   entry7b.o
         0          0          0          0          0          0   entry8b.o
         8          4          0          0          0          0   entry9a.o
        30          0          0          0          0          0   handlers.o
        36          8          0          0          0         68   init.o
         0          0          0          0          0          0   iusefp.o
        30          0          0          0          0         68   llshl.o
        36          0          0          0          0         68   llsshr.o
        32          0          0          0          0         68   llushr.o
        36          0          0          0          0         68   memcpya.o
        36          0          0          0          0        108   memseta.o
      2258         90          0          0          0        452   printfa.o
        14          0          0          0          0         68   strlen.o
        44          0          0          0          0         80   uidiv.o
        98          0          0          0          0         92   uldiv.o
        48          0          0          0          0         68   cdrcmple.o
       334          0          0          0          0        148   dadd.o
       222          0          0          0          0        100   ddiv.o
       186          0          0          0          0        176   depilogue.o
        48          0          0          0          0         68   dfixul.o
       228          0          0          0          0         96   dmul.o
        38          0          0          0          0         68   f2d.o

    ----------------------------------------------------------------------
      3780        106          0          0          0       1864   Library Totals
         6          0          0          0          0          0   (incl. Padding)

    ----------------------------------------------------------------------

      Code (inc. data)   RO Data    RW Data    ZI Data      Debug   Library Name

      2670        106          0          0          0       1140   mc_w.l
      1104          0          0          0          0        724   mf_w.l

    ----------------------------------------------------------------------
      3780        106          0          0          0       1864   Library Totals

    ----------------------------------------------------------------------

==============================================================================


      Code (inc. data)   RO Data    RW Data    ZI Data      Debug   

     16816       2538        424        240      22712     397196   Grand Totals
     16816       2538        424        240      22712     397196   ELF Image Totals
     16816       2538        424        240          0          0   ROM Totals

==============================================================================

    Total RO  Size (Code + RO Data)                17240 (  16.84kB)
    Total RW  Size (RW Data + ZI Data)             22952 (  22.41kB)
    Total ROM Size (Code + RO Data + RW Data)      17480 (  17.07kB)

==============================================================================

