<html>
<body>
<pre>
<h1>µVision Build Log</h1>
<h2>Tool Versions:</h2>
IDE-Version: ¦ÌVision V5.24.2.0
Copyright (C) 2017 ARM Ltd and ARM Germany GmbH. All rights reserved.
License Information: weweho chen, 1, LIC=LSNXV-PUANL-ARUXW-QGCEV-TR579-JSXGU
 
Tool Versions:
Toolchain:       MDK-ARM Plus  Version: 5.24.1
Toolchain Path:  D:\Keil_v5\ARM\ARMCC\Bin
C Compiler:      Armcc.exe V5.06 update 5 (build 528)
Assembler:       Armasm.exe V5.06 update 5 (build 528)
Linker/Locator:  ArmLink.exe V5.06 update 5 (build 528)
Library Manager: ArmAr.exe V5.06 update 5 (build 528)
Hex Converter:   FromElf.exe V5.06 update 5 (build 528)
CPU DLL:         SARMCM3.DLL V5.24.1
Dialog DLL:      DARMSTM.DLL V1.68.0.0
Target DLL:      STLink\ST-LINKIII-KEIL_SWO.dll V3.0.1.0
Dialog DLL:      DARMSTM.DLL V1.68.0.0
 
<h2>Project:</h2>
C:\Users\jyq20\Documents\GitHub\local-storehouse\MQTTÖÇÄÜ¼Ò¾Ó_RTOS\USER\FreeRTOS.uvprojx
Project File Date:  07/10/2025

<h2>Output:</h2>
*** Using Compiler 'V5.06 update 5 (build 528)', folder: 'D:\Keil_v5\ARM\ARMCC\Bin'
Rebuild target 'FreeRTOS'
compiling stm32f4xx_it.c...
compiling led.c...
compiling ringbuffer.c...
compiling system_stm32f4xx.c...
compiling main.c...
compiling esp8266.c...
compiling gpio.c...
compiling delay.c...
assembling startup_stm32f40_41xxx.s...
compiling usart2.c...
..\HARDWARE\USART2\usart2.c(8): warning:  #177-D: variable "NVIC_InitStructure"  was declared but never referenced
  	NVIC_InitTypeDef  NVIC_InitStructure;
..\HARDWARE\USART2\usart2.c(127): warning:  #177-D: variable "res"  was declared but never referenced
  	unsigned char res;
..\HARDWARE\USART2\usart2.c: 2 warnings, 0 errors
compiling dht11.c...
compiling oled.c...
compiling stm32f4xx_rcc.c...
compiling stm32f4xx_syscfg.c...
compiling usart.c...
compiling sys.c...
compiling misc.c...
compiling stm32f4xx_gpio.c...
compiling stm32f4xx_can.c...
compiling stm32f4xx_spi.c...
compiling stm32f4xx_tim.c...
compiling stm32f4xx_i2c.c...
compiling stm32f4xx_usart.c...
compiling croutine.c...
compiling stm32f4xx_sdio.c...
compiling event_groups.c...
compiling stm32f4xx_dac.c...
compiling stm32f4xx_adc.c...
compiling stm32f4xx_flash.c...
compiling mqtt_list.c...
compiling list.c...
compiling queue.c...
compiling timers.c...
compiling tasks.c...
compiling heap_4.c...
compiling port.c...
compiling MQTTFormat.c...
compiling MQTTDeserializePublish.c...
compiling data_handle.c...
compiling MQTTPacket.c...
compiling queue_send.c...
compiling MQTTConnectServer.c...
compiling MQTTConnectClient.c...
compiling MQTTSerializePublish.c...
compiling test_task.c...
compiling MQTTUnsubscribeClient.c...
compiling MQTTSubscribeServer.c...
compiling MQTTSubscribeClient.c...
compiling queue_receive.c...
compiling MQTTUnsubscribeServer.c...
compiling nettype_tcp.c...
compiling random.c...
compiling platform_net_socket.c...
compiling network.c...
compiling platform_memory.c...
compiling platform_mutex.c...
compiling platform_thread.c...
compiling mqttclient.c...
..\MQTTClient\mqttclient\mqttclient.c(1076): warning:  #68-D: integer conversion resulted in a change of sign
          
ETURN_ERROR(MQTT_MEM_NOT_ENOUGH_ERROR);
..\MQTTClient\mqttclient\mqttclient.c(1098): warning:  #68-D: integer conversion resulted in a change of sign
          
ETURN_ERROR(MQTT_MEM_NOT_ENOUGH_ERROR);
..\MQTTClient\mqttclient\mqttclient.c: 2 warnings, 0 errors
compiling platform_timer.c...
linking...
Program Size: Code=16888 RO-data=560 RW-data=256 ZI-data=25848  
FromELF: creating hex file...
"..\OBJ\FreeRTOS.axf" - 0 Error(s), 4 Warning(s).

<h2>Software Packages used:</h2>

Package Vendor: Keil
                http://www.keil.com/pack/Keil.STM32F4xx_DFP.1.0.8.pack
                Keil.STM32F4xx_DFP.1.0.8
                STMicroelectronics STM32F4 Series Device Support, Drivers and Examples

<h2>Collection of Component include folders:</h2>
  .\RTE\_FreeRTOS
  D:\Keil_v5\ARM\PACK\Keil\STM32F4xx_DFP\1.0.8\Device\Include

<h2>Collection of Component Files used:</h2>
Build Time Elapsed:  00:00:30
</pre>
</body>
</html>
