Component: ARM Compiler 5.06 update 5 (build 528) Tool: armlink [4d35e2]

==============================================================================

Section Cross References

    system_stm32f4xx.o(i.SystemCoreClockUpdate) refers to system_stm32f4xx.o(.data) for SystemCoreClock
    system_stm32f4xx.o(i.SystemInit) refers to system_stm32f4xx.o(i.SetSysClock) for SetSysClock
    led.o(i.LED_Init) refers to stm32f4xx_rcc.o(i.RCC_AHB1PeriphClockCmd) for RCC_AHB1PeriphClockCmd
    led.o(i.LED_Init) refers to stm32f4xx_gpio.o(i.GPIO_Init) for GPIO_Init
    led.o(i.LED_Init) refers to stm32f4xx_gpio.o(i.GPIO_SetBits) for GPIO_SetBits
    main.o(i.main) refers to misc.o(i.NVIC_PriorityGroupConfig) for NVIC_PriorityGroupConfig
    main.o(i.main) refers to delay.o(i.delay_init) for delay_init
    main.o(i.main) refers to main.o(i.prvHardware_Init) for prvHardware_Init
    main.o(i.main) refers to esp8266.o(i.UART4_Lock_Init) for UART4_Lock_Init
    main.o(i.main) refers to esp8266.o(i.AT_DataRead_Lock_Init) for AT_DataRead_Lock_Init
    main.o(i.main) refers to esp8266.o(i.Esp8266_Parse_Init) for Esp8266_Parse_Init
    main.o(i.main) refers to usart2.o(i.Usart_SendString) for Usart_SendString
    main.o(i.main) refers to tasks.o(i.xTaskCreate) for xTaskCreate
    main.o(i.main) refers to tasks.o(i.vTaskStartScheduler) for vTaskStartScheduler
    main.o(i.main) refers to main.o(.data) for StartTask_handle
    main.o(i.main) refers to test_task.o(i.start_task) for start_task
    main.o(i.prvHardware_Init) refers to usart.o(i.uart_init) for uart_init
    main.o(i.prvHardware_Init) refers to gpio.o(i.KEY_Init) for KEY_Init
    main.o(i.prvHardware_Init) refers to usart2.o(i.USART2_Init) for USART2_Init
    main.o(i.prvHardware_Init) refers to usart2.o(i.UART4_Init) for UART4_Init
    main.o(i.prvHardware_Init) refers to ringbuffer.o(i.RingBuffer_Init) for RingBuffer_Init
    main.o(i.prvHardware_Init) refers to main.o(.bss) for test_RingBuffer
    usart2.o(i.UART4_IRQHandler) refers to stm32f4xx_usart.o(i.USART_GetITStatus) for USART_GetITStatus
    usart2.o(i.UART4_IRQHandler) refers to stm32f4xx_usart.o(i.USART_ReceiveData) for USART_ReceiveData
    usart2.o(i.UART4_IRQHandler) refers to ringbuffer.o(i.RingBuffer_WriteByte) for RingBuffer_WriteByte
    usart2.o(i.UART4_IRQHandler) refers to queue.o(i.xQueueGiveFromISR) for xQueueGiveFromISR
    usart2.o(i.UART4_IRQHandler) refers to usart2.o(.data) for xHigherPriorityTaskWoken
    usart2.o(i.UART4_IRQHandler) refers to main.o(.bss) for test_RingBuffer
    usart2.o(i.UART4_IRQHandler) refers to main.o(.data) for Esp8266_ParseHandler
    usart2.o(i.UART4_Init) refers to stm32f4xx_rcc.o(i.RCC_AHB1PeriphClockCmd) for RCC_AHB1PeriphClockCmd
    usart2.o(i.UART4_Init) refers to stm32f4xx_rcc.o(i.RCC_APB1PeriphClockCmd) for RCC_APB1PeriphClockCmd
    usart2.o(i.UART4_Init) refers to stm32f4xx_gpio.o(i.GPIO_PinAFConfig) for GPIO_PinAFConfig
    usart2.o(i.UART4_Init) refers to stm32f4xx_gpio.o(i.GPIO_Init) for GPIO_Init
    usart2.o(i.UART4_Init) refers to stm32f4xx_usart.o(i.USART_Init) for USART_Init
    usart2.o(i.UART4_Init) refers to stm32f4xx_usart.o(i.USART_Cmd) for USART_Cmd
    usart2.o(i.UART4_Init) refers to stm32f4xx_usart.o(i.USART_ITConfig) for USART_ITConfig
    usart2.o(i.UART4_Init) refers to misc.o(i.NVIC_Init) for NVIC_Init
    usart2.o(i.USART2_IRQHandler) refers to stm32f4xx_usart.o(i.USART_GetITStatus) for USART_GetITStatus
    usart2.o(i.USART2_Init) refers to stm32f4xx_rcc.o(i.RCC_AHB1PeriphClockCmd) for RCC_AHB1PeriphClockCmd
    usart2.o(i.USART2_Init) refers to stm32f4xx_rcc.o(i.RCC_APB1PeriphClockCmd) for RCC_APB1PeriphClockCmd
    usart2.o(i.USART2_Init) refers to stm32f4xx_gpio.o(i.GPIO_PinAFConfig) for GPIO_PinAFConfig
    usart2.o(i.USART2_Init) refers to stm32f4xx_gpio.o(i.GPIO_Init) for GPIO_Init
    usart2.o(i.USART2_Init) refers to stm32f4xx_usart.o(i.USART_Init) for USART_Init
    usart2.o(i.USART2_Init) refers to stm32f4xx_usart.o(i.USART_Cmd) for USART_Cmd
    usart2.o(i.Usart_SendByte) refers to stm32f4xx_usart.o(i.USART_SendData) for USART_SendData
    usart2.o(i.Usart_SendByte) refers to stm32f4xx_usart.o(i.USART_GetFlagStatus) for USART_GetFlagStatus
    usart2.o(i.Usart_SendString) refers to usart2.o(i.Usart_SendByte) for Usart_SendByte
    gpio.o(i.KEY_Init) refers to stm32f4xx_rcc.o(i.RCC_AHB1PeriphClockCmd) for RCC_AHB1PeriphClockCmd
    gpio.o(i.KEY_Init) refers to stm32f4xx_gpio.o(i.GPIO_Init) for GPIO_Init
    esp8266.o(i.AT_DataRead_Lock_Init) refers to platform_mutex.o(i.platform_mutex_init) for platform_mutex_init
    esp8266.o(i.AT_DataRead_Lock_Init) refers to platform_mutex.o(i.platform_mutex_lock) for platform_mutex_lock
    esp8266.o(i.AT_DataRead_Lock_Init) refers to esp8266.o(.data) for AT_DataRead
    esp8266.o(i.AT_DataRead_Unlock) refers to platform_mutex.o(i.platform_mutex_unlock) for platform_mutex_unlock
    esp8266.o(i.AT_DataRead_Unlock) refers to esp8266.o(.data) for AT_DataRead
[...]
    ..\\FWLIB\\src\\misc.c                   0x00000000   Number         0  misc.o ABSOLUTE
    ..\\FWLIB\\src\\stm32f4xx_adc.c          0x00000000   Number         0  stm32f4xx_adc.o ABSOLUTE
    ..\\FWLIB\\src\\stm32f4xx_can.c          0x00000000   Number         0  stm32f4xx_can.o ABSOLUTE
    ..\\FWLIB\\src\\stm32f4xx_dac.c          0x00000000   Number         0  stm32f4xx_dac.o ABSOLUTE
    ..\\FWLIB\\src\\stm32f4xx_flash.c        0x00000000   Number         0  stm32f4xx_flash.o ABSOLUTE
    ..\\FWLIB\\src\\stm32f4xx_gpio.c         0x00000000   Number         0  stm32f4xx_gpio.o ABSOLUTE
    ..\\FWLIB\\src\\stm32f4xx_i2c.c          0x00000000   Number         0  stm32f4xx_i2c.o ABSOLUTE
    ..\\FWLIB\\src\\stm32f4xx_rcc.c          0x00000000   Number         0  stm32f4xx_rcc.o ABSOLUTE
    ..\\FWLIB\\src\\stm32f4xx_sdio.c         0x00000000   Number         0  stm32f4xx_sdio.o ABSOLUTE
    ..\\FWLIB\\src\\stm32f4xx_spi.c          0x00000000   Number         0  stm32f4xx_spi.o ABSOLUTE
    ..\\FWLIB\\src\\stm32f4xx_syscfg.c       0x00000000   Number         0  stm32f4xx_syscfg.o ABSOLUTE
    ..\\FWLIB\\src\\stm32f4xx_tim.c          0x00000000   Number         0  stm32f4xx_tim.o ABSOLUTE
    ..\\FWLIB\\src\\stm32f4xx_usart.c        0x00000000   Number         0  stm32f4xx_usart.o ABSOLUTE
    ..\\FreeRTOS\\croutine.c                 0x00000000   Number         0  croutine.o ABSOLUTE
    ..\\FreeRTOS\\event_groups.c             0x00000000   Number         0  event_groups.o ABSOLUTE
    ..\\FreeRTOS\\list.c                     0x00000000   Number         0  list.o ABSOLUTE
    ..\\FreeRTOS\\portable\\MemMang\\heap_4.c 0x00000000   Number         0  heap_4.o ABSOLUTE
    ..\\FreeRTOS\\portable\\RVDS\\ARM_CM4F\\port.c 0x00000000   Number         0  port.o ABSOLUTE
    ..\\FreeRTOS\\queue.c                    0x00000000   Number         0  queue.o ABSOLUTE
    ..\\FreeRTOS\\tasks.c                    0x00000000   Number         0  tasks.o ABSOLUTE
    ..\\FreeRTOS\\timers.c                   0x00000000   Number         0  timers.o ABSOLUTE
    ..\\HARDWARE\\DHT11\\dht11.c             0x00000000   Number         0  dht11.o ABSOLUTE
    ..\\HARDWARE\\ESP8266\\esp8266.c         0x00000000   Number         0  esp8266.o ABSOLUTE
    ..\\HARDWARE\\GPIO\\gpio.c               0x00000000   Number         0  gpio.o ABSOLUTE
    ..\\HARDWARE\\LED\\led.c                 0x00000000   Number         0  led.o ABSOLUTE
    ..\\HARDWARE\\OLED\\oled.c               0x00000000   Number         0  oled.o ABSOLUTE
    ..\\HARDWARE\\RingBuffer\\ringbuffer.c   0x00000000   Number         0  ringbuffer.o ABSOLUTE
    ..\\HARDWARE\\USART2\\usart2.c           0x00000000   Number         0  usart2.o ABSOLUTE
    ..\\MQTTClient\\common\\random.c         0x00000000   Number         0  random.o ABSOLUTE
    ..\\MQTTClient\\mqttclient\\mqttclient.c 0x00000000   Number         0  mqttclient.o ABSOLUTE
    ..\\MQTTClient\\network\\network.c       0x00000000   Number         0  network.o ABSOLUTE
    ..\\MQTTClient\\platform\\FreeRTOS\\platform_memory.c 0x00000000   Number         0  platform_memory.o ABSOLUTE
    ..\\MQTTClient\\platform\\FreeRTOS\\platform_mutex.c 0x00000000   Number         0  platform_mutex.o ABSOLUTE
    ..\\MQTTClient\\platform\\FreeRTOS\\platform_net_socket.c 0x00000000   Number         0  platform_net_socket.o ABSOLUTE
    ..\\MQTTClient\\platform\\FreeRTOS\\platform_thread.c 0x00000000   Number         0  platform_thread.o ABSOLUTE
    ..\\MQTTClient\\platform\\FreeRTOS\\platform_timer.c 0x00000000   Number         0  platform_timer.o ABSOLUTE
    ..\\SYSTEM\\delay\\delay.c               0x00000000   Number         0  delay.o ABSOLUTE
    ..\\SYSTEM\\sys\\sys.c                   0x00000000   Number         0  sys.o ABSOLUTE
    ..\\SYSTEM\\usart\\usart.c               0x00000000   Number         0  usart.o ABSOLUTE
    ..\\TASK\\data_handle.c                  0x00000000   Number         0  data_handle.o ABSOLUTE
    ..\\TASK\\queue_receive.c                0x00000000   Number         0  queue_receive.o ABSOLUTE
    ..\\TASK\\queue_send.c                   0x00000000   Number         0  queue_send.o ABSOLUTE
    ..\\TASK\\test_task.c                    0x00000000   Number         0  test_task.o ABSOLUTE
    cdrcmple.s                               0x00000000   Number         0  cdrcmple.o ABSOLUTE
    dc.s                                     0x00000000   Number         0  dc.o ABSOLUTE
    handlers.s                               0x00000000   Number         0  handlers.o ABSOLUTE
    init.s                                   0x00000000   Number         0  init.o ABSOLUTE
    main.c                                   0x00000000   Number         0  main.o ABSOLUTE
    main.c                                   0x00000000   Number         0  main.o ABSOLUTE
    stm32f4xx_it.c                           0x00000000   Number         0  stm32f4xx_it.o ABSOLUTE
    stm32f4xx_it.c                           0x00000000   Number         0  stm32f4xx_it.o ABSOLUTE
    system_stm32f4xx.c                       0x00000000   Number         0  system_stm32f4xx.o ABSOLUTE
    system_stm32f4xx.c                       0x00000000   Number         0  system_stm32f4xx.o ABSOLUTE
    RESET                                    0x08000000   Section      392  startup_stm32f40_41xxx.o(RESET)
    .ARM.Collect$$$$00000000                 0x08000188   Section        0  entry.o(.ARM.Collect$$$$00000000)
    .ARM.Collect$$$$00000001                 0x08000188   Section        4  entry2.o(.ARM.Collect$$$$00000001)
    .ARM.Collect$$$$00000004                 0x0800018c   Section        4  entry5.o(.ARM.Collect$$$$00000004)
    .ARM.Collect$$$$00000008                 0x08000190   Section        0  entry7b.o(.ARM.Collect$$$$00000008)
    .ARM.Collect$$$$0000000A                 0x08000190   Section        0  entry8b.o(.ARM.Collect$$$$0000000A)
    .ARM.Collect$$$$0000000B                 0x08000190   Section        8  entry9a.o(.ARM.Collect$$$$0000000B)
    .ARM.Collect$$$$0000000D                 0x08000198   Section        0  entry10a.o(.ARM.Collect$$$$0000000D)
    .ARM.Collect$$$$0000000F                 0x08000198   Section        0  entry11a.o(.ARM.Collect$$$$0000000F)
    .ARM.Collect$$$$00002712                 0x08000198   Section        4  entry2.o(.ARM.Collect$$$$00002712)
    __lit__00000000                          0x08000198   Data           4  entry2.o(.ARM.Collect$$$$00002712)
    .emb_text                                0x0800019c   Section      182  port.o(.emb_text)
    $v0                                      0x0800019c   Number         0  port.o(.emb_text)
    .text                                    0x08000254   Section       36  startup_stm32f40_41xxx.o(.text)
    $v0                                      0x08000254   Number         0  startup_stm32f40_41xxx.o(.text)
    .text                                    0x08000278   Section        0  ctype_o.o(.text)
    .text                                    0x08000280   Section        0  memcpya.o(.text)
    .text                                    0x080002a4   Section        0  memseta.o(.text)
    .text                                    0x080002c8   Section        0  strstr.o(.text)
    .text                                    0x080002ec   Section        0  strlen.o(.text)
    .text                                    0x080002fa   Section        0  memcmp.o(.text)
    .text                                    0x08000314   Section        0  strcpy.o(.text)
    .text                                    0x08000326   Section        0  uidiv.o(.text)
    .text                                    0x08000352   Section        0  uldiv.o(.text)
    .text                                    0x080003b4   Section        0  iusefp.o(.text)
    .text                                    0x080003b4   Section        0  dadd.o(.text)
    .text                                    0x08000502   Section        0  dmul.o(.text)
    .text                                    0x080005e6   Section        0  ddiv.o(.text)
    .text                                    0x080006c4   Section        0  dfixul.o(.text)
    .text                                    0x080006f4   Section       48  cdrcmple.o(.text)
    .text                                    0x08000724   Section       36  init.o(.text)
    .text                                    0x08000748   Section        0  llshl.o(.text)
    .text                                    0x08000766   Section        0  llushr.o(.text)
    .text                                    0x08000786   Section        0  llsshr.o(.text)
    .text                                    0x080007aa   Section        0  depilogue.o(.text)
    i.AT_DataRead_Lock_Init                  0x08000864   Section        0  esp8266.o(i.AT_DataRead_Lock_Init)
    i.AT_DataRead_Unlock                     0x08000878   Section        0  esp8266.o(i.AT_DataRead_Unlock)
    i.AT_Receive_Char                        0x08000888   Section        0  esp8266.o(i.AT_Receive_Char)
    i.AT_TestTask                            0x080008b8   Section        0  test_task.o(i.AT_TestTask)
    i.BusFault_Handler                       0x080008e4   Section        0  stm32f4xx_it.o(i.BusFault_Handler)
    i.DebugMon_Handler                       0x080008e8   Section        0  stm32f4xx_it.o(i.DebugMon_Handler)
    i.ESP8266_PalseTask                      0x080008ec   Section        0  test_task.o(i.ESP8266_PalseTask)
    i.Esp8266_Parse_Init                     0x08000994   Section        0  esp8266.o(i.Esp8266_Parse_Init)
    i.GPIO_Init                              0x080009ac   Section        0  stm32f4xx_gpio.o(i.GPIO_Init)
    i.GPIO_PinAFConfig                       0x08000a3c   Section        0  stm32f4xx_gpio.o(i.GPIO_PinAFConfig)
    i.GetATStatus                            0x08000a84   Section        0  esp8266.o(i.GetATStatus)
    i.Get_CIPSEND_Result                     0x08000a90   Section        0  esp8266.o(i.Get_CIPSEND_Result)
    i.Get_URC_Obj                            0x08000ac4   Section        0  esp8266.o(i.Get_URC_Obj)
    i.HardFault_Handler                      0x08000be0   Section        0  stm32f4xx_it.o(i.HardFault_Handler)
    i.Is_AT_Response                         0x08000be4   Section        0  esp8266.o(i.Is_AT_Response)
    i.KEY_Init                               0x08000c50   Section        0  gpio.o(i.KEY_Init)
    i.MemManage_Handler                      0x08000c84   Section        0  stm32f4xx_it.o(i.MemManage_Handler)
    i.NMI_Handler                            0x08000c88   Section        0  stm32f4xx_it.o(i.NMI_Handler)
    i.NVIC_Init                              0x08000c8c   Section        0  misc.o(i.NVIC_Init)
    i.NVIC_PriorityGroupConfig               0x08000d04   Section        0  misc.o(i.NVIC_PriorityGroupConfig)
    i.RCC_AHB1PeriphClockCmd                 0x08000d18   Section        0  stm32f4xx_rcc.o(i.RCC_AHB1PeriphClockCmd)
    i.RCC_APB1PeriphClockCmd                 0x08000d38   Section        0  stm32f4xx_rcc.o(i.RCC_APB1PeriphClockCmd)
    i.RCC_APB2PeriphClockCmd                 0x08000d58   Section        0  stm32f4xx_rcc.o(i.RCC_APB2PeriphClockCmd)
    i.RCC_GetClocksFreq                      0x08000d78   Section        0  stm32f4xx_rcc.o(i.RCC_GetClocksFreq)
    i.RingBuffer_Init                        0x08000e60   Section        0  ringbuffer.o(i.RingBuffer_Init)
    i.RingBuffer_ReadByte                    0x08000e70   Section        0  ringbuffer.o(i.RingBuffer_ReadByte)
    i.RingBuffer_WriteByte                   0x08000eb8   Section        0  ringbuffer.o(i.RingBuffer_WriteByte)
    i.SetATStatus                            0x08000eec   Section        0  esp8266.o(i.SetATStatus)
    i.SetSysClock                            0x08000ef8   Section        0  system_stm32f4xx.o(i.SetSysClock)
    SetSysClock                              0x08000ef9   Thumb Code   220  system_stm32f4xx.o(i.SetSysClock)
    i.SysTick_CLKSourceConfig                0x08000fe4   Section        0  misc.o(i.SysTick_CLKSourceConfig)
    i.SysTick_Handler                        0x0800100c   Section        0  delay.o(i.SysTick_Handler)
    i.SystemInit                             0x0800101c   Section        0  system_stm32f4xx.o(i.SystemInit)
    i.UART4_IRQHandler                       0x08001084   Section        0  usart2.o(i.UART4_IRQHandler)
    i.UART4_Init                             0x080010e0   Section        0  usart2.o(i.UART4_Init)
    i.UART4_Lock_Init                        0x08001194   Section        0  esp8266.o(i.UART4_Lock_Init)
    i.UART4_Unlock                           0x080011a8   Section        0  esp8266.o(i.UART4_Unlock)
    i.UART_AT_Send                           0x080011b8   Section        0  esp8266.o(i.UART_AT_Send)
    i.URC_handler_Init                       0x0800121c   Section        0  esp8266.o(i.URC_handler_Init)
    i.USART1_IRQHandler                      0x0800122c   Section        0  usart.o(i.USART1_IRQHandler)
    i.USART2_IRQHandler                      0x080012b4   Section        0  usart2.o(i.USART2_IRQHandler)
    i.USART2_Init                            0x080012c8   Section        0  usart2.o(i.USART2_Init)
    i.USART_Cmd                              0x08001350   Section        0  stm32f4xx_usart.o(i.USART_Cmd)
    i.USART_GetFlagStatus                    0x08001368   Section        0  stm32f4xx_usart.o(i.USART_GetFlagStatus)
    i.USART_GetITStatus                      0x08001382   Section        0  stm32f4xx_usart.o(i.USART_GetITStatus)
    i.USART_ITConfig                         0x080013d6   Section        0  stm32f4xx_usart.o(i.USART_ITConfig)
    i.USART_Init                             0x08001420   Section        0  stm32f4xx_usart.o(i.USART_Init)
    i.USART_ReceiveData                      0x080014f4   Section        0  stm32f4xx_usart.o(i.USART_ReceiveData)
    i.USART_SendData                         0x080014fe   Section        0  stm32f4xx_usart.o(i.USART_SendData)
    i.UsageFault_Handler                     0x08001506   Section        0  stm32f4xx_it.o(i.UsageFault_Handler)
    i.Usart_SendByte                         0x0800150a   Section        0  usart2.o(i.Usart_SendByte)
    i.Usart_SendString                       0x08001528   Section        0  usart2.o(i.Usart_SendString)
    i.__0printf                              0x08001550   Section        0  printfa.o(i.__0printf)
    i.__scatterload_copy                     0x08001570   Section       14  handlers.o(i.__scatterload_copy)
    i.__scatterload_null                     0x0800157e   Section        2  handlers.o(i.__scatterload_null)
    i.__scatterload_zeroinit                 0x08001580   Section       14  handlers.o(i.__scatterload_zeroinit)
    i._fp_digits                             0x08001590   Section        0  printfa.o(i._fp_digits)
    _fp_digits                               0x08001591   Thumb Code   366  printfa.o(i._fp_digits)
    i._printf_core                           0x08001714   Section        0  printfa.o(i._printf_core)
    _printf_core                             0x08001715   Thumb Code  1744  printfa.o(i._printf_core)
    i._printf_post_padding                   0x08001df0   Section        0  printfa.o(i._printf_post_padding)
    _printf_post_padding                     0x08001df1   Thumb Code    36  printfa.o(i._printf_post_padding)
    i._printf_pre_padding                    0x08001e14   Section        0  printfa.o(i._printf_pre_padding)
    _printf_pre_padding                      0x08001e15   Thumb Code    46  printfa.o(i._printf_pre_padding)
    i.delay_init                             0x08001e44   Section        0  delay.o(i.delay_init)
    i.fputc                                  0x08001e88   Section        0  usart2.o(i.fputc)
    i.main                                   0x08001ea4   Section        0  main.o(i.main)
    i.platform_mutex_init                    0x08001f0c   Section        0  platform_mutex.o(i.platform_mutex_init)
    i.platform_mutex_lock                    0x08001f2c   Section        0  platform_mutex.o(i.platform_mutex_lock)
    i.platform_mutex_lock_timeout            0x08001f3e   Section        0  platform_mutex.o(i.platform_mutex_lock_timeout)
    i.platform_mutex_unlock                  0x08001f60   Section        0  platform_mutex.o(i.platform_mutex_unlock)
    i.prvAddCurrentTaskToDelayedList         0x08001f74   Section        0  tasks.o(i.prvAddCurrentTaskToDelayedList)
    prvAddCurrentTaskToDelayedList           0x08001f75   Thumb Code   124  tasks.o(i.prvAddCurrentTaskToDelayedList)
    i.prvAddNewTaskToReadyList               0x0800200c   Section        0  tasks.o(i.prvAddNewTaskToReadyList)
    prvAddNewTaskToReadyList                 0x0800200d   Thumb Code   156  tasks.o(i.prvAddNewTaskToReadyList)
    i.prvCheckForValidListAndQueue           0x080020c4   Section        0  timers.o(i.prvCheckForValidListAndQueue)
    prvCheckForValidListAndQueue             0x080020c5   Thumb Code    72  timers.o(i.prvCheckForValidListAndQueue)
    i.prvCheckTasksWaitingTermination        0x08002128   Section        0  tasks.o(i.prvCheckTasksWaitingTermination)
    prvCheckTasksWaitingTermination          0x08002129   Thumb Code    86  tasks.o(i.prvCheckTasksWaitingTermination)
    i.prvCopyDataFromQueue                   0x0800218c   Section        0  queue.o(i.prvCopyDataFromQueue)
    prvCopyDataFromQueue                     0x0800218d   Thumb Code    42  queue.o(i.prvCopyDataFromQueue)
    i.prvCopyDataToQueue                     0x080021b6   Section        0  queue.o(i.prvCopyDataToQueue)
    prvCopyDataToQueue                       0x080021b7   Thumb Code   124  queue.o(i.prvCopyDataToQueue)
    i.prvDeleteTCB                           0x08002232   Section        0  tasks.o(i.prvDeleteTCB)
    prvDeleteTCB                             0x08002233   Thumb Code    18  tasks.o(i.prvDeleteTCB)
    i.prvGetNextExpireTime                   0x08002244   Section        0  timers.o(i.prvGetNextExpireTime)
    prvGetNextExpireTime                     0x08002245   Thumb Code    36  timers.o(i.prvGetNextExpireTime)
    i.prvHardware_Init                       0x0800226c   Section        0  main.o(i.prvHardware_Init)
    i.prvHeapInit                            0x080022a0   Section        0  heap_4.o(i.prvHeapInit)
    prvHeapInit                              0x080022a1   Thumb Code    98  heap_4.o(i.prvHeapInit)
    i.prvIdleTask                            0x0800231c   Section        0  tasks.o(i.prvIdleTask)
    prvIdleTask                              0x0800231d   Thumb Code    32  tasks.o(i.prvIdleTask)
    i.prvInitialiseNewQueue                  0x08002344   Section        0  queue.o(i.prvInitialiseNewQueue)
    prvInitialiseNewQueue                    0x08002345   Thumb Code    46  queue.o(i.prvInitialiseNewQueue)
    i.prvInitialiseNewTask                   0x08002374   Section        0  tasks.o(i.prvInitialiseNewTask)
    prvInitialiseNewTask                     0x08002375   Thumb Code   170  tasks.o(i.prvInitialiseNewTask)
    i.prvInitialiseTaskLists                 0x08002444   Section        0  tasks.o(i.prvInitialiseTaskLists)
    prvInitialiseTaskLists                   0x08002445   Thumb Code    70  tasks.o(i.prvInitialiseTaskLists)
    i.prvInsertBlockIntoFreeList             0x080024ac   Section        0  heap_4.o(i.prvInsertBlockIntoFreeList)
    prvInsertBlockIntoFreeList               0x080024ad   Thumb Code    96  heap_4.o(i.prvInsertBlockIntoFreeList)
    i.prvInsertTimerInActiveList             0x08002514   Section        0  timers.o(i.prvInsertTimerInActiveList)
    prvInsertTimerInActiveList               0x08002515   Thumb Code    80  timers.o(i.prvInsertTimerInActiveList)
    i.prvIsQueueEmpty                        0x0800256c   Section        0  queue.o(i.prvIsQueueEmpty)
    prvIsQueueEmpty                          0x0800256d   Thumb Code    26  queue.o(i.prvIsQueueEmpty)
    i.prvIsQueueFull                         0x08002586   Section        0  queue.o(i.prvIsQueueFull)
    prvIsQueueFull                           0x08002587   Thumb Code    30  queue.o(i.prvIsQueueFull)
    i.prvNotifyQueueSetContainer             0x080025a4   Section        0  queue.o(i.prvNotifyQueueSetContainer)
    prvNotifyQueueSetContainer               0x080025a5   Thumb Code   124  queue.o(i.prvNotifyQueueSetContainer)
    i.prvProcessExpiredTimer                 0x08002644   Section        0  timers.o(i.prvProcessExpiredTimer)
    prvProcessExpiredTimer                   0x08002645   Thumb Code    84  timers.o(i.prvProcessExpiredTimer)
    i.prvProcessReceivedCommands             0x080026c4   Section        0  timers.o(i.prvProcessReceivedCommands)
    prvProcessReceivedCommands               0x080026c5   Thumb Code   254  timers.o(i.prvProcessReceivedCommands)
    i.prvProcessTimerOrBlockTask             0x080027f0   Section        0  timers.o(i.prvProcessTimerOrBlockTask)
    prvProcessTimerOrBlockTask               0x080027f1   Thumb Code   102  timers.o(i.prvProcessTimerOrBlockTask)
    i.prvResetNextTaskUnblockTime            0x08002864   Section        0  tasks.o(i.prvResetNextTaskUnblockTime)
    prvResetNextTaskUnblockTime              0x08002865   Thumb Code    42  tasks.o(i.prvResetNextTaskUnblockTime)
    i.prvSampleTimeNow                       0x08002898   Section        0  timers.o(i.prvSampleTimeNow)
    prvSampleTimeNow                         0x08002899   Thumb Code    40  timers.o(i.prvSampleTimeNow)
    i.prvSwitchTimerLists                    0x080028c4   Section        0  timers.o(i.prvSwitchTimerLists)
    prvSwitchTimerLists                      0x080028c5   Thumb Code   140  timers.o(i.prvSwitchTimerLists)
    i.prvTaskExitError                       0x08002980   Section        0  port.o(i.prvTaskExitError)
    prvTaskExitError                         0x08002981   Thumb Code    50  port.o(i.prvTaskExitError)
    i.prvTimerTask                           0x080029f4   Section        0  timers.o(i.prvTimerTask)
    prvTimerTask                             0x080029f5   Thumb Code    26  timers.o(i.prvTimerTask)
    i.prvUnlockQueue                         0x08002a0e   Section        0  queue.o(i.prvUnlockQueue)
    prvUnlockQueue                           0x08002a0f   Thumb Code   146  queue.o(i.prvUnlockQueue)
    i.pvPortMalloc                           0x08002aa0   Section        0  heap_4.o(i.pvPortMalloc)
    i.pvTaskIncrementMutexHeldCount          0x08002bf4   Section        0  tasks.o(i.pvTaskIncrementMutexHeldCount)
    i.pxPortInitialiseStack                  0x08002c14   Section        0  port.o(i.pxPortInitialiseStack)
    i.start_task                             0x08002c40   Section        0  test_task.o(i.start_task)
    i.uart_init                              0x08002cac   Section        0  usart.o(i.uart_init)
    i.uxListRemove                           0x08002d58   Section        0  list.o(i.uxListRemove)
    i.vListInitialise                        0x08002d80   Section        0  list.o(i.vListInitialise)
    i.vListInitialiseItem                    0x08002d9a   Section        0  list.o(i.vListInitialiseItem)
    i.vListInsert                            0x08002da0   Section        0  list.o(i.vListInsert)
    i.vListInsertEnd                         0x08002dd4   Section        0  list.o(i.vListInsertEnd)
    i.vPortEnterCritical                     0x08002dec   Section        0  port.o(i.vPortEnterCritical)
    i.vPortExitCritical                      0x08002e74   Section        0  port.o(i.vPortExitCritical)
    i.vPortFree                              0x08002ee4   Section        0  heap_4.o(i.vPortFree)
    i.vPortSetupTimerInterrupt               0x08002f9c   Section        0  port.o(i.vPortSetupTimerInterrupt)
    i.vPortValidateInterruptPriority         0x08002fbc   Section        0  port.o(i.vPortValidateInterruptPriority)
    i.vQueueAddToRegistry                    0x0800305c   Section        0  queue.o(i.vQueueAddToRegistry)
    i.vQueueWaitForMessageRestricted         0x08003088   Section        0  queue.o(i.vQueueWaitForMessageRestricted)
    i.vTaskDelete                            0x080030d4   Section        0  tasks.o(i.vTaskDelete)
    i.vTaskMissedYield                       0x080031e0   Section        0  tasks.o(i.vTaskMissedYield)
    i.vTaskPlaceOnEventList                  0x080031ec   Section        0  tasks.o(i.vTaskPlaceOnEventList)
    i.vTaskPlaceOnEventListRestricted        0x08003240   Section        0  tasks.o(i.vTaskPlaceOnEventListRestricted)
    i.vTaskPriorityInherit                   0x0800329c   Section        0  tasks.o(i.vTaskPriorityInherit)
    i.vTaskSetTimeOutState                   0x0800334c   Section        0  tasks.o(i.vTaskSetTimeOutState)
    i.vTaskStartScheduler                    0x08003398   Section        0  tasks.o(i.vTaskStartScheduler)
    i.vTaskSuspendAll                        0x08003444   Section        0  tasks.o(i.vTaskSuspendAll)
    i.vTaskSwitchContext                     0x08003454   Section        0  tasks.o(i.vTaskSwitchContext)
    i.xPortStartScheduler                    0x080034fc   Section        0  port.o(i.xPortStartScheduler)
    i.xPortSysTickHandler                    0x08003658   Section        0  port.o(i.xPortSysTickHandler)
    i.xQueueGenericCreate                    0x0800368c   Section        0  queue.o(i.xQueueGenericCreate)
    i.xQueueGenericReceive                   0x08003700   Section        0  queue.o(i.xQueueGenericReceive)
    i.xQueueGenericReset                     0x080038c8   Section        0  queue.o(i.xQueueGenericReset)
    i.xQueueGenericSend                      0x08003978   Section        0  queue.o(i.xQueueGenericSend)
    i.xQueueGenericSendFromISR               0x08003b3c   Section        0  queue.o(i.xQueueGenericSendFromISR)
    i.xQueueGiveFromISR                      0x08003c4c   Section        0  queue.o(i.xQueueGiveFromISR)
    i.xTaskCheckForTimeOut                   0x08003d48   Section        0  tasks.o(i.xTaskCheckForTimeOut)
    i.xTaskCreate                            0x08003de8   Section        0  tasks.o(i.xTaskCreate)
    i.xTaskGetSchedulerState                 0x08003e48   Section        0  tasks.o(i.xTaskGetSchedulerState)
    i.xTaskGetTickCount                      0x08003e68   Section        0  tasks.o(i.xTaskGetTickCount)
    i.xTaskIncrementTick                     0x08003e74   Section        0  tasks.o(i.xTaskIncrementTick)
    i.xTaskPriorityDisinherit                0x08003fd4   Section        0  tasks.o(i.xTaskPriorityDisinherit)
    i.xTaskRemoveFromEventList               0x080040ac   Section        0  tasks.o(i.xTaskRemoveFromEventList)
    i.xTaskResumeAll                         0x08004160   Section        0  tasks.o(i.xTaskResumeAll)
    i.xTimerCreateTimerTask                  0x08004280   Section        0  timers.o(i.xTimerCreateTimerTask)
    i.xTimerGenericCommand                   0x080042f4   Section        0  timers.o(i.xTimerGenericCommand)
    .constdata                               0x08004398   Section      129  ctype_o.o(.constdata)
    .constdata                               0x0800441c   Section        4  ctype_o.o(.constdata)
    table                                    0x0800441c   Data           4  ctype_o.o(.constdata)
    .data                                    0x20000000   Section       20  system_stm32f4xx.o(.data)
    .data                                    0x20000014   Section       68  main.o(.data)
    .data                                    0x20000058   Section        4  usart2.o(.data)
    xHigherPriorityTaskWoken                 0x20000058   Data           4  usart2.o(.data)
    .data                                    0x2000005c   Section       24  esp8266.o(.data)
    UsartSend                                0x20000064   Data           4  esp8266.o(.data)
    AT_DataRead                              0x20000068   Data           4  esp8266.o(.data)
    g_at_status                              0x2000006c   Data           4  esp8266.o(.data)
    g_cur_cmd                                0x20000070   Data           4  esp8266.o(.data)
    .data                                    0x20000074   Section        4  delay.o(.data)
    fac_us                                   0x20000074   Data           1  delay.o(.data)
    fac_ms                                   0x20000076   Data           2  delay.o(.data)
    .data                                    0x20000078   Section        6  usart.o(.data)
    .data                                    0x2000007e   Section       16  stm32f4xx_rcc.o(.data)
    APBAHBPrescTable                         0x2000007e   Data          16  stm32f4xx_rcc.o(.data)
    .data                                    0x20000090   Section       60  tasks.o(.data)
    pxDelayedTaskList                        0x20000094   Data           4  tasks.o(.data)
    pxOverflowDelayedTaskList                0x20000098   Data           4  tasks.o(.data)
    uxDeletedTasksWaitingCleanUp             0x2000009c   Data           4  tasks.o(.data)
    uxCurrentNumberOfTasks                   0x200000a0   Data           4  tasks.o(.data)
    xTickCount                               0x200000a4   Data           4  tasks.o(.data)
    uxTopReadyPriority                       0x200000a8   Data           4  tasks.o(.data)
    xSchedulerRunning                        0x200000ac   Data           4  tasks.o(.data)
    uxPendedTicks                            0x200000b0   Data           4  tasks.o(.data)
    xYieldPending                            0x200000b4   Data           4  tasks.o(.data)
    xNumOfOverflows                          0x200000b8   Data           4  tasks.o(.data)
    uxTaskNumber                             0x200000bc   Data           4  tasks.o(.data)
    xNextTaskUnblockTime                     0x200000c0   Data           4  tasks.o(.data)
    xIdleTaskHandle                          0x200000c4   Data           4  tasks.o(.data)
    uxSchedulerSuspended                     0x200000c8   Data           4  tasks.o(.data)
    .data                                    0x200000cc   Section       20  timers.o(.data)
    pxCurrentTimerList                       0x200000cc   Data           4  timers.o(.data)
    pxOverflowTimerList                      0x200000d0   Data           4  timers.o(.data)
    xTimerQueue                              0x200000d4   Data           4  timers.o(.data)
    xTimerTaskHandle                         0x200000d8   Data           4  timers.o(.data)
    xLastTime                                0x200000dc   Data           4  timers.o(.data)
    .data                                    0x200000e0   Section       24  heap_4.o(.data)
    xStart                                   0x200000e0   Data           8  heap_4.o(.data)
    pxEnd                                    0x200000e8   Data           4  heap_4.o(.data)
    xFreeBytesRemaining                      0x200000ec   Data           4  heap_4.o(.data)
    xMinimumEverFreeBytesRemaining           0x200000f0   Data           4  heap_4.o(.data)
    xBlockAllocatedBit                       0x200000f4   Data           4  heap_4.o(.data)
    .data                                    0x200000f8   Section       12  port.o(.data)
    uxCriticalNesting                        0x200000f8   Data           4  port.o(.data)
    ucMaxSysCallPriority                     0x200000fc   Data           1  port.o(.data)
    ulMaxPRIGROUPValue                       0x20000100   Data           4  port.o(.data)
    .bss                                     0x20000104   Section     2160  main.o(.bss)
    .bss                                     0x20000974   Section       64  esp8266.o(.bss)
    recv_buf                                 0x20000974   Data          64  esp8266.o(.bss)
    .bss                                     0x200009b4   Section      200  usart.o(.bss)
    .bss                                     0x20000a7c   Section       64  queue.o(.bss)
    .bss                                     0x20000abc   Section      740  tasks.o(.bss)
    pxReadyTasksLists                        0x20000abc   Data         640  tasks.o(.bss)
    xDelayedTaskList1                        0x20000d3c   Data          20  tasks.o(.bss)
    xDelayedTaskList2                        0x20000d50   Data          20  tasks.o(.bss)
    xPendingReadyList                        0x20000d64   Data          20  tasks.o(.bss)
    xTasksWaitingTermination                 0x20000d78   Data          20  tasks.o(.bss)
    xSuspendedTaskList                       0x20000d8c   Data          20  tasks.o(.bss)
    .bss                                     0x20000da0   Section       40  timers.o(.bss)
    xActiveTimerList1                        0x20000da0   Data          20  timers.o(.bss)
    xActiveTimerList2                        0x20000db4   Data          20  timers.o(.bss)
    .bss                                     0x20000dc8   Section    20480  heap_4.o(.bss)
    ucHeap                                   0x20000dc8   Data       20480  heap_4.o(.bss)
    .bss                                     0x20005dc8   Section       30  test_task.o(.bss)
    STACK                                    0x20005de8   Section     1024  startup_stm32f40_41xxx.o(STACK)

    Global Symbols

    Symbol Name                              Value     Ov Type        Size  Object(Section)

    BuildAttributes$$THM_ISAv4$E$P$D$K$B$S$7EM$VFPi3$EXTD16$VFPS$VFMA$PE$A:L22UL41UL21$X:L11$S22US41US21$IEEE1$IW$USESV6$~STKCKD$USESV7$~SHL$OSPACE$ROPI$EBA8$MICROLIB$REQ8$PRES8$EABIv2 0x00000000   Number         0  anon$$obj.o ABSOLUTE
    __ARM_use_no_argv                        0x00000000   Number         0  main.o ABSOLUTE
    __use_no_errno                           0x00000000   Number         0  useno.o ABSOLUTE
    __use_no_exception_handling              0x00000000   Number         0  useno.o ABSOLUTE
    __use_no_fp                              0x00000000   Number         0  useno.o ABSOLUTE
    __use_no_heap                            0x00000000   Number         0  useno.o ABSOLUTE
    __use_no_heap_region                     0x00000000   Number         0  useno.o ABSOLUTE
    __use_no_semihosting                     0x00000000   Number         0  useno.o ABSOLUTE
    __use_no_semihosting_swi                 0x00000000   Number         0  useno.o ABSOLUTE
    __use_no_signal_handling                 0x00000000   Number         0  useno.o ABSOLUTE
    _printf_a                                0x00000000   Number         0  stubs.o ABSOLUTE
    _printf_c                                0x00000000   Number         0  stubs.o ABSOLUTE
    _printf_charcount                        0x00000000   Number         0  stubs.o ABSOLUTE
    _printf_d                                0x00000000   Number         0  stubs.o ABSOLUTE
    _printf_e                                0x00000000   Number         0  stubs.o ABSOLUTE
    _printf_f                                0x00000000   Number         0  stubs.o ABSOLUTE
    _printf_flags                            0x00000000   Number         0  stubs.o ABSOLUTE
    _printf_fp_dec                           0x00000000   Number         0  stubs.o ABSOLUTE
    _printf_fp_hex                           0x00000000   Number         0  stubs.o ABSOLUTE
    _printf_g                                0x00000000   Number         0  stubs.o ABSOLUTE
    _printf_i                                0x00000000   Number         0  stubs.o ABSOLUTE
    _printf_int_dec                          0x00000000   Number         0  stubs.o ABSOLUTE
    _printf_l                                0x00000000   Number         0  stubs.o ABSOLUTE
    _printf_lc                               0x00000000   Number         0  stubs.o ABSOLUTE
    _printf_ll                               0x00000000   Number         0  stubs.o ABSOLUTE
    _printf_lld                              0x00000000   Number         0  stubs.o ABSOLUTE
    _printf_lli                              0x00000000   Number         0  stubs.o ABSOLUTE
    _printf_llo                              0x00000000   Number         0  stubs.o ABSOLUTE
    _printf_llu                              0x00000000   Number         0  stubs.o ABSOLUTE
    _printf_llx                              0x00000000   Number         0  stubs.o ABSOLUTE
    _printf_longlong_dec                     0x00000000   Number         0  stubs.o ABSOLUTE
    _printf_longlong_hex                     0x00000000   Number         0  stubs.o ABSOLUTE
    _printf_longlong_oct                     0x00000000   Number         0  stubs.o ABSOLUTE
    _printf_ls                               0x00000000   Number         0  stubs.o ABSOLUTE
    _printf_mbtowc                           0x00000000   Number         0  stubs.o ABSOLUTE
    _printf_n                                0x00000000   Number         0  stubs.o ABSOLUTE
    _printf_o                                0x00000000   Number         0  stubs.o ABSOLUTE
    _printf_p                                0x00000000   Number         0  stubs.o ABSOLUTE
    _printf_percent                          0x00000000   Number         0  stubs.o ABSOLUTE
    _printf_pre_padding                      0x00000000   Number         0  stubs.o ABSOLUTE
    _printf_return_value                     0x00000000   Number         0  stubs.o ABSOLUTE
    _printf_s                                0x00000000   Number         0  stubs.o ABSOLUTE
    _printf_sizespec                         0x00000000   Number         0  stubs.o ABSOLUTE
    _printf_str                              0x00000000   Number         0  stubs.o ABSOLUTE
    _printf_truncate_signed                  0x00000000   Number         0  stubs.o ABSOLUTE
    _printf_truncate_unsigned                0x00000000   Number         0  stubs.o ABSOLUTE
    _printf_u                                0x00000000   Number         0  stubs.o ABSOLUTE
    _printf_wc                               0x00000000   Number         0  stubs.o ABSOLUTE
    _printf_wctomb                           0x00000000   Number         0  stubs.o ABSOLUTE
    _printf_widthprec                        0x00000000   Number         0  stubs.o ABSOLUTE
    _printf_x                                0x00000000   Number         0  stubs.o ABSOLUTE
    __cpp_initialize__aeabi_                  - Undefined Weak Reference
    __cxa_finalize                            - Undefined Weak Reference
    __decompress                              - Undefined Weak Reference
    _clock_init                               - Undefined Weak Reference
    _microlib_exit                            - Undefined Weak Reference
    __Vectors_Size                           0x00000188   Number         0  startup_stm32f40_41xxx.o ABSOLUTE
    __Vectors                                0x08000000   Data           4  startup_stm32f40_41xxx.o(RESET)
    __Vectors_End                            0x08000188   Data           0  startup_stm32f40_41xxx.o(RESET)
    __main                                   0x08000189   Thumb Code     0  entry.o(.ARM.Collect$$$$00000000)
    _main_stk                                0x08000189   Thumb Code     0  entry2.o(.ARM.Collect$$$$00000001)
    _main_scatterload                        0x0800018d   Thumb Code     0  entry5.o(.ARM.Collect$$$$00000004)
    __main_after_scatterload                 0x08000191   Thumb Code     0  entry5.o(.ARM.Collect$$$$00000004)
    _main_clock                              0x08000191   Thumb Code     0  entry7b.o(.ARM.Collect$$$$00000008)
    _main_cpp_init                           0x08000191   Thumb Code     0  entry8b.o(.ARM.Collect$$$$0000000A)
    _main_init                               0x08000191   Thumb Code     0  entry9a.o(.ARM.Collect$$$$0000000B)
    __rt_final_cpp                           0x08000199   Thumb Code     0  entry10a.o(.ARM.Collect$$$$0000000D)
    __rt_final_exit                          0x08000199   Thumb Code     0  entry11a.o(.ARM.Collect$$$$0000000F)
    SVC_Handler                              0x0800019d   Thumb Code    28  port.o(.emb_text)
    __asm___6_port_c_39a90d8d__prvStartFirstTask 0x080001bd   Thumb Code    28  port.o(.emb_text)
    __asm___6_port_c_39a90d8d__prvEnableVFP  0x080001dd   Thumb Code    16  port.o(.emb_text)
    PendSV_Handler                           0x080001f1   Thumb Code    88  port.o(.emb_text)
    vPortGetIPSR                             0x0800024d   Thumb Code     6  port.o(.emb_text)
    Reset_Handler                            0x08000255   Thumb Code     8  startup_stm32f40_41xxx.o(.text)
    ADC_IRQHandler                           0x0800026f   Thumb Code     0  startup_stm32f40_41xxx.o(.text)
    CAN1_RX0_IRQHandler                      0x0800026f   Thumb Code     0  startup_stm32f40_41xxx.o(.text)
    CAN1_RX1_IRQHandler                      0x0800026f   Thumb Code     0  startup_stm32f40_41xxx.o(.text)
    CAN1_SCE_IRQHandler                      0x0800026f   Thumb Code     0  startup_stm32f40_41xxx.o(.text)
    CAN1_TX_IRQHandler                       0x0800026f   Thumb Code     0  startup_stm32f40_41xxx.o(.text)
    CAN2_RX0_IRQHandler                      0x0800026f   Thumb Code     0  startup_stm32f40_41xxx.o(.text)
    CAN2_RX1_IRQHandler                      0x0800026f   Thumb Code     0  startup_stm32f40_41xxx.o(.text)
    CAN2_SCE_IRQHandler                      0x0800026f   Thumb Code     0  startup_stm32f40_41xxx.o(.text)
    CAN2_TX_IRQHandler                       0x0800026f   Thumb Code     0  startup_stm32f40_41xxx.o(.text)
    CRYP_IRQHandler                          0x0800026f   Thumb Code     0  startup_stm32f40_41xxx.o(.text)
    DCMI_IRQHandler                          0x0800026f   Thumb Code     0  startup_stm32f40_41xxx.o(.text)
    DMA1_Stream0_IRQHandler                  0x0800026f   Thumb Code     0  startup_stm32f40_41xxx.o(.text)
    DMA1_Stream1_IRQHandler                  0x0800026f   Thumb Code     0  startup_stm32f40_41xxx.o(.text)
    DMA1_Stream2_IRQHandler                  0x0800026f   Thumb Code     0  startup_stm32f40_41xxx.o(.text)
    DMA1_Stream3_IRQHandler                  0x0800026f   Thumb Code     0  startup_stm32f40_41xxx.o(.text)
    DMA1_Stream4_IRQHandler                  0x0800026f   Thumb Code     0  startup_stm32f40_41xxx.o(.text)
    DMA1_Stream5_IRQHandler                  0x0800026f   Thumb Code     0  startup_stm32f40_41xxx.o(.text)
    DMA1_Stream6_IRQHandler                  0x0800026f   Thumb Code     0  startup_stm32f40_41xxx.o(.text)
    DMA1_Stream7_IRQHandler                  0x0800026f   Thumb Code     0  startup_stm32f40_41xxx.o(.text)
    DMA2_Stream0_IRQHandler                  0x0800026f   Thumb Code     0  startup_stm32f40_41xxx.o(.text)
    DMA2_Stream1_IRQHandler                  0x0800026f   Thumb Code     0  startup_stm32f40_41xxx.o(.text)
    DMA2_Stream2_IRQHandler                  0x0800026f   Thumb Code     0  startup_stm32f40_41xxx.o(.text)
    DMA2_Stream3_IRQHandler                  0x0800026f   Thumb Code     0  startup_stm32f40_41xxx.o(.text)
    DMA2_Stream4_IRQHandler                  0x0800026f   Thumb Code     0  startup_stm32f40_41xxx.o(.text)
    DMA2_Stream5_IRQHandler                  0x0800026f   Thumb Code     0  startup_stm32f40_41xxx.o(.text)
    DMA2_Stream6_IRQHandler                  0x0800026f   Thumb Code     0  startup_stm32f40_41xxx.o(.text)
    DMA2_Stream7_IRQHandler                  0x0800026f   Thumb Code     0  startup_stm32f40_41xxx.o(.text)
    ETH_IRQHandler                           0x0800026f   Thumb Code     0  startup_stm32f40_41xxx.o(.text)
    ETH_WKUP_IRQHandler                      0x0800026f   Thumb Code     0  startup_stm32f40_41xxx.o(.text)
    EXTI0_IRQHandler                         0x0800026f   Thumb Code     0  startup_stm32f40_41xxx.o(.text)
    EXTI15_10_IRQHandler                     0x0800026f   Thumb Code     0  startup_stm32f40_41xxx.o(.text)
    EXTI1_IRQHandler                         0x0800026f   Thumb Code     0  startup_stm32f40_41xxx.o(.text)
    EXTI2_IRQHandler                         0x0800026f   Thumb Code     0  startup_stm32f40_41xxx.o(.text)
    EXTI3_IRQHandler                         0x0800026f   Thumb Code     0  startup_stm32f40_41xxx.o(.text)
    EXTI4_IRQHandler                         0x0800026f   Thumb Code     0  startup_stm32f40_41xxx.o(.text)
    EXTI9_5_IRQHandler                       0x0800026f   Thumb Code     0  startup_stm32f40_41xxx.o(.text)
    FLASH_IRQHandler                         0x0800026f   Thumb Code     0  startup_stm32f40_41xxx.o(.text)
    FPU_IRQHandler                           0x0800026f   Thumb Code     0  startup_stm32f40_41xxx.o(.text)
    FSMC_IRQHandler                          0x0800026f   Thumb Code     0  startup_stm32f40_41xxx.o(.text)
    HASH_RNG_IRQHandler                      0x0800026f   Thumb Code     0  startup_stm32f40_41xxx.o(.text)
    I2C1_ER_IRQHandler                       0x0800026f   Thumb Code     0  startup_stm32f40_41xxx.o(.text)
    I2C1_EV_IRQHandler                       0x0800026f   Thumb Code     0  startup_stm32f40_41xxx.o(.text)
    I2C2_ER_IRQHandler                       0x0800026f   Thumb Code     0  startup_stm32f40_41xxx.o(.text)
    I2C2_EV_IRQHandler                       0x0800026f   Thumb Code     0  startup_stm32f40_41xxx.o(.text)
    I2C3_ER_IRQHandler                       0x0800026f   Thumb Code     0  startup_stm32f40_41xxx.o(.text)
    I2C3_EV_IRQHandler                       0x0800026f   Thumb Code     0  startup_stm32f40_41xxx.o(.text)
    OTG_FS_IRQHandler                        0x0800026f   Thumb Code     0  startup_stm32f40_41xxx.o(.text)
    OTG_FS_WKUP_IRQHandler                   0x0800026f   Thumb Code     0  startup_stm32f40_41xxx.o(.text)
    OTG_HS_EP1_IN_IRQHandler                 0x0800026f   Thumb Code     0  startup_stm32f40_41xxx.o(.text)
    OTG_HS_EP1_OUT_IRQHandler                0x0800026f   Thumb Code     0  startup_stm32f40_41xxx.o(.text)
    OTG_HS_IRQHandler                        0x0800026f   Thumb Code     0  startup_stm32f40_41xxx.o(.text)
    OTG_HS_WKUP_IRQHandler                   0x0800026f   Thumb Code     0  startup_stm32f40_41xxx.o(.text)
    PVD_IRQHandler                           0x0800026f   Thumb Code     0  startup_stm32f40_41xxx.o(.text)
    RCC_IRQHandler                           0x0800026f   Thumb Code     0  startup_stm32f40_41xxx.o(.text)
    RTC_Alarm_IRQHandler                     0x0800026f   Thumb Code     0  startup_stm32f40_41xxx.o(.text)
    RTC_WKUP_IRQHandler                      0x0800026f   Thumb Code     0  startup_stm32f40_41xxx.o(.text)
    SDIO_IRQHandler                          0x0800026f   Thumb Code     0  startup_stm32f40_41xxx.o(.text)
    SPI1_IRQHandler                          0x0800026f   Thumb Code     0  startup_stm32f40_41xxx.o(.text)
    SPI2_IRQHandler                          0x0800026f   Thumb Code     0  startup_stm32f40_41xxx.o(.text)
    SPI3_IRQHandler                          0x0800026f   Thumb Code     0  startup_stm32f40_41xxx.o(.text)
    TAMP_STAMP_IRQHandler                    0x0800026f   Thumb Code     0  startup_stm32f40_41xxx.o(.text)
    TIM1_BRK_TIM9_IRQHandler                 0x0800026f   Thumb Code     0  startup_stm32f40_41xxx.o(.text)
    TIM1_CC_IRQHandler                       0x0800026f   Thumb Code     0  startup_stm32f40_41xxx.o(.text)
    TIM1_TRG_COM_TIM11_IRQHandler            0x0800026f   Thumb Code     0  startup_stm32f40_41xxx.o(.text)
    TIM1_UP_TIM10_IRQHandler                 0x0800026f   Thumb Code     0  startup_stm32f40_41xxx.o(.text)
    TIM2_IRQHandler                          0x0800026f   Thumb Code     0  startup_stm32f40_41xxx.o(.text)
    TIM3_IRQHandler                          0x0800026f   Thumb Code     0  startup_stm32f40_41xxx.o(.text)
    TIM4_IRQHandler                          0x0800026f   Thumb Code     0  startup_stm32f40_41xxx.o(.text)
    TIM5_IRQHandler                          0x0800026f   Thumb Code     0  startup_stm32f40_41xxx.o(.text)
    TIM6_DAC_IRQHandler                      0x0800026f   Thumb Code     0  startup_stm32f40_41xxx.o(.text)
    TIM7_IRQHandler                          0x0800026f   Thumb Code     0  startup_stm32f40_41xxx.o(.text)
    TIM8_BRK_TIM12_IRQHandler                0x0800026f   Thumb Code     0  startup_stm32f40_41xxx.o(.text)
    TIM8_CC_IRQHandler                       0x0800026f   Thumb Code     0  startup_stm32f40_41xxx.o(.text)
    TIM8_TRG_COM_TIM14_IRQHandler            0x0800026f   Thumb Code     0  startup_stm32f40_41xxx.o(.text)
    TIM8_UP_TIM13_IRQHandler                 0x0800026f   Thumb Code     0  startup_stm32f40_41xxx.o(.text)
    UART5_IRQHandler                         0x0800026f   Thumb Code     0  startup_stm32f40_41xxx.o(.text)
    USART3_IRQHandler                        0x0800026f   Thumb Code     0  startup_stm32f40_41xxx.o(.text)
    USART6_IRQHandler                        0x0800026f   Thumb Code     0  startup_stm32f40_41xxx.o(.text)
    WWDG_IRQHandler                          0x0800026f   Thumb Code     0  startup_stm32f40_41xxx.o(.text)
    __rt_ctype_table                         0x08000279   Thumb Code     4  ctype_o.o(.text)
    __aeabi_memcpy                           0x08000281   Thumb Code    36  memcpya.o(.text)
    __aeabi_memcpy4                          0x08000281   Thumb Code     0  memcpya.o(.text)
    __aeabi_memcpy8                          0x08000281   Thumb Code     0  memcpya.o(.text)
    __aeabi_memset                           0x080002a5   Thumb Code    14  memseta.o(.text)
    __aeabi_memset4                          0x080002a5   Thumb Code     0  memseta.o(.text)
    __aeabi_memset8                          0x080002a5   Thumb Code     0  memseta.o(.text)
    __aeabi_memclr                           0x080002b3   Thumb Code     4  memseta.o(.text)
    __aeabi_memclr4                          0x080002b3   Thumb Code     0  memseta.o(.text)
    __aeabi_memclr8                          0x080002b3   Thumb Code     0  memseta.o(.text)
    _memset$wrapper                          0x080002b7   Thumb Code    18  memseta.o(.text)
    strstr                                   0x080002c9   Thumb Code    36  strstr.o(.text)
    strlen                                   0x080002ed   Thumb Code    14  strlen.o(.text)
    memcmp                                   0x080002fb   Thumb Code    26  memcmp.o(.text)
    strcpy                                   0x08000315   Thumb Code    18  strcpy.o(.text)
    __aeabi_uidiv                            0x08000327   Thumb Code     0  uidiv.o(.text)
    __aeabi_uidivmod                         0x08000327   Thumb Code    44  uidiv.o(.text)
    __aeabi_uldivmod                         0x08000353   Thumb Code    98  uldiv.o(.text)
    __I$use$fp                               0x080003b5   Thumb Code     0  iusefp.o(.text)
    __aeabi_dadd                             0x080003b5   Thumb Code   322  dadd.o(.text)
    __aeabi_dsub                             0x080004f7   Thumb Code     6  dadd.o(.text)
    __aeabi_drsub                            0x080004fd   Thumb Code     6  dadd.o(.text)
    __aeabi_dmul                             0x08000503   Thumb Code   228  dmul.o(.text)
    __aeabi_ddiv                             0x080005e7   Thumb Code   222  ddiv.o(.text)
    __aeabi_d2ulz                            0x080006c5   Thumb Code    48  dfixul.o(.text)
    __aeabi_cdrcmple                         0x080006f5   Thumb Code    48  cdrcmple.o(.text)
    __scatterload                            0x08000725   Thumb Code    28  init.o(.text)
    __scatterload_rt2                        0x08000725   Thumb Code     0  init.o(.text)
    __aeabi_llsl                             0x08000749   Thumb Code    30  llshl.o(.text)
    _ll_shift_l                              0x08000749   Thumb Code     0  llshl.o(.text)
    __aeabi_llsr                             0x08000767   Thumb Code    32  llushr.o(.text)
    _ll_ushift_r                             0x08000767   Thumb Code     0  llushr.o(.text)
    __aeabi_lasr                             0x08000787   Thumb Code    36  llsshr.o(.text)
    _ll_sshift_r                             0x08000787   Thumb Code     0  llsshr.o(.text)
    _double_round                            0x080007ab   Thumb Code    30  depilogue.o(.text)
    _double_epilogue                         0x080007c9   Thumb Code   156  depilogue.o(.text)
    AT_DataRead_Lock_Init                    0x08000865   Thumb Code    16  esp8266.o(i.AT_DataRead_Lock_Init)
    AT_DataRead_Unlock                       0x08000879   Thumb Code    10  esp8266.o(i.AT_DataRead_Unlock)
    AT_Receive_Char                          0x08000889   Thumb Code    38  esp8266.o(i.AT_Receive_Char)
    AT_TestTask                              0x080008b9   Thumb Code    26  test_task.o(i.AT_TestTask)
    BusFault_Handler                         0x080008e5   Thumb Code     4  stm32f4xx_it.o(i.BusFault_Handler)
    DebugMon_Handler                         0x080008e9   Thumb Code     2  stm32f4xx_it.o(i.DebugMon_Handler)
    ESP8266_PalseTask                        0x080008ed   Thumb Code   156  test_task.o(i.ESP8266_PalseTask)
    Esp8266_Parse_Init                       0x08000995   Thumb Code    18  esp8266.o(i.Esp8266_Parse_Init)
    GPIO_Init                                0x080009ad   Thumb Code   144  stm32f4xx_gpio.o(i.GPIO_Init)
    GPIO_PinAFConfig                         0x08000a3d   Thumb Code    70  stm32f4xx_gpio.o(i.GPIO_PinAFConfig)
    GetATStatus                              0x08000a85   Thumb Code     6  esp8266.o(i.GetATStatus)
    Get_CIPSEND_Result                       0x08000a91   Thumb Code    36  esp8266.o(i.Get_CIPSEND_Result)
    Get_URC_Obj                              0x08000ac5   Thumb Code   264  esp8266.o(i.Get_URC_Obj)
    HardFault_Handler                        0x08000be1   Thumb Code     4  stm32f4xx_it.o(i.HardFault_Handler)
    Is_AT_Response                           0x08000be5   Thumb Code    94  esp8266.o(i.Is_AT_Response)
    KEY_Init                                 0x08000c51   Thumb Code    48  gpio.o(i.KEY_Init)
    MemManage_Handler                        0x08000c85   Thumb Code     4  stm32f4xx_it.o(i.MemManage_Handler)
    NMI_Handler                              0x08000c89   Thumb Code     2  stm32f4xx_it.o(i.NMI_Handler)
    NVIC_Init                                0x08000c8d   Thumb Code   106  misc.o(i.NVIC_Init)
    NVIC_PriorityGroupConfig                 0x08000d05   Thumb Code    10  misc.o(i.NVIC_PriorityGroupConfig)
    RCC_AHB1PeriphClockCmd                   0x08000d19   Thumb Code    26  stm32f4xx_rcc.o(i.RCC_AHB1PeriphClockCmd)
    RCC_APB1PeriphClockCmd                   0x08000d39   Thumb Code    26  stm32f4xx_rcc.o(i.RCC_APB1PeriphClockCmd)
    RCC_APB2PeriphClockCmd                   0x08000d59   Thumb Code    26  stm32f4xx_rcc.o(i.RCC_APB2PeriphClockCmd)
    RCC_GetClocksFreq                        0x08000d79   Thumb Code   214  stm32f4xx_rcc.o(i.RCC_GetClocksFreq)
    RingBuffer_Init                          0x08000e61   Thumb Code    16  ringbuffer.o(i.RingBuffer_Init)
    RingBuffer_ReadByte                      0x08000e71   Thumb Code    72  ringbuffer.o(i.RingBuffer_ReadByte)
    RingBuffer_WriteByte                     0x08000eb9   Thumb Code    52  ringbuffer.o(i.RingBuffer_WriteByte)
    SetATStatus                              0x08000eed   Thumb Code     6  esp8266.o(i.SetATStatus)
    SysTick_CLKSourceConfig                  0x08000fe5   Thumb Code    40  misc.o(i.SysTick_CLKSourceConfig)
    SysTick_Handler                          0x0800100d   Thumb Code    16  delay.o(i.SysTick_Handler)
    SystemInit                               0x0800101d   Thumb Code    88  system_stm32f4xx.o(i.SystemInit)
    UART4_IRQHandler                         0x08001085   Thumb Code    70  usart2.o(i.UART4_IRQHandler)
    UART4_Init                               0x080010e1   Thumb Code   172  usart2.o(i.UART4_Init)
    UART4_Lock_Init                          0x08001195   Thumb Code    16  esp8266.o(i.UART4_Lock_Init)
    UART4_Unlock                             0x080011a9   Thumb Code    10  esp8266.o(i.UART4_Unlock)
    UART_AT_Send                             0x080011b9   Thumb Code    82  esp8266.o(i.UART_AT_Send)
    URC_handler_Init                         0x0800121d   Thumb Code    10  esp8266.o(i.URC_handler_Init)
    USART1_IRQHandler                        0x0800122d   Thumb Code   122  usart.o(i.USART1_IRQHandler)
    USART2_IRQHandler                        0x080012b5   Thumb Code    14  usart2.o(i.USART2_IRQHandler)
    USART2_Init                              0x080012c9   Thumb Code   128  usart2.o(i.USART2_Init)
    USART_Cmd                                0x08001351   Thumb Code    24  stm32f4xx_usart.o(i.USART_Cmd)
    USART_GetFlagStatus                      0x08001369   Thumb Code    26  stm32f4xx_usart.o(i.USART_GetFlagStatus)
    USART_GetITStatus                        0x08001383   Thumb Code    84  stm32f4xx_usart.o(i.USART_GetITStatus)
    USART_ITConfig                           0x080013d7   Thumb Code    74  stm32f4xx_usart.o(i.USART_ITConfig)
    USART_Init                               0x08001421   Thumb Code   204  stm32f4xx_usart.o(i.USART_Init)
    USART_ReceiveData                        0x080014f5   Thumb Code    10  stm32f4xx_usart.o(i.USART_ReceiveData)
    USART_SendData                           0x080014ff   Thumb Code     8  stm32f4xx_usart.o(i.USART_SendData)
    UsageFault_Handler                       0x08001507   Thumb Code     4  stm32f4xx_it.o(i.UsageFault_Handler)
    Usart_SendByte                           0x0800150b   Thumb Code    30  usart2.o(i.Usart_SendByte)
    Usart_SendString                         0x08001529   Thumb Code    38  usart2.o(i.Usart_SendString)
    __0printf                                0x08001551   Thumb Code    22  printfa.o(i.__0printf)
    __1printf                                0x08001551   Thumb Code     0  printfa.o(i.__0printf)
    __2printf                                0x08001551   Thumb Code     0  printfa.o(i.__0printf)
    __c89printf                              0x08001551   Thumb Code     0  printfa.o(i.__0printf)
    printf                                   0x08001551   Thumb Code     0  printfa.o(i.__0printf)
    __scatterload_copy                       0x08001571   Thumb Code    14  handlers.o(i.__scatterload_copy)
    __scatterload_null                       0x0800157f   Thumb Code     2  handlers.o(i.__scatterload_null)
    __scatterload_zeroinit                   0x08001581   Thumb Code    14  handlers.o(i.__scatterload_zeroinit)
    delay_init                               0x08001e45   Thumb Code    58  delay.o(i.delay_init)
    fputc                                    0x08001e89   Thumb Code    24  usart2.o(i.fputc)
    main                                     0x08001ea5   Thumb Code    68  main.o(i.main)
    platform_mutex_init                      0x08001f0d   Thumb Code    32  platform_mutex.o(i.platform_mutex_init)
    platform_mutex_lock                      0x08001f2d   Thumb Code    18  platform_mutex.o(i.platform_mutex_lock)
    platform_mutex_lock_timeout              0x08001f3f   Thumb Code    34  platform_mutex.o(i.platform_mutex_lock_timeout)
    platform_mutex_unlock                    0x08001f61   Thumb Code    18  platform_mutex.o(i.platform_mutex_unlock)
    prvHardware_Init                         0x0800226d   Thumb Code    44  main.o(i.prvHardware_Init)
    pvPortMalloc                             0x08002aa1   Thumb Code   262  heap_4.o(i.pvPortMalloc)
    pvTaskIncrementMutexHeldCount            0x08002bf5   Thumb Code    26  tasks.o(i.pvTaskIncrementMutexHeldCount)
    pxPortInitialiseStack                    0x08002c15   Thumb Code    38  port.o(i.pxPortInitialiseStack)
    start_task                               0x08002c41   Thumb Code    62  test_task.o(i.start_task)
    uart_init                                0x08002cad   Thumb Code   164  usart.o(i.uart_init)
    uxListRemove                             0x08002d59   Thumb Code    40  list.o(i.uxListRemove)
    vListInitialise                          0x08002d81   Thumb Code    26  list.o(i.vListInitialise)
    vListInitialiseItem                      0x08002d9b   Thumb Code     6  list.o(i.vListInitialiseItem)
    vListInsert                              0x08002da1   Thumb Code    52  list.o(i.vListInsert)
    vListInsertEnd                           0x08002dd5   Thumb Code    24  list.o(i.vListInsertEnd)
    vPortEnterCritical                       0x08002ded   Thumb Code    68  port.o(i.vPortEnterCritical)
    vPortExitCritical                        0x08002e75   Thumb Code    48  port.o(i.vPortExitCritical)
    vPortFree                                0x08002ee5   Thumb Code   120  heap_4.o(i.vPortFree)
    vPortSetupTimerInterrupt                 0x08002f9d   Thumb Code    26  port.o(i.vPortSetupTimerInterrupt)
    vPortValidateInterruptPriority           0x08002fbd   Thumb Code    86  port.o(i.vPortValidateInterruptPriority)
    vQueueAddToRegistry                      0x0800305d   Thumb Code    38  queue.o(i.vQueueAddToRegistry)
    vQueueWaitForMessageRestricted           0x08003089   Thumb Code    74  queue.o(i.vQueueWaitForMessageRestricted)
    vTaskDelete                              0x080030d5   Thumb Code   192  tasks.o(i.vTaskDelete)
    vTaskMissedYield                         0x080031e1   Thumb Code     8  tasks.o(i.vTaskMissedYield)
    vTaskPlaceOnEventList                    0x080031ed   Thumb Code    42  tasks.o(i.vTaskPlaceOnEventList)
    vTaskPlaceOnEventListRestricted          0x08003241   Thumb Code    50  tasks.o(i.vTaskPlaceOnEventListRestricted)
    vTaskPriorityInherit                     0x0800329d   Thumb Code   164  tasks.o(i.vTaskPriorityInherit)
    vTaskSetTimeOutState                     0x0800334d   Thumb Code    32  tasks.o(i.vTaskSetTimeOutState)
    vTaskStartScheduler                      0x08003399   Thumb Code   108  tasks.o(i.vTaskStartScheduler)
    vTaskSuspendAll                          0x08003445   Thumb Code    12  tasks.o(i.vTaskSuspendAll)
    vTaskSwitchContext                       0x08003455   Thumb Code   110  tasks.o(i.vTaskSwitchContext)
    xPortStartScheduler                      0x080034fd   Thumb Code   258  port.o(i.xPortStartScheduler)
    xPortSysTickHandler                      0x08003659   Thumb Code    46  port.o(i.xPortSysTickHandler)
    xQueueGenericCreate                      0x0800368d   Thumb Code    78  queue.o(i.xQueueGenericCreate)
    xQueueGenericReceive                     0x08003701   Thumb Code   416  queue.o(i.xQueueGenericReceive)
    xQueueGenericReset                       0x080038c9   Thumb Code   136  queue.o(i.xQueueGenericReset)
    xQueueGenericSend                        0x08003979   Thumb Code   412  queue.o(i.xQueueGenericSend)
    xQueueGenericSendFromISR                 0x08003b3d   Thumb Code   234  queue.o(i.xQueueGenericSendFromISR)
    xQueueGiveFromISR                        0x08003c4d   Thumb Code   216  queue.o(i.xQueueGiveFromISR)
    xTaskCheckForTimeOut                     0x08003d49   Thumb Code   116  tasks.o(i.xTaskCheckForTimeOut)
    xTaskCreate                              0x08003de9   Thumb Code    96  tasks.o(i.xTaskCreate)
    xTaskGetSchedulerState                   0x08003e49   Thumb Code    24  tasks.o(i.xTaskGetSchedulerState)
    xTaskGetTickCount                        0x08003e69   Thumb Code     6  tasks.o(i.xTaskGetTickCount)
    xTaskIncrementTick                       0x08003e75   Thumb Code   272  tasks.o(i.xTaskIncrementTick)
    xTaskPriorityDisinherit                  0x08003fd5   Thumb Code   168  tasks.o(i.xTaskPriorityDisinherit)
    xTaskRemoveFromEventList                 0x080040ad   Thumb Code   118  tasks.o(i.xTaskRemoveFromEventList)
    xTaskResumeAll                           0x08004161   Thumb Code   214  tasks.o(i.xTaskResumeAll)
    xTimerCreateTimerTask                    0x08004281   Thumb Code    56  timers.o(i.xTimerCreateTimerTask)
    xTimerGenericCommand                     0x080042f5   Thumb Code   118  timers.o(i.xTimerGenericCommand)
    __ctype_table                            0x08004398   Data         129  ctype_o.o(.constdata)
    Region$$Table$$Base                      0x08004420   Number         0  anon$$obj.o(Region$$Table)
    Region$$Table$$Limit                     0x08004440   Number         0  anon$$obj.o(Region$$Table)
    SystemCoreClock                          0x20000000   Data           4  system_stm32f4xx.o(.data)
    AHBPrescTable                            0x20000004   Data          16  system_stm32f4xx.o(.data)
    usart_test                               0x20000014   Data           1  main.o(.data)
    queuesend_Task1_Handle                   0x20000018   Data           4  main.o(.data)
    queuesend_Task2_Handle                   0x2000001c   Data           4  main.o(.data)
    queuesend_Task3_Handle                   0x20000020   Data           4  main.o(.data)
    StartTask_handle                         0x20000024   Data           4  main.o(.data)
    led0_task_handle                         0x20000028   Data           4  main.o(.data)
    led1_task_handle                         0x2000002c   Data           4  main.o(.data)
    float_task_handle                        0x20000030   Data           4  main.o(.data)
    ESP8266_Palse_task_handle                0x20000034   Data           4  main.o(.data)
    ESP8266_Write_task_handle                0x20000038   Data           4  main.o(.data)
    AT_Test_task_handle                      0x2000003c   Data           4  main.o(.data)
    x1queuehandle                            0x20000040   Data           4  main.o(.data)
    x2queuehandle                            0x20000044   Data           4  main.o(.data)
    mutexhandle                              0x20000048   Data           4  main.o(.data)
    Esp8266_ParseHandler                     0x2000004c   Data           4  main.o(.data)
    Esp8266_SendHandler                      0x20000050   Data           4  main.o(.data)
    AT_LEN                                   0x20000054   Data           4  main.o(.data)
    URC_Status                               0x2000005c   Data           1  esp8266.o(.data)
    Cur_URC                                  0x20000060   Data           4  esp8266.o(.data)
    __stdout                                 0x20000078   Data           4  usart.o(.data)
    USART_RX_STA                             0x2000007c   Data           2  usart.o(.data)
    pxCurrentTCB                             0x20000090   Data           4  tasks.o(.data)
    usart4_buffer                            0x20000104   Data         100  main.o(.bss)
    test_RingBuffer                          0x20000168   Data        1030  main.o(.bss)
    AT_Data_RingBuffer                       0x2000056e   Data        1030  main.o(.bss)
    USART_RX_BUF                             0x200009b4   Data         200  usart.o(.bss)
    xQueueRegistry                           0x20000a7c   Data          64  queue.o(.bss)
    paser_buf                                0x20005dc8   Data          30  test_task.o(.bss)
    __initial_sp                             0x200061e8   Data           0  startup_stm32f40_41xxx.o(STACK)



==============================================================================

Memory Map of the image

  Image Entry point : 0x08000189

  Load Region LR_IROM1 (Base: 0x08000000, Size: 0x00004544, Max: 0x00100000, ABSOLUTE)

    Execution Region ER_IROM1 (Exec base: 0x08000000, Load base: 0x08000000, Size: 0x00004440, Max: 0x00100000, ABSOLUTE)

    Exec Addr    Load Addr    Size         Type   Attr      Idx    E Section Name        Object

    0x08000000   0x08000000   0x00000188   Data   RO          777    RESET               startup_stm32f40_41xxx.o
    0x08000188   0x08000188   0x00000000   Code   RO         5922  * .ARM.Collect$$$$00000000  mc_w.l(entry.o)
    0x08000188   0x08000188   0x00000004   Code   RO         6235    .ARM.Collect$$$$00000001  mc_w.l(entry2.o)
    0x0800018c   0x0800018c   0x00000004   Code   RO         6238    .ARM.Collect$$$$00000004  mc_w.l(entry5.o)
    0x08000190   0x08000190   0x00000000   Code   RO         6240    .ARM.Collect$$$$00000008  mc_w.l(entry7b.o)
    0x08000190   0x08000190   0x00000000   Code   RO         6242    .ARM.Collect$$$$0000000A  mc_w.l(entry8b.o)
    0x08000190   0x08000190   0x00000008   Code   RO         6243    .ARM.Collect$$$$0000000B  mc_w.l(entry9a.o)
    0x08000198   0x08000198   0x00000000   Code   RO         6245    .ARM.Collect$$$$0000000D  mc_w.l(entry10a.o)
    0x08000198   0x08000198   0x00000000   Code   RO         6247    .ARM.Collect$$$$0000000F  mc_w.l(entry11a.o)
    0x08000198   0x08000198   0x00000004   Code   RO         6236    .ARM.Collect$$$$00002712  mc_w.l(entry2.o)
    0x0800019c   0x0800019c   0x000000b6   Code   RO         4405    .emb_text           port.o
    0x08000252   0x08000252   0x00000002   PAD
    0x08000254   0x08000254   0x00000024   Code   RO          778    .text               startup_stm32f40_41xxx.o
    0x08000278   0x08000278   0x00000008   Code   RO         5925    .text               mc_w.l(ctype_o.o)
    0x08000280   0x08000280   0x00000024   Code   RO         5956    .text               mc_w.l(memcpya.o)
    0x080002a4   0x080002a4   0x00000024   Code   RO         5958    .text               mc_w.l(memseta.o)
    0x080002c8   0x080002c8   0x00000024   Code   RO         5960    .text               mc_w.l(strstr.o)
    0x080002ec   0x080002ec   0x0000000e   Code   RO         5962    .text               mc_w.l(strlen.o)
    0x080002fa   0x080002fa   0x0000001a   Code   RO         5964    .text               mc_w.l(memcmp.o)
    0x08000314   0x08000314   0x00000012   Code   RO         5966    .text               mc_w.l(strcpy.o)
    0x08000326   0x08000326   0x0000002c   Code   RO         6249    .text               mc_w.l(uidiv.o)
    0x08000352   0x08000352   0x00000062   Code   RO         6251    .text               mc_w.l(uldiv.o)
    0x080003b4   0x080003b4   0x00000000   Code   RO         6253    .text               mc_w.l(iusefp.o)
    0x080003b4   0x080003b4   0x0000014e   Code   RO         6254    .text               mf_w.l(dadd.o)
    0x08000502   0x08000502   0x000000e4   Code   RO         6256    .text               mf_w.l(dmul.o)
    0x080005e6   0x080005e6   0x000000de   Code   RO         6258    .text               mf_w.l(ddiv.o)
    0x080006c4   0x080006c4   0x00000030   Code   RO         6260    .text               mf_w.l(dfixul.o)
    0x080006f4   0x080006f4   0x00000030   Code   RO         6262    .text               mf_w.l(cdrcmple.o)
    0x08000724   0x08000724   0x00000024   Code   RO         6264    .text               mc_w.l(init.o)
    0x08000748   0x08000748   0x0000001e   Code   RO         6266    .text               mc_w.l(llshl.o)
    0x08000766   0x08000766   0x00000020   Code   RO         6268    .text               mc_w.l(llushr.o)
    0x08000786   0x08000786   0x00000024   Code   RO         6270    .text               mc_w.l(llsshr.o)
    0x080007aa   0x080007aa   0x000000ba   Code   RO         6272    .text               mf_w.l(depilogue.o)
    0x08000864   0x08000864   0x00000014   Code   RO          467    i.AT_DataRead_Lock_Init  esp8266.o
    0x08000878   0x08000878   0x00000010   Code   RO          468    i.AT_DataRead_Unlock  esp8266.o
    0x08000888   0x08000888   0x00000030   Code   RO          470    i.AT_Receive_Char   esp8266.o
    0x080008b8   0x080008b8   0x0000002c   Code   RO         4530    i.AT_TestTask       test_task.o
    0x080008e4   0x080008e4   0x00000004   Code   RO            3    i.BusFault_Handler  stm32f4xx_it.o
    0x080008e8   0x080008e8   0x00000002   Code   RO            4    i.DebugMon_Handler  stm32f4xx_it.o
    0x080008ea   0x080008ea   0x00000002   PAD
    0x080008ec   0x080008ec   0x000000a8   Code   RO         4531    i.ESP8266_PalseTask  test_task.o
    0x08000994   0x08000994   0x00000018   Code   RO          472    i.Esp8266_Parse_Init  esp8266.o
    0x080009ac   0x080009ac   0x00000090   Code   RO          829    i.GPIO_Init         stm32f4xx_gpio.o
    0x08000a3c   0x08000a3c   0x00000046   Code   RO          830    i.GPIO_PinAFConfig  stm32f4xx_gpio.o
    0x08000a82   0x08000a82   0x00000002   PAD
    0x08000a84   0x08000a84   0x0000000c   Code   RO          473    i.GetATStatus       esp8266.o
    0x08000a90   0x08000a90   0x00000034   Code   RO          474    i.Get_CIPSEND_Result  esp8266.o
    0x08000ac4   0x08000ac4   0x0000011c   Code   RO          475    i.Get_URC_Obj       esp8266.o
    0x08000be0   0x08000be0   0x00000004   Code   RO            5    i.HardFault_Handler  stm32f4xx_it.o
    0x08000be4   0x08000be4   0x0000006c   Code   RO          477    i.Is_AT_Response    esp8266.o
    0x08000c50   0x08000c50   0x00000034   Code   RO          433    i.KEY_Init          gpio.o
    0x08000c84   0x08000c84   0x00000004   Code   RO            6    i.MemManage_Handler  stm32f4xx_it.o
    0x08000c88   0x08000c88   0x00000002   Code   RO            7    i.NMI_Handler       stm32f4xx_it.o
    0x08000c8a   0x08000c8a   0x00000002   PAD
    0x08000c8c   0x08000c8c   0x00000078   Code   RO          784    i.NVIC_Init         misc.o
    0x08000d04   0x08000d04   0x00000014   Code   RO          785    i.NVIC_PriorityGroupConfig  misc.o
    0x08000d18   0x08000d18   0x00000020   Code   RO          926    i.RCC_AHB1PeriphClockCmd  stm32f4xx_rcc.o
    0x08000d38   0x08000d38   0x00000020   Code   RO          935    i.RCC_APB1PeriphClockCmd  stm32f4xx_rcc.o
    0x08000d58   0x08000d58   0x00000020   Code   RO          938    i.RCC_APB2PeriphClockCmd  stm32f4xx_rcc.o
    0x08000d78   0x08000d78   0x000000e8   Code   RO          947    i.RCC_GetClocksFreq  stm32f4xx_rcc.o
    0x08000e60   0x08000e60   0x00000010   Code   RO          603    i.RingBuffer_Init   ringbuffer.o
    0x08000e70   0x08000e70   0x00000048   Code   RO          604    i.RingBuffer_ReadByte  ringbuffer.o
    0x08000eb8   0x08000eb8   0x00000034   Code   RO          605    i.RingBuffer_WriteByte  ringbuffer.o
    0x08000eec   0x08000eec   0x0000000c   Code   RO          478    i.SetATStatus       esp8266.o
    0x08000ef8   0x08000ef8   0x000000ec   Code   RO          163    i.SetSysClock       system_stm32f4xx.o
    0x08000fe4   0x08000fe4   0x00000028   Code   RO          788    i.SysTick_CLKSourceConfig  misc.o
    0x0800100c   0x0800100c   0x00000010   Code   RO          664    i.SysTick_Handler   delay.o
    0x0800101c   0x0800101c   0x00000068   Code   RO          165    i.SystemInit        system_stm32f4xx.o
    0x08001084   0x08001084   0x0000005c   Code   RO          376    i.UART4_IRQHandler  usart2.o
    0x080010e0   0x080010e0   0x000000b4   Code   RO          377    i.UART4_Init        usart2.o
    0x08001194   0x08001194   0x00000014   Code   RO          479    i.UART4_Lock_Init   esp8266.o
    0x080011a8   0x080011a8   0x00000010   Code   RO          480    i.UART4_Unlock      esp8266.o
    0x080011b8   0x080011b8   0x00000064   Code   RO          483    i.UART_AT_Send      esp8266.o
    0x0800121c   0x0800121c   0x00000010   Code   RO          485    i.URC_handler_Init  esp8266.o
    0x0800122c   0x0800122c   0x00000088   Code   RO          722    i.USART1_IRQHandler  usart.o
    0x080012b4   0x080012b4   0x00000014   Code   RO          378    i.USART2_IRQHandler  usart2.o
    0x080012c8   0x080012c8   0x00000088   Code   RO          379    i.USART2_Init       usart2.o
    0x08001350   0x08001350   0x00000018   Code   RO         1320    i.USART_Cmd         stm32f4xx_usart.o
    0x08001368   0x08001368   0x0000001a   Code   RO         1323    i.USART_GetFlagStatus  stm32f4xx_usart.o
    0x08001382   0x08001382   0x00000054   Code   RO         1324    i.USART_GetITStatus  stm32f4xx_usart.o
    0x080013d6   0x080013d6   0x0000004a   Code   RO         1326    i.USART_ITConfig    stm32f4xx_usart.o
    0x08001420   0x08001420   0x000000d4   Code   RO         1327    i.USART_Init        stm32f4xx_usart.o
    0x080014f4   0x080014f4   0x0000000a   Code   RO         1334    i.USART_ReceiveData  stm32f4xx_usart.o
    0x080014fe   0x080014fe   0x00000008   Code   RO         1337    i.USART_SendData    stm32f4xx_usart.o
    0x08001506   0x08001506   0x00000004   Code   RO            8    i.UsageFault_Handler  stm32f4xx_it.o
    0x0800150a   0x0800150a   0x0000001e   Code   RO          380    i.Usart_SendByte    usart2.o
    0x08001528   0x08001528   0x00000026   Code   RO          381    i.Usart_SendString  usart2.o
    0x0800154e   0x0800154e   0x00000002   PAD
    0x08001550   0x08001550   0x00000020   Code   RO         6205    i.__0printf         mc_w.l(printfa.o)
    0x08001570   0x08001570   0x0000000e   Code   RO         6276    i.__scatterload_copy  mc_w.l(handlers.o)
    0x0800157e   0x0800157e   0x00000002   Code   RO         6277    i.__scatterload_null  mc_w.l(handlers.o)
    0x08001580   0x08001580   0x0000000e   Code   RO         6278    i.__scatterload_zeroinit  mc_w.l(handlers.o)
    0x0800158e   0x0800158e   0x00000002   PAD
    0x08001590   0x08001590   0x00000184   Code   RO         6212    i._fp_digits        mc_w.l(printfa.o)
    0x08001714   0x08001714   0x000006dc   Code   RO         6213    i._printf_core      mc_w.l(printfa.o)
    0x08001df0   0x08001df0   0x00000024   Code   RO         6214    i._printf_post_padding  mc_w.l(printfa.o)
    0x08001e14   0x08001e14   0x0000002e   Code   RO         6215    i._printf_pre_padding  mc_w.l(printfa.o)
    0x08001e42   0x08001e42   0x00000002   PAD
    0x08001e44   0x08001e44   0x00000044   Code   RO          665    i.delay_init        delay.o
    0x08001e88   0x08001e88   0x0000001c   Code   RO          382    i.fputc             usart2.o
    0x08001ea4   0x08001ea4   0x00000068   Code   RO          342    i.main              main.o
    0x08001f0c   0x08001f0c   0x00000020   Code   RO         5738    i.platform_mutex_init  platform_mutex.o
    0x08001f2c   0x08001f2c   0x00000012   Code   RO         5739    i.platform_mutex_lock  platform_mutex.o
    0x08001f3e   0x08001f3e   0x00000022   Code   RO         5740    i.platform_mutex_lock_timeout  platform_mutex.o
    0x08001f60   0x08001f60   0x00000012   Code   RO         5742    i.platform_mutex_unlock  platform_mutex.o
    0x08001f72   0x08001f72   0x00000002   PAD
    0x08001f74   0x08001f74   0x00000098   Code   RO         3842    i.prvAddCurrentTaskToDelayedList  tasks.o
    0x0800200c   0x0800200c   0x000000b8   Code   RO         3843    i.prvAddNewTaskToReadyList  tasks.o
    0x080020c4   0x080020c4   0x00000064   Code   RO         4210    i.prvCheckForValidListAndQueue  timers.o
    0x08002128   0x08002128   0x00000064   Code   RO         3844    i.prvCheckTasksWaitingTermination  tasks.o
    0x0800218c   0x0800218c   0x0000002a   Code   RO         3601    i.prvCopyDataFromQueue  queue.o
    0x080021b6   0x080021b6   0x0000007c   Code   RO         3602    i.prvCopyDataToQueue  queue.o
    0x08002232   0x08002232   0x00000012   Code   RO         3845    i.prvDeleteTCB      tasks.o
    0x08002244   0x08002244   0x00000028   Code   RO         4211    i.prvGetNextExpireTime  timers.o
    0x0800226c   0x0800226c   0x00000034   Code   RO          343    i.prvHardware_Init  main.o
    0x080022a0   0x080022a0   0x0000007c   Code   RO         4348    i.prvHeapInit       heap_4.o
    0x0800231c   0x0800231c   0x00000028   Code   RO         3846    i.prvIdleTask       tasks.o
    0x08002344   0x08002344   0x0000002e   Code   RO         3604    i.prvInitialiseNewQueue  queue.o
    0x08002372   0x08002372   0x00000002   PAD
    0x08002374   0x08002374   0x000000d0   Code   RO         3847    i.prvInitialiseNewTask  tasks.o
    0x08002444   0x08002444   0x00000068   Code   RO         3848    i.prvInitialiseTaskLists  tasks.o
    0x080024ac   0x080024ac   0x00000068   Code   RO         4349    i.prvInsertBlockIntoFreeList  heap_4.o
    0x08002514   0x08002514   0x00000058   Code   RO         4213    i.prvInsertTimerInActiveList  timers.o
    0x0800256c   0x0800256c   0x0000001a   Code   RO         3605    i.prvIsQueueEmpty   queue.o
    0x08002586   0x08002586   0x0000001e   Code   RO         3606    i.prvIsQueueFull    queue.o
    0x080025a4   0x080025a4   0x000000a0   Code   RO         3607    i.prvNotifyQueueSetContainer  queue.o
    0x08002644   0x08002644   0x00000080   Code   RO         4214    i.prvProcessExpiredTimer  timers.o
    0x080026c4   0x080026c4   0x0000012c   Code   RO         4215    i.prvProcessReceivedCommands  timers.o
    0x080027f0   0x080027f0   0x00000074   Code   RO         4216    i.prvProcessTimerOrBlockTask  timers.o
    0x08002864   0x08002864   0x00000034   Code   RO         3850    i.prvResetNextTaskUnblockTime  tasks.o
    0x08002898   0x08002898   0x0000002c   Code   RO         4217    i.prvSampleTimeNow  timers.o
    0x080028c4   0x080028c4   0x000000bc   Code   RO         4218    i.prvSwitchTimerLists  timers.o
    0x08002980   0x08002980   0x00000074   Code   RO         4406    i.prvTaskExitError  port.o
    0x080029f4   0x080029f4   0x0000001a   Code   RO         4219    i.prvTimerTask      timers.o
    0x08002a0e   0x08002a0e   0x00000092   Code   RO         3608    i.prvUnlockQueue    queue.o
    0x08002aa0   0x08002aa0   0x00000154   Code   RO         4350    i.pvPortMalloc      heap_4.o
    0x08002bf4   0x08002bf4   0x00000020   Code   RO         3854    i.pvTaskIncrementMutexHeldCount  tasks.o
    0x08002c14   0x08002c14   0x0000002c   Code   RO         4407    i.pxPortInitialiseStack  port.o
    0x08002c40   0x08002c40   0x0000006c   Code   RO         4536    i.start_task        test_task.o
    0x08002cac   0x08002cac   0x000000ac   Code   RO          724    i.uart_init         usart.o
    0x08002d58   0x08002d58   0x00000028   Code   RO         3556    i.uxListRemove      list.o
    0x08002d80   0x08002d80   0x0000001a   Code   RO         3557    i.vListInitialise   list.o
    0x08002d9a   0x08002d9a   0x00000006   Code   RO         3558    i.vListInitialiseItem  list.o
    0x08002da0   0x08002da0   0x00000034   Code   RO         3559    i.vListInsert       list.o
    0x08002dd4   0x08002dd4   0x00000018   Code   RO         3560    i.vListInsertEnd    list.o
    0x08002dec   0x08002dec   0x00000088   Code   RO         4409    i.vPortEnterCritical  port.o
    0x08002e74   0x08002e74   0x00000070   Code   RO         4410    i.vPortExitCritical  port.o
    0x08002ee4   0x08002ee4   0x000000b8   Code   RO         4351    i.vPortFree         heap_4.o
    0x08002f9c   0x08002f9c   0x00000020   Code   RO         4411    i.vPortSetupTimerInterrupt  port.o
    0x08002fbc   0x08002fbc   0x000000a0   Code   RO         4412    i.vPortValidateInterruptPriority  port.o
    0x0800305c   0x0800305c   0x0000002c   Code   RO         3614    i.vQueueAddToRegistry  queue.o
    0x08003088   0x08003088   0x0000004a   Code   RO         3618    i.vQueueWaitForMessageRestricted  queue.o
    0x080030d2   0x080030d2   0x00000002   PAD
    0x080030d4   0x080030d4   0x0000010c   Code   RO         3864    i.vTaskDelete       tasks.o
    0x080031e0   0x080031e0   0x0000000c   Code   RO         3868    i.vTaskMissedYield  tasks.o
    0x080031ec   0x080031ec   0x00000054   Code   RO         3870    i.vTaskPlaceOnEventList  tasks.o
    0x08003240   0x08003240   0x0000005c   Code   RO         3871    i.vTaskPlaceOnEventListRestricted  tasks.o
    0x0800329c   0x0800329c   0x000000b0   Code   RO         3873    i.vTaskPriorityInherit  tasks.o
    0x0800334c   0x0800334c   0x0000004c   Code   RO         3877    i.vTaskSetTimeOutState  tasks.o
    0x08003398   0x08003398   0x000000ac   Code   RO         3878    i.vTaskStartScheduler  tasks.o
    0x08003444   0x08003444   0x00000010   Code   RO         3880    i.vTaskSuspendAll   tasks.o
    0x08003454   0x08003454   0x000000a8   Code   RO         3881    i.vTaskSwitchContext  tasks.o
    0x080034fc   0x080034fc   0x0000015c   Code   RO         4413    i.xPortStartScheduler  port.o
    0x08003658   0x08003658   0x00000034   Code   RO         4414    i.xPortSysTickHandler  port.o
    0x0800368c   0x0800368c   0x00000074   Code   RO         3623    i.xQueueGenericCreate  queue.o
    0x08003700   0x08003700   0x000001c8   Code   RO         3624    i.xQueueGenericReceive  queue.o
    0x080038c8   0x080038c8   0x000000b0   Code   RO         3625    i.xQueueGenericReset  queue.o
    0x08003978   0x08003978   0x000001c4   Code   RO         3626    i.xQueueGenericSend  queue.o
    0x08003b3c   0x08003b3c   0x00000110   Code   RO         3627    i.xQueueGenericSendFromISR  queue.o
    0x08003c4c   0x08003c4c   0x000000fc   Code   RO         3628    i.xQueueGiveFromISR  queue.o
    0x08003d48   0x08003d48   0x000000a0   Code   RO         3882    i.xTaskCheckForTimeOut  tasks.o
    0x08003de8   0x08003de8   0x00000060   Code   RO         3883    i.xTaskCreate       tasks.o
    0x08003e48   0x08003e48   0x00000020   Code   RO         3887    i.xTaskGetSchedulerState  tasks.o
    0x08003e68   0x08003e68   0x0000000c   Code   RO         3888    i.xTaskGetTickCount  tasks.o
    0x08003e74   0x08003e74   0x00000160   Code   RO         3890    i.xTaskIncrementTick  tasks.o
    0x08003fd4   0x08003fd4   0x000000d8   Code   RO         3893    i.xTaskPriorityDisinherit  tasks.o
    0x080040ac   0x080040ac   0x000000b4   Code   RO         3894    i.xTaskRemoveFromEventList  tasks.o
    0x08004160   0x08004160   0x00000120   Code   RO         3896    i.xTaskResumeAll    tasks.o
    0x08004280   0x08004280   0x00000074   Code   RO         4223    i.xTimerCreateTimerTask  timers.o
    0x080042f4   0x080042f4   0x000000a4   Code   RO         4224    i.xTimerGenericCommand  timers.o
    0x08004398   0x08004398   0x00000081   Data   RO         5926    .constdata          mc_w.l(ctype_o.o)
    0x08004419   0x08004419   0x00000003   PAD
    0x0800441c   0x0800441c   0x00000004   Data   RO         5927    .constdata          mc_w.l(ctype_o.o)
    0x08004420   0x08004420   0x00000020   Data   RO         6274    Region$$Table       anon$$obj.o


    Execution Region RW_IRAM1 (Exec base: 0x20000000, Load base: 0x08004440, Size: 0x000061e8, Max: 0x00020000, ABSOLUTE)

    Exec Addr    Load Addr    Size         Type   Attr      Idx    E Section Name        Object

    0x20000000   0x08004440   0x00000014   Data   RW          166    .data               system_stm32f4xx.o
    0x20000014   0x08004454   0x00000044   Data   RW          345    .data               main.o
    0x20000058   0x08004498   0x00000004   Data   RW          383    .data               usart2.o
    0x2000005c   0x0800449c   0x00000018   Data   RW          487    .data               esp8266.o
    0x20000074   0x080044b4   0x00000004   Data   RW          668    .data               delay.o
    0x20000078   0x080044b8   0x00000006   Data   RW          726    .data               usart.o
    0x2000007e   0x080044be   0x00000010   Data   RW          979    .data               stm32f4xx_rcc.o
    0x2000008e   0x080044ce   0x00000002   PAD
    0x20000090   0x080044d0   0x0000003c   Data   RW         3899    .data               tasks.o
    0x200000cc   0x0800450c   0x00000014   Data   RW         4232    .data               timers.o
    0x200000e0   0x08004520   0x00000018   Data   RW         4356    .data               heap_4.o
    0x200000f8   0x08004538   0x0000000c   Data   RW         4415    .data               port.o
    0x20000104        -       0x00000870   Zero   RW          344    .bss                main.o
    0x20000974        -       0x00000040   Zero   RW          486    .bss                esp8266.o
    0x200009b4        -       0x000000c8   Zero   RW          725    .bss                usart.o
    0x20000a7c        -       0x00000040   Zero   RW         3638    .bss                queue.o
    0x20000abc        -       0x000002e4   Zero   RW         3898    .bss                tasks.o
    0x20000da0        -       0x00000028   Zero   RW         4231    .bss                timers.o
    0x20000dc8        -       0x00005000   Zero   RW         4355    .bss                heap_4.o
    0x20005dc8        -       0x0000001e   Zero   RW         4537    .bss                test_task.o
    0x20005de6   0x08004544   0x00000002   PAD
    0x20005de8        -       0x00000400   Zero   RW          775    STACK               startup_stm32f40_41xxx.o


==============================================================================

Image component sizes


      Code (inc. data)   RO Data    RW Data    ZI Data      Debug   Object Name

        84         10          0          4          0       1355   delay.o
       728        122          0         24         64       9220   esp8266.o
         0          0          0          0          0       9432   event_groups.o
        52          4          0          0          0        555   gpio.o
       752        176          0         24      20480       4095   heap_4.o
         0          0          0          0          0     249516   led.o
       148          0          0          0          0       3338   list.o
       156         44          0         68       2160       2570   main.o
       180         24          0          0          0       2153   misc.o
       102          0          0          0          0       3054   platform_mutex.o
      1182        396          0         12          0      11125   port.o
      2416        274          0          0         64      14921   queue.o
       140          0          0          0          0       2387   ringbuffer.o
        36          8        392          0       1024        852   startup_stm32f40_41xxx.o
       214          0          0          0          0       1823   stm32f4xx_gpio.o
        20          0          0          0          0      35633   stm32f4xx_it.o
       328         36          0         16          0       4731   stm32f4xx_rcc.o
       438          8          0          0          0       5625   stm32f4xx_usart.o
       340         32          0         20          0       1829   system_stm32f4xx.o
      3290        834          0         60        740      29530   tasks.o
       320         76          0          0         30       3052   test_task.o
      1310        312          0         20         40       9107   timers.o
       308         22          0          6        200       3332   usart.o
       524         48          0          4          0       4974   usart2.o

    ----------------------------------------------------------------------
     13084       2426        424        260      24804     414209   Object Totals
         0          0         32          0          0          0   (incl. Generated)
        16          0          0          2          2          0   (incl. Padding)

    ----------------------------------------------------------------------

      Code (inc. data)   RO Data    RW Data    ZI Data      Debug   Library Member Name

         8          4        133          0          0         68   ctype_o.o
         0          0          0          0          0          0   entry.o
         0          0          0          0          0          0   entry10a.o
         0          0          0          0          0          0   entry11a.o
         8          4          0          0          0          0   entry2.o
         4          0          0          0          0          0   entry5.o
         0          0          0          0          0          0   entry7b.o
         0          0          0          0          0          0   entry8b.o
         8          4          0          0          0          0   entry9a.o
        30          0          0          0          0          0   handlers.o
        36          8          0          0          0         68   init.o
         0          0          0          0          0          0   iusefp.o
        30          0          0          0          0         68   llshl.o
        36          0          0          0          0         68   llsshr.o
        32          0          0          0          0         68   llushr.o
        26          0          0          0          0         80   memcmp.o
        36          0          0          0          0         68   memcpya.o
        36          0          0          0          0        108   memseta.o
      2258         90          0          0          0        452   printfa.o
        18          0          0          0          0         68   strcpy.o
        14          0          0          0          0         68   strlen.o
        36          0          0          0          0         80   strstr.o
        44          0          0          0          0         80   uidiv.o
        98          0          0          0          0         92   uldiv.o
        48          0          0          0          0         68   cdrcmple.o
       334          0          0          0          0        148   dadd.o
       222          0          0          0          0        100   ddiv.o
       186          0          0          0          0        176   depilogue.o
        48          0          0          0          0         68   dfixul.o
       228          0          0          0          0         96   dmul.o

    ----------------------------------------------------------------------
      3828        110        136          0          0       2092   Library Totals
         4          0          3          0          0          0   (incl. Padding)

    ----------------------------------------------------------------------

      Code (inc. data)   RO Data    RW Data    ZI Data      Debug   Library Name

      2758        110        133          0          0       1436   mc_w.l
      1066          0          0          0          0        656   mf_w.l

    ----------------------------------------------------------------------
      3828        110        136          0          0       2092   Library Totals

    ----------------------------------------------------------------------

==============================================================================


      Code (inc. data)   RO Data    RW Data    ZI Data      Debug   

     16912       2536        560        260      24804     402965   Grand Totals
     16912       2536        560        260      24804     402965   ELF Image Totals
     16912       2536        560        260          0          0   ROM Totals

==============================================================================

    Total RO  Size (Code + RO Data)                17472 (  17.06kB)
    Total RW  Size (RW Data + ZI Data)             25064 (  24.48kB)
    Total ROM Size (Code + RO Data + RW Data)      17732 (  17.32kB)

==============================================================================

