<html>
<body>
<pre>
<h1>µVision Build Log</h1>
<h2>Tool Versions:</h2>
IDE-Version: ¦ÌVision V5.24.2.0
Copyright (C) 2017 ARM Ltd and ARM Germany GmbH. All rights reserved.
License Information: WEWEHO CHEN, WEWEHO, LIC=HN0AE-57175-01JP1-CSGP3-8XHRT-R2U3G
 
Tool Versions:
Toolchain:       MDK-ARM Plus  Version: 5.24.1
Toolchain Path:  D:\Keil_v5\ARM\ARMCC\Bin
C Compiler:      Armcc.exe V5.06 update 5 (build 528)
Assembler:       Armasm.exe V5.06 update 5 (build 528)
Linker/Locator:  ArmLink.exe V5.06 update 5 (build 528)
Library Manager: ArmAr.exe V5.06 update 5 (build 528)
Hex Converter:   FromElf.exe V5.06 update 5 (build 528)
CPU DLL:         SARMCM3.DLL V5.24.1
Dialog DLL:      DARMSTM.DLL V1.68.0.0
Target DLL:      STLink\ST-LINKIII-KEIL_SWO.dll V3.0.1.0
Dialog DLL:      TCM.DLL V1.32.0.0
 
<h2>Project:</h2>
D:\UESTC\FreeRTOS\FreeRTOS_test\USER\LED.uvprojx
Project File Date:  06/20/2025

<h2>Output:</h2>
*** Using Compiler 'V5.06 update 5 (build 528)', folder: 'D:\Keil_v5\ARM\ARMCC\Bin'
Rebuild target 'FreeRTOS'
assembling startup_stm32f40_41xxx.s...
compiling led.c...
compiling sys.c...
compiling stm32f4xx_rcc.c...
compiling stm32f4xx_gpio.c...
compiling system_stm32f4xx.c...
compiling usart.c...
compiling main.c...
compiling stm32f4xx_it.c...
compiling port.c...
compiling list.c...
compiling misc.c...
compiling usart2.c...
compiling stm32f4xx_syscfg.c...
compiling stm32f4xx_usart.c...
compiling croutine.c...
compiling timers.c...
compiling delay.c...
compiling heap_4.c...
compiling queue_receive.c...
compiling queue_send.c...
compiling queue.c...
compiling event_groups.c...
compiling tasks.c...
linking...
Program Size: Code=11416 RO-data=424 RW-data=184 ZI-data=22552  
FromELF: creating hex file...
"..\OBJ\LED.axf" - 0 Error(s), 0 Warning(s).

<h2>Software Packages used:</h2>

Package Vendor: Keil
                http://www.keil.com/pack/Keil.STM32F4xx_DFP.1.0.8.pack
                Keil.STM32F4xx_DFP.1.0.8
                STMicroelectronics STM32F4 Series Device Support, Drivers and Examples

<h2>Collection of Component include folders:</h2>
  .\RTE\_FreeRTOS
  D:\Keil_v5\ARM\PACK\Keil\STM32F4xx_DFP\1.0.8\Device\Include

<h2>Collection of Component Files used:</h2>
Build Time Elapsed:  00:00:01
</pre>
</body>
</html>
